Component: ARM Compiler 5.06 update 7 (build 960) Tool: armlink [4d3601]

==============================================================================

Section Cross References

    car.o(i.PID) refers to daddsub_clz.o(x$fpl$dsub) for __aeabi_dsub
    car.o(i.PID) refers to dmul.o(x$fpl$dmul) for __aeabi_dmul
    car.o(i.PID) refers to daddsub_clz.o(x$fpl$drsb) for __aeabi_drsub
    car.o(i.PID) refers to daddsub_clz.o(x$fpl$dadd) for __aeabi_dadd
    car.o(i.PID) refers to ddiv.o(x$fpl$ddiv) for __aeabi_ddiv
    car.o(i.PID) refers to car.o(i.clip) for clip
    car.o(i.backward) refers to basic.o(x$fpl$basic) for __aeabi_dneg
    car.o(i.backward) refers to car.o(i.leftWheel) for leftWheel
    car.o(i.backward) refers to car.o(i.rightWheel) for rightWheel
    car.o(i.clip) refers to f2d.o(x$fpl$f2d) for __aeabi_f2d
    car.o(i.clip) refers to dleqf.o(x$fpl$dleqf) for __aeabi_cdcmple
    car.o(i.clip) refers to drleqf.o(x$fpl$drleqf) for __aeabi_cdrcmple
    car.o(i.forward) refers to car.o(i.leftWheel) for leftWheel
    car.o(i.forward) refers to car.o(i.rightWheel) for rightWheel
    car.o(i.leftWheel) refers to dleqf.o(x$fpl$dleqf) for __aeabi_cdcmple
    car.o(i.leftWheel) refers to basic.o(x$fpl$basic) for __aeabi_dneg
    car.o(i.leftWheel) refers to timera.o(i.TIMER_A0_PWM_DutyCycle) for TIMER_A0_PWM_DutyCycle
    car.o(i.main) refers to _printf_percent.o(.ARM.Collect$$_printf_percent$$00000000) for _printf_percent
    car.o(i.main) refers to _printf_f.o(.ARM.Collect$$_printf_percent$$00000003) for _printf_f
    car.o(i.main) refers to printf1.o(x$fpl$printf1) for _printf_fp_dec
    car.o(i.main) refers to cortexm.o(.emb_text) for DisableInterrupts
    car.o(i.main) refers to init.o(i.INIT) for INIT
    car.o(i.main) refers to leds.o(i.LED1_On) for LED1_On
    car.o(i.main) refers to uart.o(i.uart0_put) for uart0_put
    car.o(i.main) refers to car.o(i.myDelay) for myDelay
    car.o(i.main) refers to car.o(i.PID) for PID
    car.o(i.main) refers to car.o(i.forward) for forward
    car.o(i.main) refers to leds.o(i.LED1_Off) for LED1_Off
    car.o(i.main) refers to leds.o(i.LED2_On) for LED2_On
    car.o(i.main) refers to noretval__2sprintf.o(.text) for __2sprintf
    car.o(i.main) refers to uart.o(i.uart2_put) for uart2_put
    car.o(i.main) refers to car.o(i.smoothData) for smoothData
    car.o(i.main) refers to car.o(i.stop) for stop
    car.o(i.main) refers to timera.o(i.TIMER_A2_PWM_DutyCycle) for TIMER_A2_PWM_DutyCycle
    car.o(i.main) refers to dmul.o(x$fpl$dmul) for __aeabi_dmul
    car.o(i.main) refers to car.o(i.rightWheel) for rightWheel
    car.o(i.main) refers to car.o(i.leftWheel) for leftWheel
    car.o(i.main) refers to car.o(.bss) for str
    car.o(i.rightWheel) refers to dleqf.o(x$fpl$dleqf) for __aeabi_cdcmple
    car.o(i.rightWheel) refers to basic.o(x$fpl$basic) for __aeabi_dneg
    car.o(i.rightWheel) refers to timera.o(i.TIMER_A0_PWM_DutyCycle) for TIMER_A0_PWM_DutyCycle
    car.o(i.smoothData) refers to car.o(.bss) for map
    car.o(i.smoothData) refers to controlpins.o(.data) for g_sendData
    car.o(i.smoothData) refers to controlpins.o(.bss) for line
    car.o(i.stop) refers to car.o(i.forward) for forward
    controlpins.o(i.CLK_Handler) refers to adc14.o(i.ADC_In) for ADC_In
    controlpins.o(i.CLK_Handler) refers to systicktimer.o(i.DisableSysTickTimer) for DisableSysTickTimer
    controlpins.o(i.CLK_Handler) refers to controlpins.o(.bss) for line
    controlpins.o(i.CLK_Handler) refers to controlpins.o(.data) for pixelCounter
    controlpins.o(i.ControlPin_CLK_Init) refers to timer32.o(i.CalcPeriodFromFrequency) for CalcPeriodFromFrequency
    controlpins.o(i.ControlPin_CLK_Init) refers to systicktimer.o(i.SysTickTimer_Init) for SysTickTimer_Init
    controlpins.o(i.ControlPin_CLK_Init) refers to systicktimer.o(i.DisableSysTickTimer) for DisableSysTickTimer
    controlpins.o(i.ControlPin_CLK_Init) refers to controlpins.o(i.CLK_Handler) for CLK_Handler
    controlpins.o(i.ControlPin_SI_Init) refers to timer32.o(i.CalcPeriodFromFrequency) for CalcPeriodFromFrequency
    controlpins.o(i.ControlPin_SI_Init) refers to timer32.o(i.Timer32_1_Init) for Timer32_1_Init
    controlpins.o(i.ControlPin_SI_Init) refers to controlpins.o(i.SI_Handler) for SI_Handler
    controlpins.o(i.SI_Handler) refers to systicktimer.o(i.EnableSysTickTimer) for EnableSysTickTimer
    cortexm.o(i.Clock_Delay1ms) refers to cortexm.o(.emb_text) for delay
    leds.o(i.LED2_On) refers to leds.o(i.LED2_Off) for LED2_Off
    systicktimer.o(i.SysTickTimer_Init) refers to cortexm.o(.emb_text) for StartCritical
    systicktimer.o(i.SysTickTimer_Init) refers to systicktimer.o(i.DisableSysTickTimer) for DisableSysTickTimer
    systicktimer.o(i.SysTickTimer_Init) refers to systicktimer.o(i.EnableSysTickTimer) for EnableSysTickTimer
    systicktimer.o(i.SysTickTimer_Init) refers to systicktimer.o(.data) for SysTickPeriodicTask
[...]
    rtexit.o(.ARM.exidx) refers to rtexit.o(.ARM.Collect$$rtexit$$00000000) for .ARM.Collect$$rtexit$$00000000
    argv_veneer.o(.emb_text) refers to no_argv.o(.text) for __ARM_get_argv
    rtexit2.o(.ARM.Collect$$rtexit$$00000003) refers to libshutdown.o(.ARM.Collect$$libshutdown$$00000000) for __rt_lib_shutdown
    rtexit2.o(.ARM.Collect$$rtexit$$00000004) refers to sys_exit.o(.text) for _sys_exit
    rtexit2.o(.ARM.exidx) refers to rtexit2.o(.ARM.Collect$$rtexit$$00000001) for .ARM.Collect$$rtexit$$00000001
    rtexit2.o(.ARM.exidx) refers to rtexit2.o(.ARM.Collect$$rtexit$$00000003) for .ARM.Collect$$rtexit$$00000003
    rtexit2.o(.ARM.exidx) refers to rtexit2.o(.ARM.Collect$$rtexit$$00000004) for .ARM.Collect$$rtexit$$00000004
    _get_argv_nomalloc.o(.text) refers (Special) to hrguard.o(.text) for __heap_region$guard
    _get_argv_nomalloc.o(.text) refers to defsig_rtmem_outer.o(.text) for __rt_SIGRTMEM
    _get_argv_nomalloc.o(.text) refers to sys_command.o(.text) for _sys_command_string
    sys_command.o(.text) refers (Special) to use_no_semi.o(.text) for __I$use$semihosting
    sys_command.o(.text) refers (Special) to indicate_semi.o(.text) for __semihosting_library_function
    sys_exit.o(.text) refers (Special) to use_no_semi.o(.text) for __I$use$semihosting
    sys_exit.o(.text) refers (Special) to indicate_semi.o(.text) for __semihosting_library_function
    defsig_rtmem_outer.o(.text) refers to defsig_rtmem_inner.o(.text) for __rt_SIGRTMEM_inner
    defsig_rtmem_outer.o(.text) refers to defsig_exit.o(.text) for __sig_exit
    defsig_rtmem_formal.o(.text) refers to rt_raise.o(.text) for __rt_raise
    libshutdown.o(.ARM.Collect$$libshutdown$$00000000) refers (Special) to libshutdown2.o(.ARM.Collect$$libshutdown$$00000004) for __rt_lib_shutdown_cpp_1
    libshutdown.o(.ARM.Collect$$libshutdown$$00000000) refers (Special) to libshutdown2.o(.ARM.Collect$$libshutdown$$00000002) for __rt_lib_shutdown_fini_1
    libshutdown.o(.ARM.Collect$$libshutdown$$00000000) refers (Special) to libshutdown2.o(.ARM.Collect$$libshutdown$$00000009) for __rt_lib_shutdown_fp_trap_1
    libshutdown.o(.ARM.Collect$$libshutdown$$00000000) refers (Special) to libshutdown2.o(.ARM.Collect$$libshutdown$$00000011) for __rt_lib_shutdown_heap_1
    libshutdown.o(.ARM.Collect$$libshutdown$$00000000) refers (Special) to libshutdown2.o(.ARM.Collect$$libshutdown$$00000012) for __rt_lib_shutdown_return
    libshutdown.o(.ARM.Collect$$libshutdown$$00000000) refers (Special) to libshutdown2.o(.ARM.Collect$$libshutdown$$0000000C) for __rt_lib_shutdown_signal_1
    libshutdown.o(.ARM.Collect$$libshutdown$$00000000) refers (Special) to libshutdown2.o(.ARM.Collect$$libshutdown$$00000006) for __rt_lib_shutdown_stdio_1
    libshutdown.o(.ARM.Collect$$libshutdown$$00000000) refers (Special) to libshutdown2.o(.ARM.Collect$$libshutdown$$0000000E) for __rt_lib_shutdown_user_alloc_1
    rt_raise.o(.text) refers to __raise.o(.text) for __raise
    rt_raise.o(.text) refers to sys_exit.o(.text) for _sys_exit
    defsig_exit.o(.text) refers to sys_exit.o(.text) for _sys_exit
    defsig_rtmem_inner.o(.text) refers to defsig_general.o(.text) for __default_signal_display
    __raise.o(.text) refers to defsig.o(CL$$defsig) for __default_signal_handler
    defsig_general.o(.text) refers to sys_wrch.o(.text) for _ttywrch
    sys_wrch.o(.text) refers (Special) to use_no_semi.o(.text) for __I$use$semihosting
    sys_wrch.o(.text) refers (Special) to indicate_semi.o(.text) for __semihosting_library_function
    defsig.o(CL$$defsig) refers to defsig_rtmem_inner.o(.text) for __rt_SIGRTMEM_inner
    defsig_abrt_inner.o(.text) refers to defsig_general.o(.text) for __default_signal_display
    defsig_fpe_inner.o(.text) refers to defsig_general.o(.text) for __default_signal_display
    defsig_rtred_inner.o(.text) refers to defsig_general.o(.text) for __default_signal_display
    defsig_stak_inner.o(.text) refers to defsig_general.o(.text) for __default_signal_display
    defsig_pvfn_inner.o(.text) refers to defsig_general.o(.text) for __default_signal_display
    defsig_cppl_inner.o(.text) refers to defsig_general.o(.text) for __default_signal_display
    defsig_segv_inner.o(.text) refers to defsig_general.o(.text) for __default_signal_display
    defsig_other.o(.text) refers to defsig_general.o(.text) for __default_signal_display


==============================================================================

Removing Unused input sections from the image.

    Removing car.o(.rev16_text), (4 bytes).
    Removing car.o(.revsh_text), (4 bytes).
    Removing car.o(.rrx_text), (6 bytes).
    Removing car.o(i.backward), (68 bytes).
    Removing adc14.o(.rev16_text), (4 bytes).
    Removing adc14.o(.revsh_text), (4 bytes).
    Removing adc14.o(.rrx_text), (6 bytes).
    Removing controlpins.o(.rev16_text), (4 bytes).
    Removing controlpins.o(.revsh_text), (4 bytes).
    Removing controlpins.o(.rrx_text), (6 bytes).
    Removing cortexm.o(i.Clock_Delay1ms), (22 bytes).
    Removing leds.o(.rev16_text), (4 bytes).
    Removing leds.o(.revsh_text), (4 bytes).
    Removing leds.o(.rrx_text), (6 bytes).
    Removing leds.o(i.LED1_State), (20 bytes).
    Removing switches.o(.rev16_text), (4 bytes).
    Removing switches.o(.revsh_text), (4 bytes).
    Removing switches.o(.rrx_text), (6 bytes).
    Removing switches.o(i.Switch1_Pressed), (20 bytes).
    Removing switches.o(i.Switch2_Pressed), (20 bytes).
    Removing systicktimer.o(.rev16_text), (4 bytes).
    Removing systicktimer.o(.revsh_text), (4 bytes).
    Removing systicktimer.o(.rrx_text), (6 bytes).
    Removing timer32.o(.rev16_text), (4 bytes).
    Removing timer32.o(.revsh_text), (4 bytes).
    Removing timer32.o(.rrx_text), (6 bytes).
    Removing timer32.o(i.MS_Timeout_Handler), (12 bytes).
    Removing timer32.o(i.Timer32_2_Init), (128 bytes).
    Removing timera.o(.rev16_text), (4 bytes).
    Removing timera.o(.revsh_text), (4 bytes).
    Removing timera.o(.rrx_text), (6 bytes).
    Removing uart.o(.rev16_text), (4 bytes).
    Removing uart.o(.revsh_text), (4 bytes).
    Removing uart.o(.rrx_text), (6 bytes).
    Removing uart.o(i.uart0_dataAvailable), (20 bytes).
    Removing uart.o(i.uart0_getchar), (36 bytes).
    Removing uart.o(i.uart2_dataAvailable), (20 bytes).
    Removing uart.o(i.uart2_getchar), (40 bytes).
    Removing init.o(.rev16_text), (4 bytes).
    Removing init.o(.revsh_text), (4 bytes).
    Removing init.o(.rrx_text), (6 bytes).
    Removing system_msp432p4111.o(.rev16_text), (4 bytes).
    Removing system_msp432p4111.o(.revsh_text), (4 bytes).
    Removing system_msp432p4111.o(.rrx_text), (6 bytes).
    Removing system_msp432p4111.o(i.SystemCoreClockUpdate), (628 bytes).

45 unused section(s) (total 1188 bytes) removed from the image.

==============================================================================

Image Symbol Table

    Local Symbols

    Symbol Name                              Value     Ov Type        Size  Object(Section)

    RESET                                    0x00000000   Section      324  startup_msp432p4111_uvision.o(RESET)
    ../clib/angel/boardlib.s                 0x00000000   Number         0  boardinit3.o ABSOLUTE
    ../clib/angel/boardlib.s                 0x00000000   Number         0  boardinit2.o ABSOLUTE
    ../clib/angel/boardlib.s                 0x00000000   Number         0  boardinit1.o ABSOLUTE
    ../clib/angel/boardlib.s                 0x00000000   Number         0  boardshut.o ABSOLUTE
    ../clib/angel/handlers.s                 0x00000000   Number         0  __scatter_copy.o ABSOLUTE
    ../clib/angel/handlers.s                 0x00000000   Number         0  __scatter_zi.o ABSOLUTE
    ../clib/angel/kernel.s                   0x00000000   Number         0  rtexit.o ABSOLUTE
    ../clib/angel/kernel.s                   0x00000000   Number         0  __rtentry2.o ABSOLUTE
    ../clib/angel/kernel.s                   0x00000000   Number         0  rtexit2.o ABSOLUTE
    ../clib/angel/kernel.s                   0x00000000   Number         0  __rtentry4.o ABSOLUTE
    ../clib/angel/kernel.s                   0x00000000   Number         0  __rtentry.o ABSOLUTE
    ../clib/angel/rt.s                       0x00000000   Number         0  rt_locale.o ABSOLUTE
    ../clib/angel/rt.s                       0x00000000   Number         0  rt_locale_intlibspace.o ABSOLUTE
    ../clib/angel/rt.s                       0x00000000   Number         0  rt_raise.o ABSOLUTE
    ../clib/angel/scatter.s                  0x00000000   Number         0  __scatter.o ABSOLUTE
    ../clib/angel/startup.s                  0x00000000   Number         0  __main.o ABSOLUTE
    ../clib/angel/sys.s                      0x00000000   Number         0  use_no_semi.o ABSOLUTE
    ../clib/angel/sys.s                      0x00000000   Number         0  sys_stackheap_outer.o ABSOLUTE
    ../clib/angel/sys.s                      0x00000000   Number         0  libspace.o ABSOLUTE
    ../clib/angel/sys.s                      0x00000000   Number         0  indicate_semi.o ABSOLUTE
    ../clib/angel/sysapp.c                   0x00000000   Number         0  sys_command.o ABSOLUTE
    ../clib/angel/sysapp.c                   0x00000000   Number         0  sys_wrch.o ABSOLUTE
    ../clib/angel/sysapp.c                   0x00000000   Number         0  sys_exit.o ABSOLUTE
    ../clib/armsys.c                         0x00000000   Number         0  _get_argv_nomalloc.o ABSOLUTE
    ../clib/armsys.c                         0x00000000   Number         0  argv_veneer.o ABSOLUTE
    ../clib/armsys.c                         0x00000000   Number         0  argv_veneer.o ABSOLUTE
    ../clib/armsys.c                         0x00000000   Number         0  no_argv.o ABSOLUTE
    ../clib/bigflt.c                         0x00000000   Number         0  bigflt0.o ABSOLUTE
    ../clib/btod.s                           0x00000000   Number         0  btod.o ABSOLUTE
    ../clib/heapalloc.c                      0x00000000   Number         0  hrguard.o ABSOLUTE
    ../clib/heapaux.c                        0x00000000   Number         0  heapauxi.o ABSOLUTE
    ../clib/libinit.s                        0x00000000   Number         0  libshutdown.o ABSOLUTE
    ../clib/libinit.s                        0x00000000   Number         0  libinit.o ABSOLUTE
    ../clib/libinit.s                        0x00000000   Number         0  libinit2.o ABSOLUTE
    ../clib/libinit.s                        0x00000000   Number         0  libshutdown2.o ABSOLUTE
    ../clib/locale.s                         0x00000000   Number         0  lc_numeric_c.o ABSOLUTE
    ../clib/longlong.s                       0x00000000   Number         0  lludiv10.o ABSOLUTE
    ../clib/memcpset.s                       0x00000000   Number         0  strcmpv7m.o ABSOLUTE
    ../clib/printf.c                         0x00000000   Number         0  __printf_flags_ss.o ABSOLUTE
    ../clib/printf.c                         0x00000000   Number         0  __printf_wp.o ABSOLUTE
    ../clib/printf.c                         0x00000000   Number         0  __printf_ss_wp.o ABSOLUTE
    ../clib/printf.c                         0x00000000   Number         0  __printf_flags_ss_wp.o ABSOLUTE
    ../clib/printf.c                         0x00000000   Number         0  _printf_char_common.o ABSOLUTE
    ../clib/printf.c                         0x00000000   Number         0  __printf_flags.o ABSOLUTE
    ../clib/printf.c                         0x00000000   Number         0  noretval__2sprintf.o ABSOLUTE
    ../clib/printf.c                         0x00000000   Number         0  __2sprintf.o ABSOLUTE
    ../clib/printf.c                         0x00000000   Number         0  __printf_flags_wp.o ABSOLUTE
    ../clib/printf.c                         0x00000000   Number         0  __printf_nopercent.o ABSOLUTE
    ../clib/printf.c                         0x00000000   Number         0  __printf_ss.o ABSOLUTE
    ../clib/printf.c                         0x00000000   Number         0  _printf_fp_infnan.o ABSOLUTE
    ../clib/printf.c                         0x00000000   Number         0  __printf.o ABSOLUTE
    ../clib/printf.c                         0x00000000   Number         0  _sputc.o ABSOLUTE
    ../clib/printf.c                         0x00000000   Number         0  _printf_fp_dec.o ABSOLUTE
    ../clib/printf_percent.s                 0x00000000   Number         0  _printf_f.o ABSOLUTE
    ../clib/printf_percent.s                 0x00000000   Number         0  _printf_percent.o ABSOLUTE
    ../clib/printf_percent.s                 0x00000000   Number         0  _printf_percent_end.o ABSOLUTE
    ../clib/signal.c                         0x00000000   Number         0  defsig_other.o ABSOLUTE
    ../clib/signal.c                         0x00000000   Number         0  defsig_segv_inner.o ABSOLUTE
    ../clib/signal.c                         0x00000000   Number         0  defsig_cppl_inner.o ABSOLUTE
    ../clib/signal.c                         0x00000000   Number         0  defsig_pvfn_inner.o ABSOLUTE
    ../clib/signal.c                         0x00000000   Number         0  defsig_stak_inner.o ABSOLUTE
    ../clib/signal.c                         0x00000000   Number         0  defsig_rtred_inner.o ABSOLUTE
    ../clib/signal.c                         0x00000000   Number         0  defsig_fpe_inner.o ABSOLUTE
    ../clib/signal.c                         0x00000000   Number         0  defsig_general.o ABSOLUTE
    ../clib/signal.c                         0x00000000   Number         0  __raise.o ABSOLUTE
    ../clib/signal.c                         0x00000000   Number         0  defsig_rtmem_inner.o ABSOLUTE
    ../clib/signal.c                         0x00000000   Number         0  defsig_exit.o ABSOLUTE
    ../clib/signal.c                         0x00000000   Number         0  defsig_rtmem_formal.o ABSOLUTE
    ../clib/signal.c                         0x00000000   Number         0  defsig_rtmem_outer.o ABSOLUTE
    ../clib/signal.c                         0x00000000   Number         0  defsig_abrt_inner.o ABSOLUTE
    ../clib/signal.s                         0x00000000   Number         0  defsig.o ABSOLUTE
    ../clib/stdlib.c                         0x00000000   Number         0  exit.o ABSOLUTE
    ../fplib/basic.s                         0x00000000   Number         0  basic.o ABSOLUTE
    ../fplib/daddsub.s                       0x00000000   Number         0  daddsub_clz.o ABSOLUTE
    ../fplib/dcmpi.s                         0x00000000   Number         0  dcmpi.o ABSOLUTE
    ../fplib/ddiv.s                          0x00000000   Number         0  ddiv.o ABSOLUTE
    ../fplib/dfixu.s                         0x00000000   Number         0  dfixu.o ABSOLUTE
    ../fplib/dflt.s                          0x00000000   Number         0  dflt_clz.o ABSOLUTE
    ../fplib/dleqf.s                         0x00000000   Number         0  dleqf.o ABSOLUTE
    ../fplib/dmul.s                          0x00000000   Number         0  dmul.o ABSOLUTE
    ../fplib/dnaninf.s                       0x00000000   Number         0  dnaninf.o ABSOLUTE
    ../fplib/dretinf.s                       0x00000000   Number         0  dretinf.o ABSOLUTE
    ../fplib/drleqf.s                        0x00000000   Number         0  drleqf.o ABSOLUTE
    ../fplib/f2d.s                           0x00000000   Number         0  f2d.o ABSOLUTE
    ../fplib/fnaninf.s                       0x00000000   Number         0  fnaninf.o ABSOLUTE
    ../fplib/fpinit.s                        0x00000000   Number         0  fpinit.o ABSOLUTE
    ../fplib/istatus.s                       0x00000000   Number         0  istatus.o ABSOLUTE
    ../fplib/printf1.s                       0x00000000   Number         0  printf1.o ABSOLUTE
    ../fplib/usenofp.s                       0x00000000   Number         0  usenofp.o ABSOLUTE
    ../mathlib/fpclassify.c                  0x00000000   Number         0  fpclassify.o ABSOLUTE
    ADC14.c                                  0x00000000   Number         0  adc14.o ABSOLUTE
    ADC14.c                                  0x00000000   Number         0  adc14.o ABSOLUTE
    Car.c                                    0x00000000   Number         0  car.o ABSOLUTE
    Car.c                                    0x00000000   Number         0  car.o ABSOLUTE
    ControlPins.c                            0x00000000   Number         0  controlpins.o ABSOLUTE
    ControlPins.c                            0x00000000   Number         0  controlpins.o ABSOLUTE
    CortexM.c                                0x00000000   Number         0  cortexm.o ABSOLUTE
    CortexM.c                                0x00000000   Number         0  cortexm.o ABSOLUTE
    Init.c                                   0x00000000   Number         0  init.o ABSOLUTE
    Init.c                                   0x00000000   Number         0  init.o ABSOLUTE
    RTE\Device\MSP432P4111\startup_msp432p4111_uvision.s 0x00000000   Number         0  startup_msp432p4111_uvision.o ABSOLUTE
    RTE\Device\MSP432P4111\system_msp432p4111.c 0x00000000   Number         0  system_msp432p4111.o ABSOLUTE
    RTE\\Device\\MSP432P4111\\system_msp432p4111.c 0x00000000   Number         0  system_msp432p4111.o ABSOLUTE
    SysTickTimer.c                           0x00000000   Number         0  systicktimer.o ABSOLUTE
    SysTickTimer.c                           0x00000000   Number         0  systicktimer.o ABSOLUTE
    Timer32.c                                0x00000000   Number         0  timer32.o ABSOLUTE
    Timer32.c                                0x00000000   Number         0  timer32.o ABSOLUTE
    TimerA.c                                 0x00000000   Number         0  timera.o ABSOLUTE
    TimerA.c                                 0x00000000   Number         0  timera.o ABSOLUTE
    dc.s                                     0x00000000   Number         0  dc.o ABSOLUTE
    leds.c                                   0x00000000   Number         0  leds.o ABSOLUTE
    leds.c                                   0x00000000   Number         0  leds.o ABSOLUTE
    switches.c                               0x00000000   Number         0  switches.o ABSOLUTE
    switches.c                               0x00000000   Number         0  switches.o ABSOLUTE
    uart.c                                   0x00000000   Number         0  uart.o ABSOLUTE
    uart.c                                   0x00000000   Number         0  uart.o ABSOLUTE
    !!!main                                  0x00000144   Section        8  __main.o(!!!main)
    !!!scatter                               0x0000014c   Section       52  __scatter.o(!!!scatter)
    !!handler_copy                           0x00000180   Section       26  __scatter_copy.o(!!handler_copy)
    !!handler_zi                             0x0000019c   Section       28  __scatter_zi.o(!!handler_zi)
    .ARM.Collect$$_printf_percent$$00000000  0x000001b8   Section        0  _printf_percent.o(.ARM.Collect$$_printf_percent$$00000000)
    .ARM.Collect$$_printf_percent$$00000003  0x000001b8   Section        6  _printf_f.o(.ARM.Collect$$_printf_percent$$00000003)
    .ARM.Collect$$_printf_percent$$00000017  0x000001be   Section        4  _printf_percent_end.o(.ARM.Collect$$_printf_percent$$00000017)
    .ARM.Collect$$libinit$$00000000          0x000001c2   Section        2  libinit.o(.ARM.Collect$$libinit$$00000000)
    .ARM.Collect$$libinit$$00000001          0x000001c4   Section        4  libinit2.o(.ARM.Collect$$libinit$$00000001)
    .ARM.Collect$$libinit$$00000004          0x000001c8   Section        0  libinit2.o(.ARM.Collect$$libinit$$00000004)
    .ARM.Collect$$libinit$$0000000A          0x000001c8   Section        0  libinit2.o(.ARM.Collect$$libinit$$0000000A)
    .ARM.Collect$$libinit$$0000000C          0x000001c8   Section        0  libinit2.o(.ARM.Collect$$libinit$$0000000C)
    .ARM.Collect$$libinit$$0000000E          0x000001c8   Section        0  libinit2.o(.ARM.Collect$$libinit$$0000000E)
    .ARM.Collect$$libinit$$0000000F          0x000001c8   Section        6  libinit2.o(.ARM.Collect$$libinit$$0000000F)
    .ARM.Collect$$libinit$$00000011          0x000001ce   Section        0  libinit2.o(.ARM.Collect$$libinit$$00000011)
    .ARM.Collect$$libinit$$00000013          0x000001ce   Section        0  libinit2.o(.ARM.Collect$$libinit$$00000013)
    .ARM.Collect$$libinit$$00000015          0x000001ce   Section        0  libinit2.o(.ARM.Collect$$libinit$$00000015)
    .ARM.Collect$$libinit$$00000016          0x000001ce   Section       10  libinit2.o(.ARM.Collect$$libinit$$00000016)
    .ARM.Collect$$libinit$$00000017          0x000001d8   Section        0  libinit2.o(.ARM.Collect$$libinit$$00000017)
    .ARM.Collect$$libinit$$00000019          0x000001d8   Section        0  libinit2.o(.ARM.Collect$$libinit$$00000019)
    .ARM.Collect$$libinit$$0000001B          0x000001d8   Section        0  libinit2.o(.ARM.Collect$$libinit$$0000001B)
    .ARM.Collect$$libinit$$0000001D          0x000001d8   Section        0  libinit2.o(.ARM.Collect$$libinit$$0000001D)
    .ARM.Collect$$libinit$$0000001F          0x000001d8   Section        0  libinit2.o(.ARM.Collect$$libinit$$0000001F)
    .ARM.Collect$$libinit$$00000021          0x000001d8   Section        0  libinit2.o(.ARM.Collect$$libinit$$00000021)
    .ARM.Collect$$libinit$$00000023          0x000001d8   Section        0  libinit2.o(.ARM.Collect$$libinit$$00000023)
    .ARM.Collect$$libinit$$00000025          0x000001d8   Section        0  libinit2.o(.ARM.Collect$$libinit$$00000025)
    .ARM.Collect$$libinit$$0000002C          0x000001d8   Section        0  libinit2.o(.ARM.Collect$$libinit$$0000002C)
    .ARM.Collect$$libinit$$0000002E          0x000001d8   Section        0  libinit2.o(.ARM.Collect$$libinit$$0000002E)
    .ARM.Collect$$libinit$$00000030          0x000001d8   Section        0  libinit2.o(.ARM.Collect$$libinit$$00000030)
    .ARM.Collect$$libinit$$00000032          0x000001d8   Section        0  libinit2.o(.ARM.Collect$$libinit$$00000032)
    .ARM.Collect$$libinit$$00000033          0x000001d8   Section        2  libinit2.o(.ARM.Collect$$libinit$$00000033)
    .ARM.Collect$$libshutdown$$00000000      0x000001da   Section        2  libshutdown.o(.ARM.Collect$$libshutdown$$00000000)
    .ARM.Collect$$libshutdown$$00000002      0x000001dc   Section        0  libshutdown2.o(.ARM.Collect$$libshutdown$$00000002)
    .ARM.Collect$$libshutdown$$00000004      0x000001dc   Section        0  libshutdown2.o(.ARM.Collect$$libshutdown$$00000004)
    .ARM.Collect$$libshutdown$$00000006      0x000001dc   Section        0  libshutdown2.o(.ARM.Collect$$libshutdown$$00000006)
    .ARM.Collect$$libshutdown$$00000009      0x000001dc   Section        0  libshutdown2.o(.ARM.Collect$$libshutdown$$00000009)
    .ARM.Collect$$libshutdown$$0000000C      0x000001dc   Section        0  libshutdown2.o(.ARM.Collect$$libshutdown$$0000000C)
    .ARM.Collect$$libshutdown$$0000000E      0x000001dc   Section        0  libshutdown2.o(.ARM.Collect$$libshutdown$$0000000E)
    .ARM.Collect$$libshutdown$$00000011      0x000001dc   Section        0  libshutdown2.o(.ARM.Collect$$libshutdown$$00000011)
    .ARM.Collect$$libshutdown$$00000012      0x000001dc   Section        2  libshutdown2.o(.ARM.Collect$$libshutdown$$00000012)
    .ARM.Collect$$rtentry$$00000000          0x000001de   Section        0  __rtentry.o(.ARM.Collect$$rtentry$$00000000)
    .ARM.Collect$$rtentry$$00000002          0x000001de   Section        0  __rtentry2.o(.ARM.Collect$$rtentry$$00000002)
    .ARM.Collect$$rtentry$$00000004          0x000001de   Section        6  __rtentry4.o(.ARM.Collect$$rtentry$$00000004)
    .ARM.Collect$$rtentry$$00000009          0x000001e4   Section        0  __rtentry2.o(.ARM.Collect$$rtentry$$00000009)
    .ARM.Collect$$rtentry$$0000000A          0x000001e4   Section        4  __rtentry2.o(.ARM.Collect$$rtentry$$0000000A)
    .ARM.Collect$$rtentry$$0000000C          0x000001e8   Section        0  __rtentry2.o(.ARM.Collect$$rtentry$$0000000C)
    .ARM.Collect$$rtentry$$0000000D          0x000001e8   Section        8  __rtentry2.o(.ARM.Collect$$rtentry$$0000000D)
    .ARM.Collect$$rtexit$$00000000           0x000001f0   Section        2  rtexit.o(.ARM.Collect$$rtexit$$00000000)
    .ARM.Collect$$rtexit$$00000002           0x000001f2   Section        0  rtexit2.o(.ARM.Collect$$rtexit$$00000002)
    .ARM.Collect$$rtexit$$00000003           0x000001f2   Section        4  rtexit2.o(.ARM.Collect$$rtexit$$00000003)
    .ARM.Collect$$rtexit$$00000004           0x000001f6   Section        6  rtexit2.o(.ARM.Collect$$rtexit$$00000004)
    .emb_text                                0x000001fc   Section       32  cortexm.o(.emb_text)
    $v0                                      0x000001fc   Number         0  cortexm.o(.emb_text)
    .text                                    0x0000021c   Section       64  startup_msp432p4111_uvision.o(.text)
    $v0                                      0x0000021c   Number         0  startup_msp432p4111_uvision.o(.text)
    .text                                    0x0000025c   Section        0  noretval__2sprintf.o(.text)
    .text                                    0x00000284   Section        0  __printf.o(.text)
    .text                                    0x000002ec   Section        0  heapauxi.o(.text)
    .text                                    0x000002f2   Section        0  _printf_fp_dec.o(.text)
    _fp_digits                               0x000002f5   Thumb Code   432  _printf_fp_dec.o(.text)
    .text                                    0x00000710   Section        0  _printf_char_common.o(.text)
    _printf_input_char                       0x00000711   Thumb Code    10  _printf_char_common.o(.text)
    .text                                    0x00000740   Section        0  _sputc.o(.text)
    .text                                    0x0000074c   Section        8  rt_locale_intlibspace.o(.text)
    .text                                    0x00000754   Section      138  lludiv10.o(.text)
    .text                                    0x000007e0   Section        0  _printf_fp_infnan.o(.text)
    .text                                    0x00000860   Section        0  bigflt0.o(.text)
    .text                                    0x00000944   Section        8  libspace.o(.text)
    .text                                    0x0000094c   Section       74  sys_stackheap_outer.o(.text)
    .text                                    0x00000996   Section        0  exit.o(.text)
    .text                                    0x000009a8   Section      128  strcmpv7m.o(.text)
    .text                                    0x00000a28   Section        0  sys_exit.o(.text)
    .text                                    0x00000a34   Section        2  use_no_semi.o(.text)
    .text                                    0x00000a36   Section        0  indicate_semi.o(.text)
    CL$$btod_d2e                             0x00000a36   Section       62  btod.o(CL$$btod_d2e)
    CL$$btod_d2e_denorm_low                  0x00000a74   Section       70  btod.o(CL$$btod_d2e_denorm_low)
    CL$$btod_d2e_norm_op1                    0x00000aba   Section       96  btod.o(CL$$btod_d2e_norm_op1)
    CL$$btod_div_common                      0x00000b1a   Section      824  btod.o(CL$$btod_div_common)
    CL$$btod_e2e                             0x00000e52   Section      220  btod.o(CL$$btod_e2e)
    CL$$btod_ediv                            0x00000f2e   Section       42  btod.o(CL$$btod_ediv)
    CL$$btod_emul                            0x00000f58   Section       42  btod.o(CL$$btod_emul)
    CL$$btod_mult_common                     0x00000f82   Section      580  btod.o(CL$$btod_mult_common)
    i.ADC0_InitSWTriggerCh6                  0x000011c8   Section        0  adc14.o(i.ADC0_InitSWTriggerCh6)
    i.ADC_In                                 0x0000125c   Section        0  adc14.o(i.ADC_In)
    i.CLK_Handler                            0x00001294   Section        0  controlpins.o(i.CLK_Handler)
    i.CalcPeriodFromFrequency                0x000012fc   Section        0  timer32.o(i.CalcPeriodFromFrequency)
    i.ControlPin_CLK_Init                    0x0000134c   Section        0  controlpins.o(i.ControlPin_CLK_Init)
    i.ControlPin_SI_Init                     0x000013c0   Section        0  controlpins.o(i.ControlPin_SI_Init)
    i.DisableSysTickTimer                    0x00001430   Section        0  systicktimer.o(i.DisableSysTickTimer)
    i.EnableSysTickTimer                     0x00001442   Section        0  systicktimer.o(i.EnableSysTickTimer)
    i.INIT                                   0x00001454   Section        0  init.o(i.INIT)
    i.INIT_Camera                            0x00001478   Section        0  init.o(i.INIT_Camera)
    i.INIT_Motors                            0x00001494   Section        0  init.o(i.INIT_Motors)
    i.LED1_Init                              0x00001594   Section        0  leds.o(i.LED1_Init)
    i.LED1_Off                               0x000015d8   Section        0  leds.o(i.LED1_Off)
    i.LED1_On                                0x000015ec   Section        0  leds.o(i.LED1_On)
    i.LED2_Init                              0x00001600   Section        0  leds.o(i.LED2_Init)
    i.LED2_Off                               0x00001680   Section        0  leds.o(i.LED2_Off)
    i.LED2_On                                0x000016a8   Section        0  leds.o(i.LED2_On)
    i.PID                                    0x00001764   Section        0  car.o(i.PID)
    i.SI_Handler                             0x00001908   Section        0  controlpins.o(i.SI_Handler)
    i.Switch1_Init                           0x00001954   Section        0  switches.o(i.Switch1_Init)
    i.Switch2_Init                           0x0000199c   Section        0  switches.o(i.Switch2_Init)
    i.SysTickTimer_Init                      0x000019e4   Section        0  systicktimer.o(i.SysTickTimer_Init)
    i.SysTick_Handler                        0x00001a4c   Section        0  systicktimer.o(i.SysTick_Handler)
    i.SystemInit                             0x00001a68   Section        0  system_msp432p4111.o(i.SystemInit)
    i.T32_INT1_IRQHandler                    0x00001afc   Section        0  timer32.o(i.T32_INT1_IRQHandler)
    i.T32_INT2_IRQHandler                    0x00001b20   Section        0  timer32.o(i.T32_INT2_IRQHandler)
    i.TIMER_A0_PWM_DutyCycle                 0x00001b44   Section        0  timera.o(i.TIMER_A0_PWM_DutyCycle)
    i.TIMER_A0_PWM_Init                      0x00001b88   Section        0  timera.o(i.TIMER_A0_PWM_Init)
    i.TIMER_A2_PWM_DutyCycle                 0x00001cb4   Section        0  timera.o(i.TIMER_A2_PWM_DutyCycle)
    i.TIMER_A2_PWM_Init                      0x00001cf8   Section        0  timera.o(i.TIMER_A2_PWM_Init)
    i.Timer32_1_Init                         0x00001da0   Section        0  timer32.o(i.Timer32_1_Init)
    i.__ARM_fpclassify                       0x00001e24   Section        0  fpclassify.o(i.__ARM_fpclassify)
    i.clip                                   0x00001e54   Section        0  car.o(i.clip)
    i.forward                                0x00001ec8   Section        0  car.o(i.forward)
    i.leftWheel                              0x00001ef4   Section        0  car.o(i.leftWheel)
    i.main                                   0x00001f60   Section        0  car.o(i.main)
    i.myDelay                                0x00002240   Section        0  car.o(i.myDelay)
    i.rightWheel                             0x00002260   Section        0  car.o(i.rightWheel)
    i.smoothData                             0x000022cc   Section        0  car.o(i.smoothData)
    i.stop                                   0x00002424   Section        0  car.o(i.stop)
    i.uart0_init                             0x00002454   Section        0  uart.o(i.uart0_init)
    i.uart0_put                              0x000024dc   Section        0  uart.o(i.uart0_put)
    i.uart0_putchar                          0x000024f4   Section        0  uart.o(i.uart0_putchar)
    i.uart2_init                             0x00002518   Section        0  uart.o(i.uart2_init)
    i.uart2_put                              0x000025ac   Section        0  uart.o(i.uart2_put)
    i.uart2_putchar                          0x000025c4   Section        0  uart.o(i.uart2_putchar)
    locale$$code                             0x000025e8   Section       44  lc_numeric_c.o(locale$$code)
    x$fpl$basic                              0x00002614   Section       24  basic.o(x$fpl$basic)
    $v0                                      0x00002614   Number         0  basic.o(x$fpl$basic)
    x$fpl$dadd                               0x0000262c   Section      336  daddsub_clz.o(x$fpl$dadd)
    $v0                                      0x0000262c   Number         0  daddsub_clz.o(x$fpl$dadd)
    _dadd1                                   0x0000263d   Thumb Code     0  daddsub_clz.o(x$fpl$dadd)
    x$fpl$dcmpinf                            0x0000277c   Section       24  dcmpi.o(x$fpl$dcmpinf)
    $v0                                      0x0000277c   Number         0  dcmpi.o(x$fpl$dcmpinf)
    x$fpl$ddiv                               0x00002794   Section      688  ddiv.o(x$fpl$ddiv)
    $v0                                      0x00002794   Number         0  ddiv.o(x$fpl$ddiv)
    ddiv_entry                               0x0000279b   Thumb Code     0  ddiv.o(x$fpl$ddiv)
    x$fpl$dfixu                              0x00002a44   Section       90  dfixu.o(x$fpl$dfixu)
    $v0                                      0x00002a44   Number         0  dfixu.o(x$fpl$dfixu)
    x$fpl$dfltu                              0x00002a9e   Section       38  dflt_clz.o(x$fpl$dfltu)
    $v0                                      0x00002a9e   Number         0  dflt_clz.o(x$fpl$dfltu)
    x$fpl$dleqf                              0x00002ac4   Section      120  dleqf.o(x$fpl$dleqf)
    $v0                                      0x00002ac4   Number         0  dleqf.o(x$fpl$dleqf)
    x$fpl$dmul                               0x00002b3c   Section      340  dmul.o(x$fpl$dmul)
    $v0                                      0x00002b3c   Number         0  dmul.o(x$fpl$dmul)
    x$fpl$dnaninf                            0x00002c90   Section      156  dnaninf.o(x$fpl$dnaninf)
    $v0                                      0x00002c90   Number         0  dnaninf.o(x$fpl$dnaninf)
    x$fpl$dretinf                            0x00002d2c   Section       12  dretinf.o(x$fpl$dretinf)
    $v0                                      0x00002d2c   Number         0  dretinf.o(x$fpl$dretinf)
    x$fpl$drleqf                             0x00002d38   Section      108  drleqf.o(x$fpl$drleqf)
    $v0                                      0x00002d38   Number         0  drleqf.o(x$fpl$drleqf)
    x$fpl$drsb                               0x00002da4   Section       22  daddsub_clz.o(x$fpl$drsb)
    $v0                                      0x00002da4   Number         0  daddsub_clz.o(x$fpl$drsb)
    x$fpl$dsub                               0x00002dbc   Section      468  daddsub_clz.o(x$fpl$dsub)
    $v0                                      0x00002dbc   Number         0  daddsub_clz.o(x$fpl$dsub)
    _dsub1                                   0x00002dcd   Thumb Code     0  daddsub_clz.o(x$fpl$dsub)
    x$fpl$f2d                                0x00002f90   Section       86  f2d.o(x$fpl$f2d)
    $v0                                      0x00002f90   Number         0  f2d.o(x$fpl$f2d)
    x$fpl$fnaninf                            0x00002fe6   Section      140  fnaninf.o(x$fpl$fnaninf)
    $v0                                      0x00002fe6   Number         0  fnaninf.o(x$fpl$fnaninf)
    x$fpl$fpinit                             0x00003072   Section       10  fpinit.o(x$fpl$fpinit)
    $v0                                      0x00003072   Number         0  fpinit.o(x$fpl$fpinit)
    x$fpl$printf1                            0x0000307c   Section        4  printf1.o(x$fpl$printf1)
    $v0                                      0x0000307c   Number         0  printf1.o(x$fpl$printf1)
    .constdata                               0x00003080   Section      148  bigflt0.o(.constdata)
    x$fpl$usenofp                            0x00003080   Section        0  usenofp.o(x$fpl$usenofp)
    tenpwrs_x                                0x00003080   Data          60  bigflt0.o(.constdata)
    tenpwrs_i                                0x000030bc   Data          64  bigflt0.o(.constdata)
    locale$$data                             0x00003134   Section       28  lc_numeric_c.o(locale$$data)
    __lcnum_c_name                           0x00003138   Data           2  lc_numeric_c.o(locale$$data)
    __lcnum_c_start                          0x00003140   Data           0  lc_numeric_c.o(locale$$data)
    __lcnum_c_point                          0x0000314c   Data           0  lc_numeric_c.o(locale$$data)
    __lcnum_c_thousands                      0x0000314e   Data           0  lc_numeric_c.o(locale$$data)
    __lcnum_c_grouping                       0x0000314f   Data           0  lc_numeric_c.o(locale$$data)
    __lcnum_c_end                            0x00003150   Data           0  lc_numeric_c.o(locale$$data)
    .data                                    0x20000000   Section        9  controlpins.o(.data)
    pixelCounter                             0x20000004   Data           4  controlpins.o(.data)
    .data                                    0x2000000c   Section        8  systicktimer.o(.data)
    .data                                    0x20000018   Section       25  timer32.o(.data)
    timer1Period                             0x20000028   Data           4  timer32.o(.data)
    timer2Period                             0x2000002c   Data           4  timer32.o(.data)
    .data                                    0x20000034   Section        4  system_msp432p4111.o(.data)
    .bss                                     0x20000038   Section      368  car.o(.bss)
    str                                      0x20000038   Data         100  car.o(.bss)
    .bss                                     0x200001a8   Section      256  controlpins.o(.bss)
    .bss                                     0x200002a8   Section       40  timera.o(.bss)
    DEFAULT_PERIOD_A0                        0x200002a8   Data          20  timera.o(.bss)
    DEFAULT_PERIOD_A2                        0x200002bc   Data          20  timera.o(.bss)
    .bss                                     0x200002d0   Section       96  libspace.o(.bss)
    HEAP                                     0x20000330   Section      512  startup_msp432p4111_uvision.o(HEAP)
    Heap_Mem                                 0x20000330   Data         512  startup_msp432p4111_uvision.o(HEAP)
    STACK                                    0x20000530   Section      512  startup_msp432p4111_uvision.o(STACK)
    Stack_Mem                                0x20000530   Data         512  startup_msp432p4111_uvision.o(STACK)
    __initial_sp                             0x20000730   Data           0  startup_msp432p4111_uvision.o(STACK)

    Global Symbols

    Symbol Name                              Value     Ov Type        Size  Object(Section)

    BuildAttributes$$THM_ISAv4$E$P$D$K$B$S$7EM$VFPi3$EXTD16$VFPS$VFMA$PE$A:L22UL41UL21$X:L11$S22US41US21$IEEE1$IW$USESV6$~STKCKD$USESV7$~SHL$OTIME$ROPI$IEEEJ$EBA8$UX$STANDARDLIB$REQ8$PRES8$EABIv2 0x00000000   Number         0  anon$$obj.o ABSOLUTE
    __ARM_use_no_argv                        0x00000000   Number         0  car.o ABSOLUTE
    __Vectors                                0x00000000   Data           4  startup_msp432p4111_uvision.o(RESET)
    __ARM_exceptions_init                     - Undefined Weak Reference
    __alloca_initialize                       - Undefined Weak Reference
    __arm_fini_                               - Undefined Weak Reference
    __arm_preinit_                            - Undefined Weak Reference
    __cpp_initialize__aeabi_                  - Undefined Weak Reference
    __cxa_finalize                            - Undefined Weak Reference
    __sigvec_lookup                           - Undefined Weak Reference
    _atexit_init                              - Undefined Weak Reference
    _call_atexit_fns                          - Undefined Weak Reference
    _clock_init                               - Undefined Weak Reference
    _fp_trap_init                             - Undefined Weak Reference
    _fp_trap_shutdown                         - Undefined Weak Reference
    _get_lc_collate                           - Undefined Weak Reference
    _get_lc_ctype                             - Undefined Weak Reference
    _get_lc_monetary                          - Undefined Weak Reference
    _get_lc_time                              - Undefined Weak Reference
    _getenv_init                              - Undefined Weak Reference
    _handle_redirection                       - Undefined Weak Reference
    _init_alloc                               - Undefined Weak Reference
    _init_user_alloc                          - Undefined Weak Reference
    _initio                                   - Undefined Weak Reference
    _printf_post_padding                      - Undefined Weak Reference
    _printf_pre_padding                       - Undefined Weak Reference
    _rand_init                                - Undefined Weak Reference
    _signal_finish                            - Undefined Weak Reference
    _signal_init                              - Undefined Weak Reference
    _terminate_alloc                          - Undefined Weak Reference
    _terminate_user_alloc                     - Undefined Weak Reference
    _terminateio                              - Undefined Weak Reference
    __Vectors_End                            0x00000144   Data           0  startup_msp432p4111_uvision.o(RESET)
    __Vectors_Size                           0x00000144   Number         0  startup_msp432p4111_uvision.o ABSOLUTE
    __main                                   0x00000145   Thumb Code     8  __main.o(!!!main)
    __scatterload                            0x0000014d   Thumb Code     0  __scatter.o(!!!scatter)
    __scatterload_rt2                        0x0000014d   Thumb Code    44  __scatter.o(!!!scatter)
    __scatterload_rt2_thumb_only             0x0000014d   Thumb Code     0  __scatter.o(!!!scatter)
    __scatterload_null                       0x0000015b   Thumb Code     0  __scatter.o(!!!scatter)
    __scatterload_copy                       0x00000181   Thumb Code    26  __scatter_copy.o(!!handler_copy)
    __scatterload_zeroinit                   0x0000019d   Thumb Code    28  __scatter_zi.o(!!handler_zi)
    _printf_f                                0x000001b9   Thumb Code     0  _printf_f.o(.ARM.Collect$$_printf_percent$$00000003)
    _printf_percent                          0x000001b9   Thumb Code     0  _printf_percent.o(.ARM.Collect$$_printf_percent$$00000000)
    _printf_percent_end                      0x000001bf   Thumb Code     0  _printf_percent_end.o(.ARM.Collect$$_printf_percent$$00000017)
    __rt_lib_init                            0x000001c3   Thumb Code     0  libinit.o(.ARM.Collect$$libinit$$00000000)
    __rt_lib_init_fp_1                       0x000001c5   Thumb Code     0  libinit2.o(.ARM.Collect$$libinit$$00000001)
    __rt_lib_init_heap_1                     0x000001c9   Thumb Code     0  libinit2.o(.ARM.Collect$$libinit$$0000000A)
    __rt_lib_init_lc_common                  0x000001c9   Thumb Code     0  libinit2.o(.ARM.Collect$$libinit$$0000000F)
    __rt_lib_init_preinit_1                  0x000001c9   Thumb Code     0  libinit2.o(.ARM.Collect$$libinit$$00000004)
    __rt_lib_init_rand_1                     0x000001c9   Thumb Code     0  libinit2.o(.ARM.Collect$$libinit$$0000000E)
    __rt_lib_init_user_alloc_1               0x000001c9   Thumb Code     0  libinit2.o(.ARM.Collect$$libinit$$0000000C)
    __rt_lib_init_lc_collate_1               0x000001cf   Thumb Code     0  libinit2.o(.ARM.Collect$$libinit$$00000011)
    __rt_lib_init_lc_ctype_1                 0x000001cf   Thumb Code     0  libinit2.o(.ARM.Collect$$libinit$$00000013)
    __rt_lib_init_lc_monetary_1              0x000001cf   Thumb Code     0  libinit2.o(.ARM.Collect$$libinit$$00000015)
    __rt_lib_init_lc_numeric_2               0x000001cf   Thumb Code     0  libinit2.o(.ARM.Collect$$libinit$$00000016)
    __rt_lib_init_alloca_1                   0x000001d9   Thumb Code     0  libinit2.o(.ARM.Collect$$libinit$$0000002E)
    __rt_lib_init_argv_1                     0x000001d9   Thumb Code     0  libinit2.o(.ARM.Collect$$libinit$$0000002C)
    __rt_lib_init_atexit_1                   0x000001d9   Thumb Code     0  libinit2.o(.ARM.Collect$$libinit$$0000001B)
    __rt_lib_init_clock_1                    0x000001d9   Thumb Code     0  libinit2.o(.ARM.Collect$$libinit$$00000021)
    __rt_lib_init_cpp_1                      0x000001d9   Thumb Code     0  libinit2.o(.ARM.Collect$$libinit$$00000032)
    __rt_lib_init_exceptions_1               0x000001d9   Thumb Code     0  libinit2.o(.ARM.Collect$$libinit$$00000030)
    __rt_lib_init_fp_trap_1                  0x000001d9   Thumb Code     0  libinit2.o(.ARM.Collect$$libinit$$0000001F)
    __rt_lib_init_getenv_1                   0x000001d9   Thumb Code     0  libinit2.o(.ARM.Collect$$libinit$$00000023)
    __rt_lib_init_lc_numeric_1               0x000001d9   Thumb Code     0  libinit2.o(.ARM.Collect$$libinit$$00000017)
    __rt_lib_init_lc_time_1                  0x000001d9   Thumb Code     0  libinit2.o(.ARM.Collect$$libinit$$00000019)
    __rt_lib_init_return                     0x000001d9   Thumb Code     0  libinit2.o(.ARM.Collect$$libinit$$00000033)
    __rt_lib_init_signal_1                   0x000001d9   Thumb Code     0  libinit2.o(.ARM.Collect$$libinit$$0000001D)
    __rt_lib_init_stdio_1                    0x000001d9   Thumb Code     0  libinit2.o(.ARM.Collect$$libinit$$00000025)
    __rt_lib_shutdown                        0x000001db   Thumb Code     0  libshutdown.o(.ARM.Collect$$libshutdown$$00000000)
    __rt_lib_shutdown_cpp_1                  0x000001dd   Thumb Code     0  libshutdown2.o(.ARM.Collect$$libshutdown$$00000004)
    __rt_lib_shutdown_fini_1                 0x000001dd   Thumb Code     0  libshutdown2.o(.ARM.Collect$$libshutdown$$00000002)
    __rt_lib_shutdown_fp_trap_1              0x000001dd   Thumb Code     0  libshutdown2.o(.ARM.Collect$$libshutdown$$00000009)
    __rt_lib_shutdown_heap_1                 0x000001dd   Thumb Code     0  libshutdown2.o(.ARM.Collect$$libshutdown$$00000011)
    __rt_lib_shutdown_return                 0x000001dd   Thumb Code     0  libshutdown2.o(.ARM.Collect$$libshutdown$$00000012)
    __rt_lib_shutdown_signal_1               0x000001dd   Thumb Code     0  libshutdown2.o(.ARM.Collect$$libshutdown$$0000000C)
    __rt_lib_shutdown_stdio_1                0x000001dd   Thumb Code     0  libshutdown2.o(.ARM.Collect$$libshutdown$$00000006)
    __rt_lib_shutdown_user_alloc_1           0x000001dd   Thumb Code     0  libshutdown2.o(.ARM.Collect$$libshutdown$$0000000E)
    __rt_entry                               0x000001df   Thumb Code     0  __rtentry.o(.ARM.Collect$$rtentry$$00000000)
    __rt_entry_presh_1                       0x000001df   Thumb Code     0  __rtentry2.o(.ARM.Collect$$rtentry$$00000002)
    __rt_entry_sh                            0x000001df   Thumb Code     0  __rtentry4.o(.ARM.Collect$$rtentry$$00000004)
    __rt_entry_li                            0x000001e5   Thumb Code     0  __rtentry2.o(.ARM.Collect$$rtentry$$0000000A)
    __rt_entry_postsh_1                      0x000001e5   Thumb Code     0  __rtentry2.o(.ARM.Collect$$rtentry$$00000009)
    __rt_entry_main                          0x000001e9   Thumb Code     0  __rtentry2.o(.ARM.Collect$$rtentry$$0000000D)
    __rt_entry_postli_1                      0x000001e9   Thumb Code     0  __rtentry2.o(.ARM.Collect$$rtentry$$0000000C)
    __rt_exit                                0x000001f1   Thumb Code     0  rtexit.o(.ARM.Collect$$rtexit$$00000000)
    __rt_exit_ls                             0x000001f3   Thumb Code     0  rtexit2.o(.ARM.Collect$$rtexit$$00000003)
    __rt_exit_prels_1                        0x000001f3   Thumb Code     0  rtexit2.o(.ARM.Collect$$rtexit$$00000002)
    __rt_exit_exit                           0x000001f7   Thumb Code     0  rtexit2.o(.ARM.Collect$$rtexit$$00000004)
    DisableInterrupts                        0x000001fd   Thumb Code     4  cortexm.o(.emb_text)
    EnableInterrupts                         0x00000201   Thumb Code     4  cortexm.o(.emb_text)
    StartCritical                            0x00000205   Thumb Code     8  cortexm.o(.emb_text)
    EndCritical                              0x0000020d   Thumb Code     6  cortexm.o(.emb_text)
    WaitForInterrupt                         0x00000213   Thumb Code     4  cortexm.o(.emb_text)
    delay                                    0x00000217   Thumb Code     6  cortexm.o(.emb_text)
    Reset_Handler                            0x0000021d   Thumb Code     8  startup_msp432p4111_uvision.o(.text)
    NMI_Handler                              0x00000225   Thumb Code     2  startup_msp432p4111_uvision.o(.text)
    HardFault_Handler                        0x00000227   Thumb Code     2  startup_msp432p4111_uvision.o(.text)
    MemManage_Handler                        0x00000229   Thumb Code     2  startup_msp432p4111_uvision.o(.text)
    BusFault_Handler                         0x0000022b   Thumb Code     2  startup_msp432p4111_uvision.o(.text)
    UsageFault_Handler                       0x0000022d   Thumb Code     2  startup_msp432p4111_uvision.o(.text)
    SVC_Handler                              0x0000022f   Thumb Code     2  startup_msp432p4111_uvision.o(.text)
    DebugMon_Handler                         0x00000231   Thumb Code     2  startup_msp432p4111_uvision.o(.text)
    PendSV_Handler                           0x00000233   Thumb Code     2  startup_msp432p4111_uvision.o(.text)
    ADC14_IRQHandler                         0x00000237   Thumb Code     0  startup_msp432p4111_uvision.o(.text)
    AES256_IRQHandler                        0x00000237   Thumb Code     0  startup_msp432p4111_uvision.o(.text)
    COMP_E0_IRQHandler                       0x00000237   Thumb Code     0  startup_msp432p4111_uvision.o(.text)
    COMP_E1_IRQHandler                       0x00000237   Thumb Code     0  startup_msp432p4111_uvision.o(.text)
    CS_IRQHandler                            0x00000237   Thumb Code     0  startup_msp432p4111_uvision.o(.text)
    DMA_ERR_IRQHandler                       0x00000237   Thumb Code     0  startup_msp432p4111_uvision.o(.text)
    DMA_INT0_IRQHandler                      0x00000237   Thumb Code     0  startup_msp432p4111_uvision.o(.text)
    DMA_INT1_IRQHandler                      0x00000237   Thumb Code     0  startup_msp432p4111_uvision.o(.text)
    DMA_INT2_IRQHandler                      0x00000237   Thumb Code     0  startup_msp432p4111_uvision.o(.text)
    DMA_INT3_IRQHandler                      0x00000237   Thumb Code     0  startup_msp432p4111_uvision.o(.text)
    EUSCIA0_IRQHandler                       0x00000237   Thumb Code     0  startup_msp432p4111_uvision.o(.text)
    EUSCIA1_IRQHandler                       0x00000237   Thumb Code     0  startup_msp432p4111_uvision.o(.text)
    EUSCIA2_IRQHandler                       0x00000237   Thumb Code     0  startup_msp432p4111_uvision.o(.text)
    EUSCIA3_IRQHandler                       0x00000237   Thumb Code     0  startup_msp432p4111_uvision.o(.text)
    EUSCIB0_IRQHandler                       0x00000237   Thumb Code     0  startup_msp432p4111_uvision.o(.text)
    EUSCIB1_IRQHandler                       0x00000237   Thumb Code     0  startup_msp432p4111_uvision.o(.text)
    EUSCIB2_IRQHandler                       0x00000237   Thumb Code     0  startup_msp432p4111_uvision.o(.text)
    EUSCIB3_IRQHandler                       0x00000237   Thumb Code     0  startup_msp432p4111_uvision.o(.text)
    FLCTL_A_IRQHandler                       0x00000237   Thumb Code     0  startup_msp432p4111_uvision.o(.text)
    FPU_IRQHandler                           0x00000237   Thumb Code     0  startup_msp432p4111_uvision.o(.text)
    LCD_F_IRQHandler                         0x00000237   Thumb Code     0  startup_msp432p4111_uvision.o(.text)
    PCM_IRQHandler                           0x00000237   Thumb Code     0  startup_msp432p4111_uvision.o(.text)
    PORT1_IRQHandler                         0x00000237   Thumb Code     0  startup_msp432p4111_uvision.o(.text)
    PORT2_IRQHandler                         0x00000237   Thumb Code     0  startup_msp432p4111_uvision.o(.text)
    PORT3_IRQHandler                         0x00000237   Thumb Code     0  startup_msp432p4111_uvision.o(.text)
    PORT4_IRQHandler                         0x00000237   Thumb Code     0  startup_msp432p4111_uvision.o(.text)
    PORT5_IRQHandler                         0x00000237   Thumb Code     0  startup_msp432p4111_uvision.o(.text)
    PORT6_IRQHandler                         0x00000237   Thumb Code     0  startup_msp432p4111_uvision.o(.text)
    PSS_IRQHandler                           0x00000237   Thumb Code     0  startup_msp432p4111_uvision.o(.text)
    RTC_C_IRQHandler                         0x00000237   Thumb Code     0  startup_msp432p4111_uvision.o(.text)
    T32_INTC_IRQHandler                      0x00000237   Thumb Code     0  startup_msp432p4111_uvision.o(.text)
    TA0_0_IRQHandler                         0x00000237   Thumb Code     0  startup_msp432p4111_uvision.o(.text)
    TA0_N_IRQHandler                         0x00000237   Thumb Code     0  startup_msp432p4111_uvision.o(.text)
    TA1_0_IRQHandler                         0x00000237   Thumb Code     0  startup_msp432p4111_uvision.o(.text)
    TA1_N_IRQHandler                         0x00000237   Thumb Code     0  startup_msp432p4111_uvision.o(.text)
    TA2_0_IRQHandler                         0x00000237   Thumb Code     0  startup_msp432p4111_uvision.o(.text)
    TA2_N_IRQHandler                         0x00000237   Thumb Code     0  startup_msp432p4111_uvision.o(.text)
    TA3_0_IRQHandler                         0x00000237   Thumb Code     0  startup_msp432p4111_uvision.o(.text)
    TA3_N_IRQHandler                         0x00000237   Thumb Code     0  startup_msp432p4111_uvision.o(.text)
    WDT_A_IRQHandler                         0x00000237   Thumb Code     0  startup_msp432p4111_uvision.o(.text)
    __user_initial_stackheap                 0x00000239   Thumb Code    10  startup_msp432p4111_uvision.o(.text)
    __2sprintf                               0x0000025d   Thumb Code    34  noretval__2sprintf.o(.text)
    __printf                                 0x00000285   Thumb Code   104  __printf.o(.text)
    __use_two_region_memory                  0x000002ed   Thumb Code     2  heapauxi.o(.text)
    __rt_heap_escrow$2region                 0x000002ef   Thumb Code     2  heapauxi.o(.text)
    __rt_heap_expand$2region                 0x000002f1   Thumb Code     2  heapauxi.o(.text)
    __lib_sel_fp_printf                      0x000002f3   Thumb Code     2  _printf_fp_dec.o(.text)
    _printf_fp_dec_real                      0x000004a5   Thumb Code   620  _printf_fp_dec.o(.text)
    _printf_char_common                      0x0000071b   Thumb Code    32  _printf_char_common.o(.text)
    _sputc                                   0x00000741   Thumb Code    10  _sputc.o(.text)
    __rt_locale                              0x0000074d   Thumb Code     8  rt_locale_intlibspace.o(.text)
    _ll_udiv10                               0x00000755   Thumb Code   138  lludiv10.o(.text)
    _printf_fp_infnan                        0x000007e1   Thumb Code   112  _printf_fp_infnan.o(.text)
    _btod_etento                             0x00000861   Thumb Code   224  bigflt0.o(.text)
    __user_libspace                          0x00000945   Thumb Code     8  libspace.o(.text)
    __user_perproc_libspace                  0x00000945   Thumb Code     0  libspace.o(.text)
    __user_perthread_libspace                0x00000945   Thumb Code     0  libspace.o(.text)
    __user_setup_stackheap                   0x0000094d   Thumb Code    74  sys_stackheap_outer.o(.text)
    exit                                     0x00000997   Thumb Code    18  exit.o(.text)
    strcmp                                   0x000009a9   Thumb Code   128  strcmpv7m.o(.text)
    _sys_exit                                0x00000a29   Thumb Code     8  sys_exit.o(.text)
    __I$use$semihosting                      0x00000a35   Thumb Code     0  use_no_semi.o(.text)
    __use_no_semihosting_swi                 0x00000a35   Thumb Code     2  use_no_semi.o(.text)
    __semihosting_library_function           0x00000a37   Thumb Code     0  indicate_semi.o(.text)
    _btod_d2e                                0x00000a37   Thumb Code    62  btod.o(CL$$btod_d2e)
    _d2e_denorm_low                          0x00000a75   Thumb Code    70  btod.o(CL$$btod_d2e_denorm_low)
    _d2e_norm_op1                            0x00000abb   Thumb Code    96  btod.o(CL$$btod_d2e_norm_op1)
    __btod_div_common                        0x00000b1b   Thumb Code   696  btod.o(CL$$btod_div_common)
    _e2e                                     0x00000e53   Thumb Code   220  btod.o(CL$$btod_e2e)
    _btod_ediv                               0x00000f2f   Thumb Code    42  btod.o(CL$$btod_ediv)
    _btod_emul                               0x00000f59   Thumb Code    42  btod.o(CL$$btod_emul)
    __btod_mult_common                       0x00000f83   Thumb Code   580  btod.o(CL$$btod_mult_common)
    ADC0_InitSWTriggerCh6                    0x000011c9   Thumb Code   126  adc14.o(i.ADC0_InitSWTriggerCh6)
    ADC_In                                   0x0000125d   Thumb Code    48  adc14.o(i.ADC_In)
    CLK_Handler                              0x00001295   Thumb Code    88  controlpins.o(i.CLK_Handler)
    CalcPeriodFromFrequency                  0x000012fd   Thumb Code    66  timer32.o(i.CalcPeriodFromFrequency)
    ControlPin_CLK_Init                      0x0000134d   Thumb Code    98  controlpins.o(i.ControlPin_CLK_Init)
    ControlPin_SI_Init                       0x000013c1   Thumb Code    96  controlpins.o(i.ControlPin_SI_Init)
    DisableSysTickTimer                      0x00001431   Thumb Code    18  systicktimer.o(i.DisableSysTickTimer)
    EnableSysTickTimer                       0x00001443   Thumb Code    18  systicktimer.o(i.EnableSysTickTimer)
    INIT                                     0x00001455   Thumb Code    36  init.o(i.INIT)
    INIT_Camera                              0x00001479   Thumb Code    22  init.o(i.INIT_Camera)
    INIT_Motors                              0x00001495   Thumb Code   232  init.o(i.INIT_Motors)
    LED1_Init                                0x00001595   Thumb Code    62  leds.o(i.LED1_Init)
    LED1_Off                                 0x000015d9   Thumb Code    14  leds.o(i.LED1_Off)
    LED1_On                                  0x000015ed   Thumb Code    14  leds.o(i.LED1_On)
    LED2_Init                                0x00001601   Thumb Code   122  leds.o(i.LED2_Init)
    LED2_Off                                 0x00001681   Thumb Code    34  leds.o(i.LED2_Off)
    LED2_On                                  0x000016a9   Thumb Code   184  leds.o(i.LED2_On)
    PID                                      0x00001765   Thumb Code   386  car.o(i.PID)
    SI_Handler                               0x00001909   Thumb Code    72  controlpins.o(i.SI_Handler)
    Switch1_Init                             0x00001955   Thumb Code    66  switches.o(i.Switch1_Init)
    Switch2_Init                             0x0000199d   Thumb Code    66  switches.o(i.Switch2_Init)
    SysTickTimer_Init                        0x000019e5   Thumb Code    94  systicktimer.o(i.SysTickTimer_Init)
    SysTick_Handler                          0x00001a4d   Thumb Code    20  systicktimer.o(i.SysTick_Handler)
    SystemInit                               0x00001a69   Thumb Code   122  system_msp432p4111.o(i.SystemInit)
    T32_INT1_IRQHandler                      0x00001afd   Thumb Code    22  timer32.o(i.T32_INT1_IRQHandler)
    T32_INT2_IRQHandler                      0x00001b21   Thumb Code    22  timer32.o(i.T32_INT2_IRQHandler)
    TIMER_A0_PWM_DutyCycle                   0x00001b45   Thumb Code    60  timera.o(i.TIMER_A0_PWM_DutyCycle)
    TIMER_A0_PWM_Init                        0x00001b89   Thumb Code   286  timera.o(i.TIMER_A0_PWM_Init)
    TIMER_A2_PWM_DutyCycle                   0x00001cb5   Thumb Code    60  timera.o(i.TIMER_A2_PWM_DutyCycle)
    TIMER_A2_PWM_Init                        0x00001cf9   Thumb Code   154  timera.o(i.TIMER_A2_PWM_Init)
    Timer32_1_Init                           0x00001da1   Thumb Code   106  timer32.o(i.Timer32_1_Init)
    __ARM_fpclassify                         0x00001e25   Thumb Code    48  fpclassify.o(i.__ARM_fpclassify)
    clip                                     0x00001e55   Thumb Code   106  car.o(i.clip)
    forward                                  0x00001ec9   Thumb Code    44  car.o(i.forward)
    leftWheel                                0x00001ef5   Thumb Code   100  car.o(i.leftWheel)
    main                                     0x00001f61   Thumb Code   612  car.o(i.main)
    myDelay                                  0x00002241   Thumb Code    30  car.o(i.myDelay)
    rightWheel                               0x00002261   Thumb Code   100  car.o(i.rightWheel)
    smoothData                               0x000022cd   Thumb Code   328  car.o(i.smoothData)
    stop                                     0x00002425   Thumb Code    34  car.o(i.stop)
    uart0_init                               0x00002455   Thumb Code   124  uart.o(i.uart0_init)
    uart0_put                                0x000024dd   Thumb Code    22  uart.o(i.uart0_put)
    uart0_putchar                            0x000024f5   Thumb Code    30  uart.o(i.uart0_putchar)
    uart2_init                               0x00002519   Thumb Code   134  uart.o(i.uart2_init)
    uart2_put                                0x000025ad   Thumb Code    22  uart.o(i.uart2_put)
    uart2_putchar                            0x000025c5   Thumb Code    32  uart.o(i.uart2_putchar)
    _get_lc_numeric                          0x000025e9   Thumb Code    44  lc_numeric_c.o(locale$$code)
    __aeabi_dneg                             0x00002615   Thumb Code     0  basic.o(x$fpl$basic)
    _dneg                                    0x00002615   Thumb Code     6  basic.o(x$fpl$basic)
    __aeabi_fneg                             0x0000261b   Thumb Code     0  basic.o(x$fpl$basic)
    _fneg                                    0x0000261b   Thumb Code     6  basic.o(x$fpl$basic)
    _dabs                                    0x00002621   Thumb Code     6  basic.o(x$fpl$basic)
    _fabs                                    0x00002627   Thumb Code     6  basic.o(x$fpl$basic)
    __aeabi_dadd                             0x0000262d   Thumb Code     0  daddsub_clz.o(x$fpl$dadd)
    _dadd                                    0x0000262d   Thumb Code   332  daddsub_clz.o(x$fpl$dadd)
    __fpl_dcmp_Inf                           0x0000277d   Thumb Code    24  dcmpi.o(x$fpl$dcmpinf)
    __aeabi_ddiv                             0x00002795   Thumb Code     0  ddiv.o(x$fpl$ddiv)
    _ddiv                                    0x00002795   Thumb Code   552  ddiv.o(x$fpl$ddiv)
    __aeabi_d2uiz                            0x00002a45   Thumb Code     0  dfixu.o(x$fpl$dfixu)
    _dfixu                                   0x00002a45   Thumb Code    90  dfixu.o(x$fpl$dfixu)
    __aeabi_ui2d                             0x00002a9f   Thumb Code     0  dflt_clz.o(x$fpl$dfltu)
    _dfltu                                   0x00002a9f   Thumb Code    38  dflt_clz.o(x$fpl$dfltu)
    __aeabi_cdcmple                          0x00002ac5   Thumb Code     0  dleqf.o(x$fpl$dleqf)
    _dcmple                                  0x00002ac5   Thumb Code   120  dleqf.o(x$fpl$dleqf)
    __fpl_dcmple_InfNaN                      0x00002b27   Thumb Code     0  dleqf.o(x$fpl$dleqf)
    __aeabi_dmul                             0x00002b3d   Thumb Code     0  dmul.o(x$fpl$dmul)
    _dmul                                    0x00002b3d   Thumb Code   332  dmul.o(x$fpl$dmul)
    __fpl_dnaninf                            0x00002c91   Thumb Code   156  dnaninf.o(x$fpl$dnaninf)
    __fpl_dretinf                            0x00002d2d   Thumb Code    12  dretinf.o(x$fpl$dretinf)
    __aeabi_cdrcmple                         0x00002d39   Thumb Code     0  drleqf.o(x$fpl$drleqf)
    _drcmple                                 0x00002d39   Thumb Code   108  drleqf.o(x$fpl$drleqf)
    __aeabi_drsub                            0x00002da5   Thumb Code     0  daddsub_clz.o(x$fpl$drsb)
    _drsb                                    0x00002da5   Thumb Code    22  daddsub_clz.o(x$fpl$drsb)
    __aeabi_dsub                             0x00002dbd   Thumb Code     0  daddsub_clz.o(x$fpl$dsub)
    _dsub                                    0x00002dbd   Thumb Code   464  daddsub_clz.o(x$fpl$dsub)
    __aeabi_f2d                              0x00002f91   Thumb Code     0  f2d.o(x$fpl$f2d)
    _f2d                                     0x00002f91   Thumb Code    86  f2d.o(x$fpl$f2d)
    __fpl_fnaninf                            0x00002fe7   Thumb Code   140  fnaninf.o(x$fpl$fnaninf)
    _fp_init                                 0x00003073   Thumb Code    10  fpinit.o(x$fpl$fpinit)
    __fplib_config_fpu_vfp                   0x0000307b   Thumb Code     0  fpinit.o(x$fpl$fpinit)
    __fplib_config_pureend_doubles           0x0000307b   Thumb Code     0  fpinit.o(x$fpl$fpinit)
    _printf_fp_dec                           0x0000307d   Thumb Code     4  printf1.o(x$fpl$printf1)
    __I$use$fp                               0x00003080   Number         0  usenofp.o(x$fpl$usenofp)
    Region$$Table$$Base                      0x00003114   Number         0  anon$$obj.o(Region$$Table)
    Region$$Table$$Limit                     0x00003134   Number         0  anon$$obj.o(Region$$Table)
    tempCounter                              0x20000000   Data           4  controlpins.o(.data)
    g_sendData                               0x20000008   Data           1  controlpins.o(.data)
    SysTickPeriodicTask                      0x2000000c   Data           4  systicktimer.o(.data)
    g_SysTickTimerCounter                    0x20000010   Data           4  systicktimer.o(.data)
    systemTimer                              0x20000018   Data           8  timer32.o(.data)
    Timer32_1_PeriodicTask                   0x20000020   Data           4  timer32.o(.data)
    Timer32_2_PeriodicTask                   0x20000024   Data           4  timer32.o(.data)
    timeOut                                  0x20000030   Data           1  timer32.o(.data)
    SystemCoreClock                          0x20000034   Data           4  system_msp432p4111.o(.data)
    smooth                                   0x2000009c   Data         256  car.o(.bss)
    map                                      0x2000019c   Data          12  car.o(.bss)
    line                                     0x200001a8   Data         256  controlpins.o(.bss)
    __libspace_start                         0x200002d0   Data          96  libspace.o(.bss)
    __temporary_stack_top$libspace           0x20000330   Data           0  libspace.o(.bss)



==============================================================================

Memory Map of the image

  Image Entry point : 0x00000145

  Load Region LR_IROM1 (Base: 0x00000000, Size: 0x00003188, Max: 0x00200000, ABSOLUTE)

    Execution Region ER_IROM1 (Exec base: 0x00000000, Load base: 0x00000000, Size: 0x00003150, Max: 0x00200000, ABSOLUTE)

    Exec Addr    Load Addr    Size         Type   Attr      Idx    E Section Name        Object

    0x00000000   0x00000000   0x00000144   Data   RO          634    RESET               startup_msp432p4111_uvision.o
    0x00000144   0x00000144   0x00000008   Code   RO          707  * !!!main             c_w.l(__main.o)
    0x0000014c   0x0000014c   0x00000034   Code   RO          959    !!!scatter          c_w.l(__scatter.o)
    0x00000180   0x00000180   0x0000001a   Code   RO          961    !!handler_copy      c_w.l(__scatter_copy.o)
    0x0000019a   0x0000019a   0x00000002   PAD
    0x0000019c   0x0000019c   0x0000001c   Code   RO          963    !!handler_zi        c_w.l(__scatter_zi.o)
    0x000001b8   0x000001b8   0x00000000   Code   RO          704    .ARM.Collect$$_printf_percent$$00000000  c_w.l(_printf_percent.o)
    0x000001b8   0x000001b8   0x00000006   Code   RO          703    .ARM.Collect$$_printf_percent$$00000003  c_w.l(_printf_f.o)
    0x000001be   0x000001be   0x00000004   Code   RO          748    .ARM.Collect$$_printf_percent$$00000017  c_w.l(_printf_percent_end.o)
    0x000001c2   0x000001c2   0x00000002   Code   RO          830    .ARM.Collect$$libinit$$00000000  c_w.l(libinit.o)
    0x000001c4   0x000001c4   0x00000004   Code   RO          831    .ARM.Collect$$libinit$$00000001  c_w.l(libinit2.o)
    0x000001c8   0x000001c8   0x00000000   Code   RO          834    .ARM.Collect$$libinit$$00000004  c_w.l(libinit2.o)
    0x000001c8   0x000001c8   0x00000000   Code   RO          837    .ARM.Collect$$libinit$$0000000A  c_w.l(libinit2.o)
    0x000001c8   0x000001c8   0x00000000   Code   RO          839    .ARM.Collect$$libinit$$0000000C  c_w.l(libinit2.o)
    0x000001c8   0x000001c8   0x00000000   Code   RO          841    .ARM.Collect$$libinit$$0000000E  c_w.l(libinit2.o)
    0x000001c8   0x000001c8   0x00000006   Code   RO          842    .ARM.Collect$$libinit$$0000000F  c_w.l(libinit2.o)
    0x000001ce   0x000001ce   0x00000000   Code   RO          844    .ARM.Collect$$libinit$$00000011  c_w.l(libinit2.o)
    0x000001ce   0x000001ce   0x00000000   Code   RO          846    .ARM.Collect$$libinit$$00000013  c_w.l(libinit2.o)
    0x000001ce   0x000001ce   0x00000000   Code   RO          848    .ARM.Collect$$libinit$$00000015  c_w.l(libinit2.o)
    0x000001ce   0x000001ce   0x0000000a   Code   RO          849    .ARM.Collect$$libinit$$00000016  c_w.l(libinit2.o)
    0x000001d8   0x000001d8   0x00000000   Code   RO          850    .ARM.Collect$$libinit$$00000017  c_w.l(libinit2.o)
    0x000001d8   0x000001d8   0x00000000   Code   RO          852    .ARM.Collect$$libinit$$00000019  c_w.l(libinit2.o)
    0x000001d8   0x000001d8   0x00000000   Code   RO          854    .ARM.Collect$$libinit$$0000001B  c_w.l(libinit2.o)
    0x000001d8   0x000001d8   0x00000000   Code   RO          856    .ARM.Collect$$libinit$$0000001D  c_w.l(libinit2.o)
    0x000001d8   0x000001d8   0x00000000   Code   RO          858    .ARM.Collect$$libinit$$0000001F  c_w.l(libinit2.o)
    0x000001d8   0x000001d8   0x00000000   Code   RO          860    .ARM.Collect$$libinit$$00000021  c_w.l(libinit2.o)
    0x000001d8   0x000001d8   0x00000000   Code   RO          862    .ARM.Collect$$libinit$$00000023  c_w.l(libinit2.o)
    0x000001d8   0x000001d8   0x00000000   Code   RO          864    .ARM.Collect$$libinit$$00000025  c_w.l(libinit2.o)
    0x000001d8   0x000001d8   0x00000000   Code   RO          868    .ARM.Collect$$libinit$$0000002C  c_w.l(libinit2.o)
    0x000001d8   0x000001d8   0x00000000   Code   RO          870    .ARM.Collect$$libinit$$0000002E  c_w.l(libinit2.o)
    0x000001d8   0x000001d8   0x00000000   Code   RO          872    .ARM.Collect$$libinit$$00000030  c_w.l(libinit2.o)
    0x000001d8   0x000001d8   0x00000000   Code   RO          874    .ARM.Collect$$libinit$$00000032  c_w.l(libinit2.o)
    0x000001d8   0x000001d8   0x00000002   Code   RO          875    .ARM.Collect$$libinit$$00000033  c_w.l(libinit2.o)
    0x000001da   0x000001da   0x00000002   Code   RO          905    .ARM.Collect$$libshutdown$$00000000  c_w.l(libshutdown.o)
    0x000001dc   0x000001dc   0x00000000   Code   RO          916    .ARM.Collect$$libshutdown$$00000002  c_w.l(libshutdown2.o)
    0x000001dc   0x000001dc   0x00000000   Code   RO          918    .ARM.Collect$$libshutdown$$00000004  c_w.l(libshutdown2.o)
    0x000001dc   0x000001dc   0x00000000   Code   RO          920    .ARM.Collect$$libshutdown$$00000006  c_w.l(libshutdown2.o)
    0x000001dc   0x000001dc   0x00000000   Code   RO          923    .ARM.Collect$$libshutdown$$00000009  c_w.l(libshutdown2.o)
    0x000001dc   0x000001dc   0x00000000   Code   RO          926    .ARM.Collect$$libshutdown$$0000000C  c_w.l(libshutdown2.o)
    0x000001dc   0x000001dc   0x00000000   Code   RO          928    .ARM.Collect$$libshutdown$$0000000E  c_w.l(libshutdown2.o)
    0x000001dc   0x000001dc   0x00000000   Code   RO          931    .ARM.Collect$$libshutdown$$00000011  c_w.l(libshutdown2.o)
    0x000001dc   0x000001dc   0x00000002   Code   RO          932    .ARM.Collect$$libshutdown$$00000012  c_w.l(libshutdown2.o)
    0x000001de   0x000001de   0x00000000   Code   RO          741    .ARM.Collect$$rtentry$$00000000  c_w.l(__rtentry.o)
    0x000001de   0x000001de   0x00000000   Code   RO          759    .ARM.Collect$$rtentry$$00000002  c_w.l(__rtentry2.o)
    0x000001de   0x000001de   0x00000006   Code   RO          771    .ARM.Collect$$rtentry$$00000004  c_w.l(__rtentry4.o)
    0x000001e4   0x000001e4   0x00000000   Code   RO          761    .ARM.Collect$$rtentry$$00000009  c_w.l(__rtentry2.o)
    0x000001e4   0x000001e4   0x00000004   Code   RO          762    .ARM.Collect$$rtentry$$0000000A  c_w.l(__rtentry2.o)
    0x000001e8   0x000001e8   0x00000000   Code   RO          764    .ARM.Collect$$rtentry$$0000000C  c_w.l(__rtentry2.o)
    0x000001e8   0x000001e8   0x00000008   Code   RO          765    .ARM.Collect$$rtentry$$0000000D  c_w.l(__rtentry2.o)
    0x000001f0   0x000001f0   0x00000002   Code   RO          876    .ARM.Collect$$rtexit$$00000000  c_w.l(rtexit.o)
    0x000001f2   0x000001f2   0x00000000   Code   RO          883    .ARM.Collect$$rtexit$$00000002  c_w.l(rtexit2.o)
    0x000001f2   0x000001f2   0x00000004   Code   RO          884    .ARM.Collect$$rtexit$$00000003  c_w.l(rtexit2.o)
    0x000001f6   0x000001f6   0x00000006   Code   RO          885    .ARM.Collect$$rtexit$$00000004  c_w.l(rtexit2.o)
    0x000001fc   0x000001fc   0x00000020   Code   RO          232    .emb_text           cortexm.o
    0x0000021c   0x0000021c   0x00000040   Code   RO          635    .text               startup_msp432p4111_uvision.o
    0x0000025c   0x0000025c   0x00000028   Code   RO          679    .text               c_w.l(noretval__2sprintf.o)
    0x00000284   0x00000284   0x00000068   Code   RO          681    .text               c_w.l(__printf.o)
    0x000002ec   0x000002ec   0x00000006   Code   RO          705    .text               c_w.l(heapauxi.o)
    0x000002f2   0x000002f2   0x0000041e   Code   RO          742    .text               c_w.l(_printf_fp_dec.o)
    0x00000710   0x00000710   0x00000030   Code   RO          744    .text               c_w.l(_printf_char_common.o)
    0x00000740   0x00000740   0x0000000a   Code   RO          746    .text               c_w.l(_sputc.o)
    0x0000074a   0x0000074a   0x00000002   PAD
    0x0000074c   0x0000074c   0x00000008   Code   RO          776    .text               c_w.l(rt_locale_intlibspace.o)
    0x00000754   0x00000754   0x0000008a   Code   RO          778    .text               c_w.l(lludiv10.o)
    0x000007de   0x000007de   0x00000002   PAD
    0x000007e0   0x000007e0   0x00000080   Code   RO          780    .text               c_w.l(_printf_fp_infnan.o)
    0x00000860   0x00000860   0x000000e4   Code   RO          784    .text               c_w.l(bigflt0.o)
    0x00000944   0x00000944   0x00000008   Code   RO          816    .text               c_w.l(libspace.o)
    0x0000094c   0x0000094c   0x0000004a   Code   RO          819    .text               c_w.l(sys_stackheap_outer.o)
    0x00000996   0x00000996   0x00000012   Code   RO          821    .text               c_w.l(exit.o)
    0x000009a8   0x000009a8   0x00000080   Code   RO          823    .text               c_w.l(strcmpv7m.o)
    0x00000a28   0x00000a28   0x0000000c   Code   RO          895    .text               c_w.l(sys_exit.o)
    0x00000a34   0x00000a34   0x00000002   Code   RO          906    .text               c_w.l(use_no_semi.o)
    0x00000a36   0x00000a36   0x00000000   Code   RO          908    .text               c_w.l(indicate_semi.o)
    0x00000a36   0x00000a36   0x0000003e   Code   RO          787    CL$$btod_d2e        c_w.l(btod.o)
    0x00000a74   0x00000a74   0x00000046   Code   RO          789    CL$$btod_d2e_denorm_low  c_w.l(btod.o)
    0x00000aba   0x00000aba   0x00000060   Code   RO          788    CL$$btod_d2e_norm_op1  c_w.l(btod.o)
    0x00000b1a   0x00000b1a   0x00000338   Code   RO          797    CL$$btod_div_common  c_w.l(btod.o)
    0x00000e52   0x00000e52   0x000000dc   Code   RO          794    CL$$btod_e2e        c_w.l(btod.o)
    0x00000f2e   0x00000f2e   0x0000002a   Code   RO          791    CL$$btod_ediv       c_w.l(btod.o)
    0x00000f58   0x00000f58   0x0000002a   Code   RO          790    CL$$btod_emul       c_w.l(btod.o)
    0x00000f82   0x00000f82   0x00000244   Code   RO          796    CL$$btod_mult_common  c_w.l(btod.o)
    0x000011c6   0x000011c6   0x00000002   PAD
    0x000011c8   0x000011c8   0x00000094   Code   RO          156    i.ADC0_InitSWTriggerCh6  adc14.o
    0x0000125c   0x0000125c   0x00000038   Code   RO          157    i.ADC_In            adc14.o
    0x00001294   0x00001294   0x00000068   Code   RO          186    i.CLK_Handler       controlpins.o
    0x000012fc   0x000012fc   0x00000050   Code   RO          410    i.CalcPeriodFromFrequency  timer32.o
    0x0000134c   0x0000134c   0x00000074   Code   RO          187    i.ControlPin_CLK_Init  controlpins.o
    0x000013c0   0x000013c0   0x00000070   Code   RO          188    i.ControlPin_SI_Init  controlpins.o
    0x00001430   0x00001430   0x00000012   Code   RO          365    i.DisableSysTickTimer  systicktimer.o
    0x00001442   0x00001442   0x00000012   Code   RO          366    i.EnableSysTickTimer  systicktimer.o
    0x00001454   0x00001454   0x00000024   Code   RO          598    i.INIT              init.o
    0x00001478   0x00001478   0x0000001c   Code   RO          599    i.INIT_Camera       init.o
    0x00001494   0x00001494   0x00000100   Code   RO          600    i.INIT_Motors       init.o
    0x00001594   0x00001594   0x00000044   Code   RO          251    i.LED1_Init         leds.o
    0x000015d8   0x000015d8   0x00000014   Code   RO          252    i.LED1_Off          leds.o
    0x000015ec   0x000015ec   0x00000014   Code   RO          253    i.LED1_On           leds.o
    0x00001600   0x00001600   0x00000080   Code   RO          255    i.LED2_Init         leds.o
    0x00001680   0x00001680   0x00000028   Code   RO          256    i.LED2_Off          leds.o
    0x000016a8   0x000016a8   0x000000bc   Code   RO          257    i.LED2_On           leds.o
    0x00001764   0x00001764   0x000001a4   Code   RO            4    i.PID               car.o
    0x00001908   0x00001908   0x0000004c   Code   RO          189    i.SI_Handler        controlpins.o
    0x00001954   0x00001954   0x00000048   Code   RO          317    i.Switch1_Init      switches.o
    0x0000199c   0x0000199c   0x00000048   Code   RO          319    i.Switch2_Init      switches.o
    0x000019e4   0x000019e4   0x00000068   Code   RO          367    i.SysTickTimer_Init  systicktimer.o
    0x00001a4c   0x00001a4c   0x0000001c   Code   RO          368    i.SysTick_Handler   systicktimer.o
    0x00001a68   0x00001a68   0x00000094   Code   RO          643    i.SystemInit        system_msp432p4111.o
    0x00001afc   0x00001afc   0x00000024   Code   RO          412    i.T32_INT1_IRQHandler  timer32.o
    0x00001b20   0x00001b20   0x00000024   Code   RO          413    i.T32_INT2_IRQHandler  timer32.o
    0x00001b44   0x00001b44   0x00000044   Code   RO          467    i.TIMER_A0_PWM_DutyCycle  timera.o
    0x00001b88   0x00001b88   0x0000012c   Code   RO          468    i.TIMER_A0_PWM_Init  timera.o
    0x00001cb4   0x00001cb4   0x00000044   Code   RO          469    i.TIMER_A2_PWM_DutyCycle  timera.o
    0x00001cf8   0x00001cf8   0x000000a8   Code   RO          470    i.TIMER_A2_PWM_Init  timera.o
    0x00001da0   0x00001da0   0x00000084   Code   RO          414    i.Timer32_1_Init    timer32.o
    0x00001e24   0x00001e24   0x00000030   Code   RO          814    i.__ARM_fpclassify  m_wm.l(fpclassify.o)
    0x00001e54   0x00001e54   0x00000074   Code   RO            6    i.clip              car.o
    0x00001ec8   0x00001ec8   0x0000002c   Code   RO            7    i.forward           car.o
    0x00001ef4   0x00001ef4   0x0000006c   Code   RO            8    i.leftWheel         car.o
    0x00001f60   0x00001f60   0x000002e0   Code   RO            9    i.main              car.o
    0x00002240   0x00002240   0x0000001e   Code   RO           10    i.myDelay           car.o
    0x0000225e   0x0000225e   0x00000002   PAD
    0x00002260   0x00002260   0x0000006c   Code   RO           11    i.rightWheel        car.o
    0x000022cc   0x000022cc   0x00000158   Code   RO           12    i.smoothData        car.o
    0x00002424   0x00002424   0x00000030   Code   RO           13    i.stop              car.o
    0x00002454   0x00002454   0x00000088   Code   RO          516    i.uart0_init        uart.o
    0x000024dc   0x000024dc   0x00000016   Code   RO          517    i.uart0_put         uart.o
    0x000024f2   0x000024f2   0x00000002   PAD
    0x000024f4   0x000024f4   0x00000024   Code   RO          518    i.uart0_putchar     uart.o
    0x00002518   0x00002518   0x00000094   Code   RO          521    i.uart2_init        uart.o
    0x000025ac   0x000025ac   0x00000016   Code   RO          522    i.uart2_put         uart.o
    0x000025c2   0x000025c2   0x00000002   PAD
    0x000025c4   0x000025c4   0x00000024   Code   RO          523    i.uart2_putchar     uart.o
    0x000025e8   0x000025e8   0x0000002c   Code   RO          810    locale$$code        c_w.l(lc_numeric_c.o)
    0x00002614   0x00002614   0x00000018   Code   RO          709    x$fpl$basic         fz_wm.l(basic.o)
    0x0000262c   0x0000262c   0x00000150   Code   RO          711    x$fpl$dadd          fz_wm.l(daddsub_clz.o)
    0x0000277c   0x0000277c   0x00000018   Code   RO          749    x$fpl$dcmpinf       fz_wm.l(dcmpi.o)
    0x00002794   0x00002794   0x000002b0   Code   RO          718    x$fpl$ddiv          fz_wm.l(ddiv.o)
    0x00002a44   0x00002a44   0x0000005a   Code   RO          721    x$fpl$dfixu         fz_wm.l(dfixu.o)
    0x00002a9e   0x00002a9e   0x00000026   Code   RO          725    x$fpl$dfltu         fz_wm.l(dflt_clz.o)
    0x00002ac4   0x00002ac4   0x00000078   Code   RO          731    x$fpl$dleqf         fz_wm.l(dleqf.o)
    0x00002b3c   0x00002b3c   0x00000154   Code   RO          733    x$fpl$dmul          fz_wm.l(dmul.o)
    0x00002c90   0x00002c90   0x0000009c   Code   RO          751    x$fpl$dnaninf       fz_wm.l(dnaninf.o)
    0x00002d2c   0x00002d2c   0x0000000c   Code   RO          753    x$fpl$dretinf       fz_wm.l(dretinf.o)
    0x00002d38   0x00002d38   0x0000006c   Code   RO          735    x$fpl$drleqf        fz_wm.l(drleqf.o)
    0x00002da4   0x00002da4   0x00000016   Code   RO          712    x$fpl$drsb          fz_wm.l(daddsub_clz.o)
    0x00002dba   0x00002dba   0x00000002   PAD
    0x00002dbc   0x00002dbc   0x000001d4   Code   RO          713    x$fpl$dsub          fz_wm.l(daddsub_clz.o)
    0x00002f90   0x00002f90   0x00000056   Code   RO          737    x$fpl$f2d           fz_wm.l(f2d.o)
    0x00002fe6   0x00002fe6   0x0000008c   Code   RO          755    x$fpl$fnaninf       fz_wm.l(fnaninf.o)
    0x00003072   0x00003072   0x0000000a   Code   RO          880    x$fpl$fpinit        fz_wm.l(fpinit.o)
    0x0000307c   0x0000307c   0x00000004   Code   RO          739    x$fpl$printf1       fz_wm.l(printf1.o)
    0x00003080   0x00003080   0x00000000   Code   RO          757    x$fpl$usenofp       fz_wm.l(usenofp.o)
    0x00003080   0x00003080   0x00000094   Data   RO          785    .constdata          c_w.l(bigflt0.o)
    0x00003114   0x00003114   0x00000020   Data   RO          957    Region$$Table       anon$$obj.o
    0x00003134   0x00003134   0x0000001c   Data   RO          809    locale$$data        c_w.l(lc_numeric_c.o)


    Execution Region RW_IRAM1 (Exec base: 0x20000000, Load base: 0x00003150, Size: 0x00000730, Max: 0x00040000, ABSOLUTE)

    Exec Addr    Load Addr    Size         Type   Attr      Idx    E Section Name        Object

    0x20000000   0x00003150   0x00000009   Data   RW          191    .data               controlpins.o
    0x20000009   0x00003159   0x00000003   PAD
    0x2000000c   0x0000315c   0x00000008   Data   RW          369    .data               systicktimer.o
    0x20000014   0x00003164   0x00000004   PAD
    0x20000018   0x00003168   0x00000019   Data   RW          416    .data               timer32.o
    0x20000031   0x00003181   0x00000003   PAD
    0x20000034   0x00003184   0x00000004   Data   RW          644    .data               system_msp432p4111.o
    0x20000038        -       0x00000170   Zero   RW           14    .bss                car.o
    0x200001a8        -       0x00000100   Zero   RW          190    .bss                controlpins.o
    0x200002a8        -       0x00000028   Zero   RW          471    .bss                timera.o
    0x200002d0        -       0x00000060   Zero   RW          817    .bss                c_w.l(libspace.o)
    0x20000330        -       0x00000200   Zero   RW          633    HEAP                startup_msp432p4111_uvision.o
    0x20000530        -       0x00000200   Zero   RW          632    STACK               startup_msp432p4111_uvision.o



  Load Region LR_IROM2 (Base: 0x00200000, Size: 0x00000000, Max: 0x00008000, ABSOLUTE)

    Execution Region ER_IROM2 (Exec base: 0x00200000, Load base: 0x00200000, Size: 0x00000000, Max: 0x00008000, ABSOLUTE)

    **** No section assigned to this execution region ****


==============================================================================

Image component sizes


      Code (inc. data)   RO Data    RW Data    ZI Data      Debug   Object Name

       204         30          0          0          0        965   adc14.o
      1954        214          0          0        368      13244   car.o
       408         54          0          9        256       4232   controlpins.o
        32          0          0          0          0        552   cortexm.o
       320         30          0          0          0       1395   init.o
       464         42          0          0          0       2614   leds.o
        64         26        324          0       1024        908   startup_msp432p4111_uvision.o
       144         12          0          0          0        878   switches.o
       148         26          0          4          0        767   system_msp432p4111.o
       168         18          0          8          0       2609   systicktimer.o
       284         68          0         25          0       3015   timer32.o
       604         44          0          0         40       3630   timera.o
       400         36          0          0          0       2818   uart.o

    ----------------------------------------------------------------------
      5200        600        356         56       1688      37627   Object Totals
         0          0         32          0          0          0   (incl. Generated)
         6          0          0         10          0          0   (incl. Padding)

    ----------------------------------------------------------------------

      Code (inc. data)   RO Data    RW Data    ZI Data      Debug   Library Member Name

         8          0          0          0          0         68   __main.o
       104          0          0          0          0         84   __printf.o
         0          0          0          0          0          0   __rtentry.o
        12          0          0          0          0          0   __rtentry2.o
         6          0          0          0          0          0   __rtentry4.o
        52          8          0          0          0          0   __scatter.o
        26          0          0          0          0          0   __scatter_copy.o
        28          0          0          0          0          0   __scatter_zi.o
        48          6          0          0          0         96   _printf_char_common.o
         6          0          0          0          0          0   _printf_f.o
      1054          0          0          0          0        216   _printf_fp_dec.o
       128         16          0          0          0         84   _printf_fp_infnan.o
         0          0          0          0          0          0   _printf_percent.o
         4          0          0          0          0          0   _printf_percent_end.o
        10          0          0          0          0         68   _sputc.o
       228          4        148          0          0         96   bigflt0.o
      1936        128          0          0          0        672   btod.o
        18          0          0          0          0         80   exit.o
         6          0          0          0          0        152   heapauxi.o
         0          0          0          0          0          0   indicate_semi.o
        44         10         28          0          0         76   lc_numeric_c.o
         2          0          0          0          0          0   libinit.o
        22          0          0          0          0          0   libinit2.o
         2          0          0          0          0          0   libshutdown.o
         2          0          0          0          0          0   libshutdown2.o
         8          4          0          0         96         68   libspace.o
       138          0          0          0          0         80   lludiv10.o
        40          6          0          0          0         84   noretval__2sprintf.o
         8          4          0          0          0         68   rt_locale_intlibspace.o
         2          0          0          0          0          0   rtexit.o
        10          0          0          0          0          0   rtexit2.o
       128          0          0          0          0         68   strcmpv7m.o
        12          4          0          0          0         68   sys_exit.o
        74          0          0          0          0         80   sys_stackheap_outer.o
         2          0          0          0          0         68   use_no_semi.o
        24          0          0          0          0        164   basic.o
       826         16          0          0          0        492   daddsub_clz.o
        24          0          0          0          0        116   dcmpi.o
       688        140          0          0          0        256   ddiv.o
        90          4          0          0          0        140   dfixu.o
        38          0          0          0          0        116   dflt_clz.o
       120          4          0          0          0        140   dleqf.o
       340         12          0          0          0        152   dmul.o
       156          4          0          0          0        140   dnaninf.o
        12          0          0          0          0        116   dretinf.o
       108          0          0          0          0        128   drleqf.o
        86          4          0          0          0        132   f2d.o
       140          4          0          0          0        132   fnaninf.o
        10          0          0          0          0        116   fpinit.o
         4          0          0          0          0        116   printf1.o
         0          0          0          0          0          0   usenofp.o
        48          0          0          0          0        124   fpclassify.o

    ----------------------------------------------------------------------
      6892        378        176          0         96       4856   Library Totals
        10          0          0          0          0          0   (incl. Padding)

    ----------------------------------------------------------------------

      Code (inc. data)   RO Data    RW Data    ZI Data      Debug   Library Name

      4168        190        176          0         96       2276   c_w.l
      2666        188          0          0          0       2456   fz_wm.l
        48          0          0          0          0        124   m_wm.l

    ----------------------------------------------------------------------
      6892        378        176          0         96       4856   Library Totals

    ----------------------------------------------------------------------

==============================================================================


      Code (inc. data)   RO Data    RW Data    ZI Data      Debug   

     12092        978        532         56       1784      35387   Grand Totals
     12092        978        532         56       1784      35387   ELF Image Totals
     12092        978        532         56          0          0   ROM Totals

==============================================================================

    Total RO  Size (Code + RO Data)                12624 (  12.33kB)
    Total RW  Size (RW Data + ZI Data)              1840 (   1.80kB)
    Total ROM Size (Code + RO Data + RW Data)      12680 (  12.38kB)

==============================================================================

