Component: ARM Compiler 5.06 update 7 (build 960) Tool: armlink [4d3601]

==============================================================================

Section Cross References

    car.o(i.INIT) refers to car.o(i.INIT_Camera) for INIT_Camera
    car.o(i.INIT) refers to car.o(i.INIT_Motors) for INIT_Motors
    car.o(i.INIT) refers to uart.o(i.uart0_init) for uart0_init
    car.o(i.INIT) refers to uart.o(i.uart2_init) for uart2_init
    car.o(i.INIT) refers to leds.o(i.LED1_Init) for LED1_Init
    car.o(i.INIT) refers to leds.o(i.LED2_Init) for LED2_Init
    car.o(i.INIT) refers to switches.o(i.Switch1_Init) for Switch1_Init
    car.o(i.INIT) refers to switches.o(i.Switch2_Init) for Switch2_Init
    car.o(i.INIT_Camera) refers to controlpins.o(i.ControlPin_SI_Init) for ControlPin_SI_Init
    car.o(i.INIT_Camera) refers to controlpins.o(i.ControlPin_CLK_Init) for ControlPin_CLK_Init
    car.o(i.INIT_Camera) refers to adc14.o(i.ADC0_InitSWTriggerCh6) for ADC0_InitSWTriggerCh6
    car.o(i.INIT_Camera) refers to controlpins.o(.data) for g_sendData
    car.o(i.INIT_Motors) refers to timera.o(i.TIMER_A0_PWM_Init) for TIMER_A0_PWM_Init
    car.o(i.INIT_Motors) refers to timera.o(i.TIMER_A2_PWM_Init) for TIMER_A2_PWM_Init
    car.o(i.INIT_Motors) refers to system_msp432p4111.o(.data) for SystemCoreClock
    car.o(i.backward) refers to timera.o(i.TIMER_A0_PWM_DutyCycle) for TIMER_A0_PWM_DutyCycle
    car.o(i.forward) refers to timera.o(i.TIMER_A0_PWM_DutyCycle) for TIMER_A0_PWM_DutyCycle
    car.o(i.main) refers to cortexm.o(.emb_text) for DisableInterrupts
    car.o(i.main) refers to car.o(i.INIT) for INIT
    car.o(i.main) refers to leds.o(i.LED1_On) for LED1_On
    car.o(i.main) refers to uart.o(i.uart0_put) for uart0_put
    car.o(i.main) refers to car.o(i.myDelay) for myDelay
    car.o(i.main) refers to car.o(i.forward) for forward
    car.o(i.main) refers to leds.o(i.LED1_Off) for LED1_Off
    car.o(i.main) refers to leds.o(i.LED2_On) for LED2_On
    car.o(i.main) refers to car.o(i.smoothData) for smoothData
    car.o(i.main) refers to dflt_clz.o(x$fpl$dflt) for __aeabi_i2d
    car.o(i.main) refers to ddiv.o(x$fpl$ddiv) for __aeabi_ddiv
    car.o(i.main) refers to daddsub_clz.o(x$fpl$dadd) for __aeabi_dadd
    car.o(i.main) refers to car.o(i.stop) for stop
    car.o(i.main) refers to dleqf.o(x$fpl$dleqf) for __aeabi_cdcmple
    car.o(i.main) refers to dmul.o(x$fpl$dmul) for __aeabi_dmul
    car.o(i.main) refers to drleqf.o(x$fpl$drleqf) for __aeabi_cdrcmple
    car.o(i.main) refers to daddsub_clz.o(x$fpl$dsub) for __aeabi_dsub
    car.o(i.main) refers to daddsub_clz.o(x$fpl$drsb) for __aeabi_drsub
    car.o(i.main) refers to timera.o(i.TIMER_A2_PWM_DutyCycle) for TIMER_A2_PWM_DutyCycle
    car.o(i.main) refers to car.o(.bss) for map
    car.o(i.smoothData) refers to car.o(.bss) for map
    car.o(i.smoothData) refers to controlpins.o(.data) for g_sendData
    car.o(i.smoothData) refers to controlpins.o(.bss) for line
    car.o(i.stop) refers to timera.o(i.TIMER_A0_PWM_DutyCycle) for TIMER_A0_PWM_DutyCycle
    controlpins.o(i.CLK_Handler) refers to adc14.o(i.ADC_In) for ADC_In
    controlpins.o(i.CLK_Handler) refers to systicktimer.o(i.DisableSysTickTimer) for DisableSysTickTimer
    controlpins.o(i.CLK_Handler) refers to controlpins.o(.bss) for line
    controlpins.o(i.CLK_Handler) refers to controlpins.o(.data) for pixelCounter
    controlpins.o(i.ControlPin_CLK_Init) refers to timer32.o(i.CalcPeriodFromFrequency) for CalcPeriodFromFrequency
    controlpins.o(i.ControlPin_CLK_Init) refers to systicktimer.o(i.SysTickTimer_Init) for SysTickTimer_Init
    controlpins.o(i.ControlPin_CLK_Init) refers to systicktimer.o(i.DisableSysTickTimer) for DisableSysTickTimer
    controlpins.o(i.ControlPin_CLK_Init) refers to controlpins.o(i.CLK_Handler) for CLK_Handler
    controlpins.o(i.ControlPin_SI_Init) refers to timer32.o(i.CalcPeriodFromFrequency) for CalcPeriodFromFrequency
    controlpins.o(i.ControlPin_SI_Init) refers to timer32.o(i.Timer32_1_Init) for Timer32_1_Init
    controlpins.o(i.ControlPin_SI_Init) refers to controlpins.o(i.SI_Handler) for SI_Handler
    controlpins.o(i.SI_Handler) refers to systicktimer.o(i.EnableSysTickTimer) for EnableSysTickTimer
    cortexm.o(i.Clock_Delay1ms) refers to cortexm.o(.emb_text) for delay
    leds.o(i.LED2_On) refers to leds.o(i.LED2_Off) for LED2_Off
    systicktimer.o(i.SysTickTimer_Init) refers to cortexm.o(.emb_text) for StartCritical
    systicktimer.o(i.SysTickTimer_Init) refers to systicktimer.o(i.DisableSysTickTimer) for DisableSysTickTimer
    systicktimer.o(i.SysTickTimer_Init) refers to systicktimer.o(i.EnableSysTickTimer) for EnableSysTickTimer
    systicktimer.o(i.SysTickTimer_Init) refers to systicktimer.o(.data) for SysTickPeriodicTask
    systicktimer.o(i.SysTick_Handler) refers to systicktimer.o(.data) for g_SysTickTimerCounter
    timer32.o(i.CalcPeriodFromFrequency) refers to dflt_clz.o(x$fpl$dfltu) for __aeabi_ui2d
    timer32.o(i.CalcPeriodFromFrequency) refers to ddiv.o(x$fpl$ddiv) for __aeabi_ddiv
    timer32.o(i.CalcPeriodFromFrequency) refers to dfixu.o(x$fpl$dfixu) for __aeabi_d2uiz
    timer32.o(i.CalcPeriodFromFrequency) refers to system_msp432p4111.o(.data) for SystemCoreClock
    timer32.o(i.MS_Timeout_Handler) refers to timer32.o(.data) for timeOut
    timer32.o(i.T32_INT1_IRQHandler) refers to timer32.o(.data) for Timer32_1_PeriodicTask
    timer32.o(i.T32_INT2_IRQHandler) refers to timer32.o(.data) for Timer32_2_PeriodicTask
    timer32.o(i.Timer32_1_Init) refers to cortexm.o(.emb_text) for StartCritical
    timer32.o(i.Timer32_1_Init) refers to timer32.o(.data) for timer1Period
    timer32.o(i.Timer32_2_Init) refers to cortexm.o(.emb_text) for StartCritical
    timer32.o(i.Timer32_2_Init) refers to timer32.o(.data) for timer2Period
    timera.o(i.TIMER_A0_PWM_DutyCycle) refers to dflt_clz.o(x$fpl$dfltu) for __aeabi_ui2d
    timera.o(i.TIMER_A0_PWM_DutyCycle) refers to dmul.o(x$fpl$dmul) for __aeabi_dmul
    timera.o(i.TIMER_A0_PWM_DutyCycle) refers to dfixu.o(x$fpl$dfixu) for __aeabi_d2uiz
    timera.o(i.TIMER_A0_PWM_DutyCycle) refers to timera.o(.bss) for DEFAULT_PERIOD_A0
    timera.o(i.TIMER_A0_PWM_Init) refers to dflt_clz.o(x$fpl$dfltu) for __aeabi_ui2d
    timera.o(i.TIMER_A0_PWM_Init) refers to dmul.o(x$fpl$dmul) for __aeabi_dmul
    timera.o(i.TIMER_A0_PWM_Init) refers to dfixu.o(x$fpl$dfixu) for __aeabi_d2uiz
    timera.o(i.TIMER_A0_PWM_Init) refers to timera.o(.bss) for DEFAULT_PERIOD_A0
    timera.o(i.TIMER_A2_PWM_DutyCycle) refers to dflt_clz.o(x$fpl$dfltu) for __aeabi_ui2d
    timera.o(i.TIMER_A2_PWM_DutyCycle) refers to dmul.o(x$fpl$dmul) for __aeabi_dmul
    timera.o(i.TIMER_A2_PWM_DutyCycle) refers to dfixu.o(x$fpl$dfixu) for __aeabi_d2uiz
    timera.o(i.TIMER_A2_PWM_DutyCycle) refers to timera.o(.bss) for DEFAULT_PERIOD_A2
    timera.o(i.TIMER_A2_PWM_Init) refers to dflt_clz.o(x$fpl$dfltu) for __aeabi_ui2d
    timera.o(i.TIMER_A2_PWM_Init) refers to dmul.o(x$fpl$dmul) for __aeabi_dmul
    timera.o(i.TIMER_A2_PWM_Init) refers to dfixu.o(x$fpl$dfixu) for __aeabi_d2uiz
    timera.o(i.TIMER_A2_PWM_Init) refers to timera.o(.bss) for DEFAULT_PERIOD_A2
    uart.o(i.uart0_init) refers to system_msp432p4111.o(.data) for SystemCoreClock
    uart.o(i.uart0_put) refers to uart.o(i.uart0_putchar) for uart0_putchar
    uart.o(i.uart2_init) refers to system_msp432p4111.o(.data) for SystemCoreClock
    uart.o(i.uart2_put) refers to uart.o(i.uart2_putchar) for uart2_putchar
    startup_msp432p4111_uvision.o(STACK) refers (Special) to heapauxi.o(.text) for __use_two_region_memory
    startup_msp432p4111_uvision.o(HEAP) refers (Special) to heapauxi.o(.text) for __use_two_region_memory
    startup_msp432p4111_uvision.o(RESET) refers (Special) to heapauxi.o(.text) for __use_two_region_memory
    startup_msp432p4111_uvision.o(RESET) refers to startup_msp432p4111_uvision.o(STACK) for __initial_sp
    startup_msp432p4111_uvision.o(RESET) refers to startup_msp432p4111_uvision.o(.text) for Reset_Handler
    startup_msp432p4111_uvision.o(RESET) refers to systicktimer.o(i.SysTick_Handler) for SysTick_Handler
    startup_msp432p4111_uvision.o(RESET) refers to timer32.o(i.T32_INT1_IRQHandler) for T32_INT1_IRQHandler
    startup_msp432p4111_uvision.o(RESET) refers to timer32.o(i.T32_INT2_IRQHandler) for T32_INT2_IRQHandler
    startup_msp432p4111_uvision.o(.text) refers (Special) to heapauxi.o(.text) for __use_two_region_memory
    startup_msp432p4111_uvision.o(.text) refers to system_msp432p4111.o(i.SystemInit) for SystemInit
    startup_msp432p4111_uvision.o(.text) refers to __main.o(!!!main) for __main
    startup_msp432p4111_uvision.o(.text) refers to startup_msp432p4111_uvision.o(HEAP) for Heap_Mem
    startup_msp432p4111_uvision.o(.text) refers to startup_msp432p4111_uvision.o(STACK) for Stack_Mem
    system_msp432p4111.o(i.SystemCoreClockUpdate) refers to system_msp432p4111.o(.data) for SystemCoreClock
    __main.o(!!!main) refers to __rtentry.o(.ARM.Collect$$rtentry$$00000000) for __rt_entry
    daddsub_clz.o(x$fpl$dadd) refers (Special) to usenofp.o(x$fpl$usenofp) for __I$use$fp
    daddsub_clz.o(x$fpl$dadd) refers to daddsub_clz.o(x$fpl$dsub) for _dsub1
    daddsub_clz.o(x$fpl$dadd) refers to dretinf.o(x$fpl$dretinf) for __fpl_dretinf
    daddsub_clz.o(x$fpl$dadd) refers to dnaninf.o(x$fpl$dnaninf) for __fpl_dnaninf
    daddsub_clz.o(x$fpl$drsb) refers (Special) to usenofp.o(x$fpl$usenofp) for __I$use$fp
    daddsub_clz.o(x$fpl$drsb) refers to daddsub_clz.o(x$fpl$dadd) for _dadd1
    daddsub_clz.o(x$fpl$drsb) refers to daddsub_clz.o(x$fpl$dsub) for _dsub1
    daddsub_clz.o(x$fpl$dsub) refers (Special) to usenofp.o(x$fpl$usenofp) for __I$use$fp
    daddsub_clz.o(x$fpl$dsub) refers to daddsub_clz.o(x$fpl$dadd) for _dadd1
    daddsub_clz.o(x$fpl$dsub) refers to dnaninf.o(x$fpl$dnaninf) for __fpl_dnaninf
    ddiv.o(x$fpl$drdiv) refers (Special) to usenofp.o(x$fpl$usenofp) for __I$use$fp
    ddiv.o(x$fpl$drdiv) refers to ddiv.o(x$fpl$ddiv) for ddiv_entry
    ddiv.o(x$fpl$ddiv) refers (Special) to usenofp.o(x$fpl$usenofp) for __I$use$fp
    ddiv.o(x$fpl$ddiv) refers to dretinf.o(x$fpl$dretinf) for __fpl_dretinf
    ddiv.o(x$fpl$ddiv) refers to dnaninf.o(x$fpl$dnaninf) for __fpl_dnaninf
    dfixu.o(x$fpl$dfixu) refers (Special) to usenofp.o(x$fpl$usenofp) for __I$use$fp
    dfixu.o(x$fpl$dfixu) refers to dnaninf.o(x$fpl$dnaninf) for __fpl_dnaninf
    dfixu.o(x$fpl$dfixur) refers (Special) to usenofp.o(x$fpl$usenofp) for __I$use$fp
    dfixu.o(x$fpl$dfixur) refers to dnaninf.o(x$fpl$dnaninf) for __fpl_dnaninf
    dflt_clz.o(x$fpl$dfltu) refers (Special) to usenofp.o(x$fpl$usenofp) for __I$use$fp
    dflt_clz.o(x$fpl$dflt) refers (Special) to usenofp.o(x$fpl$usenofp) for __I$use$fp
    dflt_clz.o(x$fpl$dfltn) refers (Special) to usenofp.o(x$fpl$usenofp) for __I$use$fp
    dleqf.o(x$fpl$dleqf) refers (Special) to usenofp.o(x$fpl$usenofp) for __I$use$fp
    dleqf.o(x$fpl$dleqf) refers to dnaninf.o(x$fpl$dnaninf) for __fpl_dnaninf
    dleqf.o(x$fpl$dleqf) refers to dcmpi.o(x$fpl$dcmpinf) for __fpl_dcmp_Inf
    dmul.o(x$fpl$dmul) refers (Special) to usenofp.o(x$fpl$usenofp) for __I$use$fp
    dmul.o(x$fpl$dmul) refers to dretinf.o(x$fpl$dretinf) for __fpl_dretinf
    dmul.o(x$fpl$dmul) refers to dnaninf.o(x$fpl$dnaninf) for __fpl_dnaninf
    drleqf.o(x$fpl$drleqf) refers (Special) to usenofp.o(x$fpl$usenofp) for __I$use$fp
    drleqf.o(x$fpl$drleqf) refers to dleqf.o(x$fpl$dleqf) for __fpl_dcmple_InfNaN
    __rtentry.o(.ARM.Collect$$rtentry$$00000000) refers (Special) to __rtentry2.o(.ARM.Collect$$rtentry$$0000000A) for __rt_entry_li
    __rtentry.o(.ARM.Collect$$rtentry$$00000000) refers (Special) to __rtentry2.o(.ARM.Collect$$rtentry$$0000000D) for __rt_entry_main
    __rtentry.o(.ARM.Collect$$rtentry$$00000000) refers (Special) to __rtentry2.o(.ARM.Collect$$rtentry$$0000000C) for __rt_entry_postli_1
    __rtentry.o(.ARM.Collect$$rtentry$$00000000) refers (Special) to __rtentry2.o(.ARM.Collect$$rtentry$$00000009) for __rt_entry_postsh_1
    __rtentry.o(.ARM.Collect$$rtentry$$00000000) refers (Special) to __rtentry2.o(.ARM.Collect$$rtentry$$00000002) for __rt_entry_presh_1
    __rtentry.o(.ARM.Collect$$rtentry$$00000000) refers (Special) to __rtentry4.o(.ARM.Collect$$rtentry$$00000004) for __rt_entry_sh
    dcmpi.o(x$fpl$dcmpinf) refers (Special) to usenofp.o(x$fpl$usenofp) for __I$use$fp
    dnaninf.o(x$fpl$dnaninf) refers (Special) to usenofp.o(x$fpl$usenofp) for __I$use$fp
    dretinf.o(x$fpl$dretinf) refers (Special) to usenofp.o(x$fpl$usenofp) for __I$use$fp
    __rtentry2.o(.ARM.Collect$$rtentry$$00000008) refers to boardinit2.o(.text) for _platform_post_stackheap_init
    __rtentry2.o(.ARM.Collect$$rtentry$$0000000A) refers to libinit.o(.ARM.Collect$$libinit$$00000000) for __rt_lib_init
    __rtentry2.o(.ARM.Collect$$rtentry$$0000000B) refers to boardinit3.o(.text) for _platform_post_lib_init
    __rtentry2.o(.ARM.Collect$$rtentry$$0000000D) refers to car.o(i.main) for main
    __rtentry2.o(.ARM.Collect$$rtentry$$0000000D) refers to exit.o(.text) for exit
    __rtentry2.o(.ARM.exidx) refers to __rtentry2.o(.ARM.Collect$$rtentry$$00000001) for .ARM.Collect$$rtentry$$00000001
    __rtentry2.o(.ARM.exidx) refers to __rtentry2.o(.ARM.Collect$$rtentry$$00000008) for .ARM.Collect$$rtentry$$00000008
    __rtentry2.o(.ARM.exidx) refers to __rtentry2.o(.ARM.Collect$$rtentry$$0000000A) for .ARM.Collect$$rtentry$$0000000A
    __rtentry2.o(.ARM.exidx) refers to __rtentry2.o(.ARM.Collect$$rtentry$$0000000B) for .ARM.Collect$$rtentry$$0000000B
    __rtentry2.o(.ARM.exidx) refers to __rtentry2.o(.ARM.Collect$$rtentry$$0000000D) for .ARM.Collect$$rtentry$$0000000D
    __rtentry4.o(.ARM.Collect$$rtentry$$00000004) refers to sys_stackheap_outer.o(.text) for __user_setup_stackheap
    __rtentry4.o(.ARM.exidx) refers to __rtentry4.o(.ARM.Collect$$rtentry$$00000004) for .ARM.Collect$$rtentry$$00000004
    sys_stackheap_outer.o(.text) refers to libspace.o(.text) for __user_perproc_libspace
    sys_stackheap_outer.o(.text) refers to startup_msp432p4111_uvision.o(.text) for __user_initial_stackheap
    exit.o(.text) refers to rtexit.o(.ARM.Collect$$rtexit$$00000000) for __rt_exit
    libinit.o(.ARM.Collect$$libinit$$00000000) refers (Special) to libinit2.o(.ARM.Collect$$libinit$$0000002E) for __rt_lib_init_alloca_1
    libinit.o(.ARM.Collect$$libinit$$00000000) refers (Special) to libinit2.o(.ARM.Collect$$libinit$$0000002C) for __rt_lib_init_argv_1
    libinit.o(.ARM.Collect$$libinit$$00000000) refers (Special) to libinit2.o(.ARM.Collect$$libinit$$0000001B) for __rt_lib_init_atexit_1
    libinit.o(.ARM.Collect$$libinit$$00000000) refers (Special) to libinit2.o(.ARM.Collect$$libinit$$00000021) for __rt_lib_init_clock_1
    libinit.o(.ARM.Collect$$libinit$$00000000) refers (Special) to libinit2.o(.ARM.Collect$$libinit$$00000032) for __rt_lib_init_cpp_1
    libinit.o(.ARM.Collect$$libinit$$00000000) refers (Special) to libinit2.o(.ARM.Collect$$libinit$$00000030) for __rt_lib_init_exceptions_1
    libinit.o(.ARM.Collect$$libinit$$00000000) refers (Special) to libinit2.o(.ARM.Collect$$libinit$$00000001) for __rt_lib_init_fp_1
    libinit.o(.ARM.Collect$$libinit$$00000000) refers (Special) to libinit2.o(.ARM.Collect$$libinit$$0000001F) for __rt_lib_init_fp_trap_1
    libinit.o(.ARM.Collect$$libinit$$00000000) refers (Special) to libinit2.o(.ARM.Collect$$libinit$$00000023) for __rt_lib_init_getenv_1
    libinit.o(.ARM.Collect$$libinit$$00000000) refers (Special) to libinit2.o(.ARM.Collect$$libinit$$0000000A) for __rt_lib_init_heap_1
    libinit.o(.ARM.Collect$$libinit$$00000000) refers (Special) to libinit2.o(.ARM.Collect$$libinit$$00000011) for __rt_lib_init_lc_collate_1
    libinit.o(.ARM.Collect$$libinit$$00000000) refers (Special) to libinit2.o(.ARM.Collect$$libinit$$00000013) for __rt_lib_init_lc_ctype_1
    libinit.o(.ARM.Collect$$libinit$$00000000) refers (Special) to libinit2.o(.ARM.Collect$$libinit$$00000015) for __rt_lib_init_lc_monetary_1
    libinit.o(.ARM.Collect$$libinit$$00000000) refers (Special) to libinit2.o(.ARM.Collect$$libinit$$00000017) for __rt_lib_init_lc_numeric_1
    libinit.o(.ARM.Collect$$libinit$$00000000) refers (Special) to libinit2.o(.ARM.Collect$$libinit$$00000019) for __rt_lib_init_lc_time_1
    libinit.o(.ARM.Collect$$libinit$$00000000) refers (Special) to libinit2.o(.ARM.Collect$$libinit$$00000004) for __rt_lib_init_preinit_1
    libinit.o(.ARM.Collect$$libinit$$00000000) refers (Special) to libinit2.o(.ARM.Collect$$libinit$$0000000E) for __rt_lib_init_rand_1
    libinit.o(.ARM.Collect$$libinit$$00000000) refers (Special) to libinit2.o(.ARM.Collect$$libinit$$00000033) for __rt_lib_init_return
    libinit.o(.ARM.Collect$$libinit$$00000000) refers (Special) to libinit2.o(.ARM.Collect$$libinit$$0000001D) for __rt_lib_init_signal_1
    libinit.o(.ARM.Collect$$libinit$$00000000) refers (Special) to libinit2.o(.ARM.Collect$$libinit$$00000025) for __rt_lib_init_stdio_1
    libinit.o(.ARM.Collect$$libinit$$00000000) refers (Special) to libinit2.o(.ARM.Collect$$libinit$$0000000C) for __rt_lib_init_user_alloc_1
    libspace.o(.text) refers to libspace.o(.bss) for __libspace_start
    rtexit.o(.ARM.Collect$$rtexit$$00000000) refers (Special) to rtexit2.o(.ARM.Collect$$rtexit$$00000004) for __rt_exit_exit
    rtexit.o(.ARM.Collect$$rtexit$$00000000) refers (Special) to rtexit2.o(.ARM.Collect$$rtexit$$00000003) for __rt_exit_ls
    rtexit.o(.ARM.Collect$$rtexit$$00000000) refers (Special) to rtexit2.o(.ARM.Collect$$rtexit$$00000002) for __rt_exit_prels_1
    rtexit.o(.ARM.exidx) refers (Special) to rtexit2.o(.ARM.Collect$$rtexit$$00000004) for __rt_exit_exit
    rtexit.o(.ARM.exidx) refers (Special) to rtexit2.o(.ARM.Collect$$rtexit$$00000003) for __rt_exit_ls
    rtexit.o(.ARM.exidx) refers (Special) to rtexit2.o(.ARM.Collect$$rtexit$$00000002) for __rt_exit_prels_1
    rtexit.o(.ARM.exidx) refers to rtexit.o(.ARM.Collect$$rtexit$$00000000) for .ARM.Collect$$rtexit$$00000000
    libinit2.o(.ARM.Collect$$libinit$$00000001) refers to fpinit.o(x$fpl$fpinit) for _fp_init
    libinit2.o(.ARM.Collect$$libinit$$00000010) refers to libinit2.o(.ARM.Collect$$libinit$$0000000F) for .ARM.Collect$$libinit$$0000000F
    libinit2.o(.ARM.Collect$$libinit$$00000012) refers to libinit2.o(.ARM.Collect$$libinit$$0000000F) for .ARM.Collect$$libinit$$0000000F
    libinit2.o(.ARM.Collect$$libinit$$00000014) refers to libinit2.o(.ARM.Collect$$libinit$$0000000F) for .ARM.Collect$$libinit$$0000000F
    libinit2.o(.ARM.Collect$$libinit$$00000016) refers to libinit2.o(.ARM.Collect$$libinit$$0000000F) for .ARM.Collect$$libinit$$0000000F
    libinit2.o(.ARM.Collect$$libinit$$00000018) refers to libinit2.o(.ARM.Collect$$libinit$$0000000F) for .ARM.Collect$$libinit$$0000000F
    libinit2.o(.ARM.Collect$$libinit$$00000026) refers to argv_veneer.o(.emb_text) for __ARM_argv_veneer
    libinit2.o(.ARM.Collect$$libinit$$00000027) refers to argv_veneer.o(.emb_text) for __ARM_argv_veneer
    rtexit2.o(.ARM.Collect$$rtexit$$00000003) refers to libshutdown.o(.ARM.Collect$$libshutdown$$00000000) for __rt_lib_shutdown
    rtexit2.o(.ARM.Collect$$rtexit$$00000004) refers to sys_exit.o(.text) for _sys_exit
    rtexit2.o(.ARM.exidx) refers to rtexit2.o(.ARM.Collect$$rtexit$$00000001) for .ARM.Collect$$rtexit$$00000001
    rtexit2.o(.ARM.exidx) refers to rtexit2.o(.ARM.Collect$$rtexit$$00000003) for .ARM.Collect$$rtexit$$00000003
    rtexit2.o(.ARM.exidx) refers to rtexit2.o(.ARM.Collect$$rtexit$$00000004) for .ARM.Collect$$rtexit$$00000004
    argv_veneer.o(.emb_text) refers to no_argv.o(.text) for __ARM_get_argv
    sys_exit.o(.text) refers (Special) to use_no_semi.o(.text) for __I$use$semihosting
    sys_exit.o(.text) refers (Special) to indicate_semi.o(.text) for __semihosting_library_function
    _get_argv_nomalloc.o(.text) refers (Special) to hrguard.o(.text) for __heap_region$guard
    _get_argv_nomalloc.o(.text) refers to defsig_rtmem_outer.o(.text) for __rt_SIGRTMEM
    _get_argv_nomalloc.o(.text) refers to sys_command.o(.text) for _sys_command_string
    libshutdown.o(.ARM.Collect$$libshutdown$$00000000) refers (Special) to libshutdown2.o(.ARM.Collect$$libshutdown$$00000004) for __rt_lib_shutdown_cpp_1
    libshutdown.o(.ARM.Collect$$libshutdown$$00000000) refers (Special) to libshutdown2.o(.ARM.Collect$$libshutdown$$00000002) for __rt_lib_shutdown_fini_1
    libshutdown.o(.ARM.Collect$$libshutdown$$00000000) refers (Special) to libshutdown2.o(.ARM.Collect$$libshutdown$$00000009) for __rt_lib_shutdown_fp_trap_1
    libshutdown.o(.ARM.Collect$$libshutdown$$00000000) refers (Special) to libshutdown2.o(.ARM.Collect$$libshutdown$$00000011) for __rt_lib_shutdown_heap_1
    libshutdown.o(.ARM.Collect$$libshutdown$$00000000) refers (Special) to libshutdown2.o(.ARM.Collect$$libshutdown$$00000012) for __rt_lib_shutdown_return
    libshutdown.o(.ARM.Collect$$libshutdown$$00000000) refers (Special) to libshutdown2.o(.ARM.Collect$$libshutdown$$0000000C) for __rt_lib_shutdown_signal_1
    libshutdown.o(.ARM.Collect$$libshutdown$$00000000) refers (Special) to libshutdown2.o(.ARM.Collect$$libshutdown$$00000006) for __rt_lib_shutdown_stdio_1
    libshutdown.o(.ARM.Collect$$libshutdown$$00000000) refers (Special) to libshutdown2.o(.ARM.Collect$$libshutdown$$0000000E) for __rt_lib_shutdown_user_alloc_1
    sys_command.o(.text) refers (Special) to use_no_semi.o(.text) for __I$use$semihosting
    sys_command.o(.text) refers (Special) to indicate_semi.o(.text) for __semihosting_library_function
    defsig_rtmem_outer.o(.text) refers to defsig_rtmem_inner.o(.text) for __rt_SIGRTMEM_inner
    defsig_rtmem_outer.o(.text) refers to defsig_exit.o(.text) for __sig_exit
    defsig_rtmem_formal.o(.text) refers to rt_raise.o(.text) for __rt_raise
    rt_raise.o(.text) refers to __raise.o(.text) for __raise
    rt_raise.o(.text) refers to sys_exit.o(.text) for _sys_exit
    defsig_exit.o(.text) refers to sys_exit.o(.text) for _sys_exit
    defsig_rtmem_inner.o(.text) refers to defsig_general.o(.text) for __default_signal_display
    __raise.o(.text) refers to defsig.o(CL$$defsig) for __default_signal_handler
    defsig_general.o(.text) refers to sys_wrch.o(.text) for _ttywrch
    sys_wrch.o(.text) refers (Special) to use_no_semi.o(.text) for __I$use$semihosting
    sys_wrch.o(.text) refers (Special) to indicate_semi.o(.text) for __semihosting_library_function
    defsig.o(CL$$defsig) refers to defsig_rtmem_inner.o(.text) for __rt_SIGRTMEM_inner
    defsig_abrt_inner.o(.text) refers to defsig_general.o(.text) for __default_signal_display
    defsig_fpe_inner.o(.text) refers to defsig_general.o(.text) for __default_signal_display
    defsig_rtred_inner.o(.text) refers to defsig_general.o(.text) for __default_signal_display
    defsig_stak_inner.o(.text) refers to defsig_general.o(.text) for __default_signal_display
    defsig_pvfn_inner.o(.text) refers to defsig_general.o(.text) for __default_signal_display
    defsig_cppl_inner.o(.text) refers to defsig_general.o(.text) for __default_signal_display
    defsig_segv_inner.o(.text) refers to defsig_general.o(.text) for __default_signal_display
    defsig_other.o(.text) refers to defsig_general.o(.text) for __default_signal_display


==============================================================================

Removing Unused input sections from the image.

    Removing car.o(.rev16_text), (4 bytes).
    Removing car.o(.revsh_text), (4 bytes).
    Removing car.o(.rrx_text), (6 bytes).
    Removing car.o(i.backward), (60 bytes).
    Removing adc14.o(.rev16_text), (4 bytes).
    Removing adc14.o(.revsh_text), (4 bytes).
    Removing adc14.o(.rrx_text), (6 bytes).
    Removing controlpins.o(.rev16_text), (4 bytes).
    Removing controlpins.o(.revsh_text), (4 bytes).
    Removing controlpins.o(.rrx_text), (6 bytes).
    Removing cortexm.o(i.Clock_Delay1ms), (22 bytes).
    Removing leds.o(.rev16_text), (4 bytes).
    Removing leds.o(.revsh_text), (4 bytes).
    Removing leds.o(.rrx_text), (6 bytes).
    Removing leds.o(i.LED1_State), (20 bytes).
    Removing switches.o(.rev16_text), (4 bytes).
    Removing switches.o(.revsh_text), (4 bytes).
    Removing switches.o(.rrx_text), (6 bytes).
    Removing switches.o(i.Switch1_Pressed), (20 bytes).
    Removing switches.o(i.Switch2_Pressed), (20 bytes).
    Removing systicktimer.o(.rev16_text), (4 bytes).
    Removing systicktimer.o(.revsh_text), (4 bytes).
    Removing systicktimer.o(.rrx_text), (6 bytes).
    Removing timer32.o(.rev16_text), (4 bytes).
    Removing timer32.o(.revsh_text), (4 bytes).
    Removing timer32.o(.rrx_text), (6 bytes).
    Removing timer32.o(i.MS_Timeout_Handler), (12 bytes).
    Removing timer32.o(i.Timer32_2_Init), (128 bytes).
    Removing timera.o(.rev16_text), (4 bytes).
    Removing timera.o(.revsh_text), (4 bytes).
    Removing timera.o(.rrx_text), (6 bytes).
    Removing uart.o(.rev16_text), (4 bytes).
    Removing uart.o(.revsh_text), (4 bytes).
    Removing uart.o(.rrx_text), (6 bytes).
    Removing uart.o(i.uart0_dataAvailable), (20 bytes).
    Removing uart.o(i.uart0_getchar), (36 bytes).
    Removing uart.o(i.uart2_dataAvailable), (20 bytes).
    Removing uart.o(i.uart2_getchar), (40 bytes).
    Removing uart.o(i.uart2_put), (22 bytes).
    Removing uart.o(i.uart2_putchar), (36 bytes).
    Removing system_msp432p4111.o(.rev16_text), (4 bytes).
    Removing system_msp432p4111.o(.revsh_text), (4 bytes).
    Removing system_msp432p4111.o(.rrx_text), (6 bytes).
    Removing system_msp432p4111.o(i.SystemCoreClockUpdate), (628 bytes).

44 unused section(s) (total 1224 bytes) removed from the image.

==============================================================================

Image Symbol Table

    Local Symbols

    Symbol Name                              Value     Ov Type        Size  Object(Section)

    RESET                                    0x00000000   Section      324  startup_msp432p4111_uvision.o(RESET)
    ../clib/angel/boardlib.s                 0x00000000   Number         0  boardinit3.o ABSOLUTE
    ../clib/angel/boardlib.s                 0x00000000   Number         0  boardshut.o ABSOLUTE
    ../clib/angel/boardlib.s                 0x00000000   Number         0  boardinit1.o ABSOLUTE
    ../clib/angel/boardlib.s                 0x00000000   Number         0  boardinit2.o ABSOLUTE
    ../clib/angel/handlers.s                 0x00000000   Number         0  __scatter_zi.o ABSOLUTE
    ../clib/angel/handlers.s                 0x00000000   Number         0  __scatter_copy.o ABSOLUTE
    ../clib/angel/kernel.s                   0x00000000   Number         0  __rtentry2.o ABSOLUTE
    ../clib/angel/kernel.s                   0x00000000   Number         0  __rtentry4.o ABSOLUTE
    ../clib/angel/kernel.s                   0x00000000   Number         0  __rtentry.o ABSOLUTE
    ../clib/angel/kernel.s                   0x00000000   Number         0  rtexit2.o ABSOLUTE
    ../clib/angel/kernel.s                   0x00000000   Number         0  rtexit.o ABSOLUTE
    ../clib/angel/rt.s                       0x00000000   Number         0  rt_raise.o ABSOLUTE
    ../clib/angel/scatter.s                  0x00000000   Number         0  __scatter.o ABSOLUTE
    ../clib/angel/startup.s                  0x00000000   Number         0  __main.o ABSOLUTE
    ../clib/angel/sys.s                      0x00000000   Number         0  use_no_semi.o ABSOLUTE
    ../clib/angel/sys.s                      0x00000000   Number         0  sys_stackheap_outer.o ABSOLUTE
    ../clib/angel/sys.s                      0x00000000   Number         0  indicate_semi.o ABSOLUTE
    ../clib/angel/sys.s                      0x00000000   Number         0  libspace.o ABSOLUTE
    ../clib/angel/sysapp.c                   0x00000000   Number         0  sys_command.o ABSOLUTE
    ../clib/angel/sysapp.c                   0x00000000   Number         0  sys_wrch.o ABSOLUTE
    ../clib/angel/sysapp.c                   0x00000000   Number         0  sys_exit.o ABSOLUTE
    ../clib/armsys.c                         0x00000000   Number         0  no_argv.o ABSOLUTE
    ../clib/armsys.c                         0x00000000   Number         0  _get_argv_nomalloc.o ABSOLUTE
    ../clib/armsys.c                         0x00000000   Number         0  argv_veneer.o ABSOLUTE
    ../clib/armsys.c                         0x00000000   Number         0  argv_veneer.o ABSOLUTE
    ../clib/heapalloc.c                      0x00000000   Number         0  hrguard.o ABSOLUTE
    ../clib/heapaux.c                        0x00000000   Number         0  heapauxi.o ABSOLUTE
    ../clib/libinit.s                        0x00000000   Number         0  libshutdown2.o ABSOLUTE
    ../clib/libinit.s                        0x00000000   Number         0  libinit.o ABSOLUTE
    ../clib/libinit.s                        0x00000000   Number         0  libinit2.o ABSOLUTE
    ../clib/libinit.s                        0x00000000   Number         0  libshutdown.o ABSOLUTE
    ../clib/signal.c                         0x00000000   Number         0  defsig_fpe_inner.o ABSOLUTE
    ../clib/signal.c                         0x00000000   Number         0  defsig_segv_inner.o ABSOLUTE
    ../clib/signal.c                         0x00000000   Number         0  defsig_general.o ABSOLUTE
    ../clib/signal.c                         0x00000000   Number         0  __raise.o ABSOLUTE
    ../clib/signal.c                         0x00000000   Number         0  defsig_rtmem_inner.o ABSOLUTE
    ../clib/signal.c                         0x00000000   Number         0  defsig_exit.o ABSOLUTE
    ../clib/signal.c                         0x00000000   Number         0  defsig_rtred_inner.o ABSOLUTE
    ../clib/signal.c                         0x00000000   Number         0  defsig_stak_inner.o ABSOLUTE
    ../clib/signal.c                         0x00000000   Number         0  defsig_rtmem_formal.o ABSOLUTE
    ../clib/signal.c                         0x00000000   Number         0  defsig_rtmem_outer.o ABSOLUTE
    ../clib/signal.c                         0x00000000   Number         0  defsig_pvfn_inner.o ABSOLUTE
    ../clib/signal.c                         0x00000000   Number         0  defsig_cppl_inner.o ABSOLUTE
    ../clib/signal.c                         0x00000000   Number         0  defsig_abrt_inner.o ABSOLUTE
    ../clib/signal.c                         0x00000000   Number         0  defsig_other.o ABSOLUTE
    ../clib/signal.s                         0x00000000   Number         0  defsig.o ABSOLUTE
    ../clib/stdlib.c                         0x00000000   Number         0  exit.o ABSOLUTE
    ../fplib/daddsub.s                       0x00000000   Number         0  daddsub_clz.o ABSOLUTE
    ../fplib/dcmpi.s                         0x00000000   Number         0  dcmpi.o ABSOLUTE
    ../fplib/ddiv.s                          0x00000000   Number         0  ddiv.o ABSOLUTE
    ../fplib/dfixu.s                         0x00000000   Number         0  dfixu.o ABSOLUTE
    ../fplib/dflt.s                          0x00000000   Number         0  dflt_clz.o ABSOLUTE
    ../fplib/dleqf.s                         0x00000000   Number         0  dleqf.o ABSOLUTE
    ../fplib/dmul.s                          0x00000000   Number         0  dmul.o ABSOLUTE
    ../fplib/dnaninf.s                       0x00000000   Number         0  dnaninf.o ABSOLUTE
    ../fplib/dretinf.s                       0x00000000   Number         0  dretinf.o ABSOLUTE
    ../fplib/drleqf.s                        0x00000000   Number         0  drleqf.o ABSOLUTE
    ../fplib/fpinit.s                        0x00000000   Number         0  fpinit.o ABSOLUTE
    ../fplib/usenofp.s                       0x00000000   Number         0  usenofp.o ABSOLUTE
    ADC14.c                                  0x00000000   Number         0  adc14.o ABSOLUTE
    ADC14.c                                  0x00000000   Number         0  adc14.o ABSOLUTE
    Car.c                                    0x00000000   Number         0  car.o ABSOLUTE
    Car.c                                    0x00000000   Number         0  car.o ABSOLUTE
    ControlPins.c                            0x00000000   Number         0  controlpins.o ABSOLUTE
    ControlPins.c                            0x00000000   Number         0  controlpins.o ABSOLUTE
    CortexM.c                                0x00000000   Number         0  cortexm.o ABSOLUTE
    CortexM.c                                0x00000000   Number         0  cortexm.o ABSOLUTE
    RTE\Device\MSP432P4111\startup_msp432p4111_uvision.s 0x00000000   Number         0  startup_msp432p4111_uvision.o ABSOLUTE
    RTE\Device\MSP432P4111\system_msp432p4111.c 0x00000000   Number         0  system_msp432p4111.o ABSOLUTE
    RTE\\Device\\MSP432P4111\\system_msp432p4111.c 0x00000000   Number         0  system_msp432p4111.o ABSOLUTE
    SysTickTimer.c                           0x00000000   Number         0  systicktimer.o ABSOLUTE
    SysTickTimer.c                           0x00000000   Number         0  systicktimer.o ABSOLUTE
    Timer32.c                                0x00000000   Number         0  timer32.o ABSOLUTE
    Timer32.c                                0x00000000   Number         0  timer32.o ABSOLUTE
    TimerA.c                                 0x00000000   Number         0  timera.o ABSOLUTE
    TimerA.c                                 0x00000000   Number         0  timera.o ABSOLUTE
    dc.s                                     0x00000000   Number         0  dc.o ABSOLUTE
    leds.c                                   0x00000000   Number         0  leds.o ABSOLUTE
    leds.c                                   0x00000000   Number         0  leds.o ABSOLUTE
    switches.c                               0x00000000   Number         0  switches.o ABSOLUTE
    switches.c                               0x00000000   Number         0  switches.o ABSOLUTE
    uart.c                                   0x00000000   Number         0  uart.o ABSOLUTE
    uart.c                                   0x00000000   Number         0  uart.o ABSOLUTE
    !!!main                                  0x00000144   Section        8  __main.o(!!!main)
    !!!scatter                               0x0000014c   Section       52  __scatter.o(!!!scatter)
    !!handler_copy                           0x00000180   Section       26  __scatter_copy.o(!!handler_copy)
    !!handler_zi                             0x0000019c   Section       28  __scatter_zi.o(!!handler_zi)
    .ARM.Collect$$libinit$$00000000          0x000001b8   Section        2  libinit.o(.ARM.Collect$$libinit$$00000000)
    .ARM.Collect$$libinit$$00000001          0x000001ba   Section        4  libinit2.o(.ARM.Collect$$libinit$$00000001)
    .ARM.Collect$$libinit$$00000004          0x000001be   Section        0  libinit2.o(.ARM.Collect$$libinit$$00000004)
    .ARM.Collect$$libinit$$0000000A          0x000001be   Section        0  libinit2.o(.ARM.Collect$$libinit$$0000000A)
    .ARM.Collect$$libinit$$0000000C          0x000001be   Section        0  libinit2.o(.ARM.Collect$$libinit$$0000000C)
    .ARM.Collect$$libinit$$0000000E          0x000001be   Section        0  libinit2.o(.ARM.Collect$$libinit$$0000000E)
    .ARM.Collect$$libinit$$00000011          0x000001be   Section        0  libinit2.o(.ARM.Collect$$libinit$$00000011)
    .ARM.Collect$$libinit$$00000013          0x000001be   Section        0  libinit2.o(.ARM.Collect$$libinit$$00000013)
    .ARM.Collect$$libinit$$00000015          0x000001be   Section        0  libinit2.o(.ARM.Collect$$libinit$$00000015)
    .ARM.Collect$$libinit$$00000017          0x000001be   Section        0  libinit2.o(.ARM.Collect$$libinit$$00000017)
    .ARM.Collect$$libinit$$00000019          0x000001be   Section        0  libinit2.o(.ARM.Collect$$libinit$$00000019)
    .ARM.Collect$$libinit$$0000001B          0x000001be   Section        0  libinit2.o(.ARM.Collect$$libinit$$0000001B)
    .ARM.Collect$$libinit$$0000001D          0x000001be   Section        0  libinit2.o(.ARM.Collect$$libinit$$0000001D)
    .ARM.Collect$$libinit$$0000001F          0x000001be   Section        0  libinit2.o(.ARM.Collect$$libinit$$0000001F)
    .ARM.Collect$$libinit$$00000021          0x000001be   Section        0  libinit2.o(.ARM.Collect$$libinit$$00000021)
    .ARM.Collect$$libinit$$00000023          0x000001be   Section        0  libinit2.o(.ARM.Collect$$libinit$$00000023)
    .ARM.Collect$$libinit$$00000025          0x000001be   Section        0  libinit2.o(.ARM.Collect$$libinit$$00000025)
    .ARM.Collect$$libinit$$0000002C          0x000001be   Section        0  libinit2.o(.ARM.Collect$$libinit$$0000002C)
    .ARM.Collect$$libinit$$0000002E          0x000001be   Section        0  libinit2.o(.ARM.Collect$$libinit$$0000002E)
    .ARM.Collect$$libinit$$00000030          0x000001be   Section        0  libinit2.o(.ARM.Collect$$libinit$$00000030)
    .ARM.Collect$$libinit$$00000032          0x000001be   Section        0  libinit2.o(.ARM.Collect$$libinit$$00000032)
    .ARM.Collect$$libinit$$00000033          0x000001be   Section        2  libinit2.o(.ARM.Collect$$libinit$$00000033)
    .ARM.Collect$$libshutdown$$00000000      0x000001c0   Section        2  libshutdown.o(.ARM.Collect$$libshutdown$$00000000)
    .ARM.Collect$$libshutdown$$00000002      0x000001c2   Section        0  libshutdown2.o(.ARM.Collect$$libshutdown$$00000002)
    .ARM.Collect$$libshutdown$$00000004      0x000001c2   Section        0  libshutdown2.o(.ARM.Collect$$libshutdown$$00000004)
    .ARM.Collect$$libshutdown$$00000006      0x000001c2   Section        0  libshutdown2.o(.ARM.Collect$$libshutdown$$00000006)
    .ARM.Collect$$libshutdown$$00000009      0x000001c2   Section        0  libshutdown2.o(.ARM.Collect$$libshutdown$$00000009)
    .ARM.Collect$$libshutdown$$0000000C      0x000001c2   Section        0  libshutdown2.o(.ARM.Collect$$libshutdown$$0000000C)
    .ARM.Collect$$libshutdown$$0000000E      0x000001c2   Section        0  libshutdown2.o(.ARM.Collect$$libshutdown$$0000000E)
    .ARM.Collect$$libshutdown$$00000011      0x000001c2   Section        0  libshutdown2.o(.ARM.Collect$$libshutdown$$00000011)
    .ARM.Collect$$libshutdown$$00000012      0x000001c2   Section        2  libshutdown2.o(.ARM.Collect$$libshutdown$$00000012)
    .ARM.Collect$$rtentry$$00000000          0x000001c4   Section        0  __rtentry.o(.ARM.Collect$$rtentry$$00000000)
    .ARM.Collect$$rtentry$$00000002          0x000001c4   Section        0  __rtentry2.o(.ARM.Collect$$rtentry$$00000002)
    .ARM.Collect$$rtentry$$00000004          0x000001c4   Section        6  __rtentry4.o(.ARM.Collect$$rtentry$$00000004)
    .ARM.Collect$$rtentry$$00000009          0x000001ca   Section        0  __rtentry2.o(.ARM.Collect$$rtentry$$00000009)
    .ARM.Collect$$rtentry$$0000000A          0x000001ca   Section        4  __rtentry2.o(.ARM.Collect$$rtentry$$0000000A)
    .ARM.Collect$$rtentry$$0000000C          0x000001ce   Section        0  __rtentry2.o(.ARM.Collect$$rtentry$$0000000C)
    .ARM.Collect$$rtentry$$0000000D          0x000001ce   Section        8  __rtentry2.o(.ARM.Collect$$rtentry$$0000000D)
    .ARM.Collect$$rtexit$$00000000           0x000001d6   Section        2  rtexit.o(.ARM.Collect$$rtexit$$00000000)
    .ARM.Collect$$rtexit$$00000002           0x000001d8   Section        0  rtexit2.o(.ARM.Collect$$rtexit$$00000002)
    .ARM.Collect$$rtexit$$00000003           0x000001d8   Section        4  rtexit2.o(.ARM.Collect$$rtexit$$00000003)
    .ARM.Collect$$rtexit$$00000004           0x000001dc   Section        6  rtexit2.o(.ARM.Collect$$rtexit$$00000004)
    .emb_text                                0x000001e4   Section       32  cortexm.o(.emb_text)
    $v0                                      0x000001e4   Number         0  cortexm.o(.emb_text)
    .text                                    0x00000204   Section       64  startup_msp432p4111_uvision.o(.text)
    $v0                                      0x00000204   Number         0  startup_msp432p4111_uvision.o(.text)
    .text                                    0x00000244   Section        0  heapauxi.o(.text)
    .text                                    0x0000024a   Section       74  sys_stackheap_outer.o(.text)
    .text                                    0x00000294   Section        0  exit.o(.text)
    .text                                    0x000002a8   Section        8  libspace.o(.text)
    .text                                    0x000002b0   Section        0  sys_exit.o(.text)
    .text                                    0x000002bc   Section        2  use_no_semi.o(.text)
    .text                                    0x000002be   Section        0  indicate_semi.o(.text)
    i.ADC0_InitSWTriggerCh6                  0x000002c0   Section        0  adc14.o(i.ADC0_InitSWTriggerCh6)
    i.ADC_In                                 0x00000354   Section        0  adc14.o(i.ADC_In)
    i.CLK_Handler                            0x0000038c   Section        0  controlpins.o(i.CLK_Handler)
    i.CalcPeriodFromFrequency                0x000003f4   Section        0  timer32.o(i.CalcPeriodFromFrequency)
    i.ControlPin_CLK_Init                    0x00000444   Section        0  controlpins.o(i.ControlPin_CLK_Init)
    i.ControlPin_SI_Init                     0x000004b8   Section        0  controlpins.o(i.ControlPin_SI_Init)
    i.DisableSysTickTimer                    0x00000528   Section        0  systicktimer.o(i.DisableSysTickTimer)
    i.EnableSysTickTimer                     0x0000053a   Section        0  systicktimer.o(i.EnableSysTickTimer)
    i.INIT                                   0x0000054c   Section        0  car.o(i.INIT)
    i.INIT_Camera                            0x00000570   Section        0  car.o(i.INIT_Camera)
    i.INIT_Motors                            0x0000058c   Section        0  car.o(i.INIT_Motors)
    i.LED1_Init                              0x0000068c   Section        0  leds.o(i.LED1_Init)
    i.LED1_Off                               0x000006d0   Section        0  leds.o(i.LED1_Off)
    i.LED1_On                                0x000006e4   Section        0  leds.o(i.LED1_On)
    i.LED2_Init                              0x000006f8   Section        0  leds.o(i.LED2_Init)
    i.LED2_Off                               0x00000778   Section        0  leds.o(i.LED2_Off)
    i.LED2_On                                0x000007a0   Section        0  leds.o(i.LED2_On)
    i.SI_Handler                             0x0000085c   Section        0  controlpins.o(i.SI_Handler)
    i.Switch1_Init                           0x000008a8   Section        0  switches.o(i.Switch1_Init)
    i.Switch2_Init                           0x000008f0   Section        0  switches.o(i.Switch2_Init)
    i.SysTickTimer_Init                      0x00000938   Section        0  systicktimer.o(i.SysTickTimer_Init)
    i.SysTick_Handler                        0x000009a0   Section        0  systicktimer.o(i.SysTick_Handler)
    i.SystemInit                             0x000009bc   Section        0  system_msp432p4111.o(i.SystemInit)
    i.T32_INT1_IRQHandler                    0x00000a50   Section        0  timer32.o(i.T32_INT1_IRQHandler)
    i.T32_INT2_IRQHandler                    0x00000a74   Section        0  timer32.o(i.T32_INT2_IRQHandler)
    i.TIMER_A0_PWM_DutyCycle                 0x00000a98   Section        0  timera.o(i.TIMER_A0_PWM_DutyCycle)
    i.TIMER_A0_PWM_Init                      0x00000adc   Section        0  timera.o(i.TIMER_A0_PWM_Init)
    i.TIMER_A2_PWM_DutyCycle                 0x00000c08   Section        0  timera.o(i.TIMER_A2_PWM_DutyCycle)
    i.TIMER_A2_PWM_Init                      0x00000c4c   Section        0  timera.o(i.TIMER_A2_PWM_Init)
    i.Timer32_1_Init                         0x00000cf4   Section        0  timer32.o(i.Timer32_1_Init)
    i.forward                                0x00000d78   Section        0  car.o(i.forward)
    i.main                                   0x00000dc4   Section        0  car.o(i.main)
    i.myDelay                                0x00000f84   Section        0  car.o(i.myDelay)
    i.smoothData                             0x00000fa4   Section        0  car.o(i.smoothData)
    i.stop                                   0x000010fc   Section        0  car.o(i.stop)
    i.uart0_init                             0x0000114c   Section        0  uart.o(i.uart0_init)
    i.uart0_put                              0x000011d4   Section        0  uart.o(i.uart0_put)
    i.uart0_putchar                          0x000011ec   Section        0  uart.o(i.uart0_putchar)
    i.uart2_init                             0x00001210   Section        0  uart.o(i.uart2_init)
    x$fpl$dadd                               0x000012a4   Section      336  daddsub_clz.o(x$fpl$dadd)
    $v0                                      0x000012a4   Number         0  daddsub_clz.o(x$fpl$dadd)
    _dadd1                                   0x000012b5   Thumb Code     0  daddsub_clz.o(x$fpl$dadd)
    x$fpl$dcmpinf                            0x000013f4   Section       24  dcmpi.o(x$fpl$dcmpinf)
    $v0                                      0x000013f4   Number         0  dcmpi.o(x$fpl$dcmpinf)
    x$fpl$ddiv                               0x0000140c   Section      688  ddiv.o(x$fpl$ddiv)
    $v0                                      0x0000140c   Number         0  ddiv.o(x$fpl$ddiv)
    ddiv_entry                               0x00001413   Thumb Code     0  ddiv.o(x$fpl$ddiv)
    x$fpl$dfixu                              0x000016bc   Section       90  dfixu.o(x$fpl$dfixu)
    $v0                                      0x000016bc   Number         0  dfixu.o(x$fpl$dfixu)
    x$fpl$dflt                               0x00001716   Section       46  dflt_clz.o(x$fpl$dflt)
    $v0                                      0x00001716   Number         0  dflt_clz.o(x$fpl$dflt)
    x$fpl$dfltu                              0x00001744   Section       38  dflt_clz.o(x$fpl$dfltu)
    $v0                                      0x00001744   Number         0  dflt_clz.o(x$fpl$dfltu)
    x$fpl$dleqf                              0x0000176c   Section      120  dleqf.o(x$fpl$dleqf)
    $v0                                      0x0000176c   Number         0  dleqf.o(x$fpl$dleqf)
    x$fpl$dmul                               0x000017e4   Section      340  dmul.o(x$fpl$dmul)
    $v0                                      0x000017e4   Number         0  dmul.o(x$fpl$dmul)
    x$fpl$dnaninf                            0x00001938   Section      156  dnaninf.o(x$fpl$dnaninf)
    $v0                                      0x00001938   Number         0  dnaninf.o(x$fpl$dnaninf)
    x$fpl$dretinf                            0x000019d4   Section       12  dretinf.o(x$fpl$dretinf)
    $v0                                      0x000019d4   Number         0  dretinf.o(x$fpl$dretinf)
    x$fpl$drleqf                             0x000019e0   Section      108  drleqf.o(x$fpl$drleqf)
    $v0                                      0x000019e0   Number         0  drleqf.o(x$fpl$drleqf)
    x$fpl$drsb                               0x00001a4c   Section       22  daddsub_clz.o(x$fpl$drsb)
    $v0                                      0x00001a4c   Number         0  daddsub_clz.o(x$fpl$drsb)
    x$fpl$dsub                               0x00001a64   Section      468  daddsub_clz.o(x$fpl$dsub)
    $v0                                      0x00001a64   Number         0  daddsub_clz.o(x$fpl$dsub)
    _dsub1                                   0x00001a75   Thumb Code     0  daddsub_clz.o(x$fpl$dsub)
    x$fpl$fpinit                             0x00001c38   Section       10  fpinit.o(x$fpl$fpinit)
    $v0                                      0x00001c38   Number         0  fpinit.o(x$fpl$fpinit)
    x$fpl$usenofp                            0x00001c42   Section        0  usenofp.o(x$fpl$usenofp)
    .data                                    0x20000000   Section        9  controlpins.o(.data)
    pixelCounter                             0x20000004   Data           4  controlpins.o(.data)
    .data                                    0x2000000c   Section        8  systicktimer.o(.data)
    .data                                    0x20000018   Section       25  timer32.o(.data)
    timer1Period                             0x20000028   Data           4  timer32.o(.data)
    timer2Period                             0x2000002c   Data           4  timer32.o(.data)
    .data                                    0x20000034   Section        4  system_msp432p4111.o(.data)
    .bss                                     0x20000038   Section      368  car.o(.bss)
    str                                      0x20000038   Data         100  car.o(.bss)
    .bss                                     0x200001a8   Section      256  controlpins.o(.bss)
    .bss                                     0x200002a8   Section       40  timera.o(.bss)
    DEFAULT_PERIOD_A0                        0x200002a8   Data          20  timera.o(.bss)
    DEFAULT_PERIOD_A2                        0x200002bc   Data          20  timera.o(.bss)
    .bss                                     0x200002d0   Section       96  libspace.o(.bss)
    HEAP                                     0x20000330   Section      512  startup_msp432p4111_uvision.o(HEAP)
    Heap_Mem                                 0x20000330   Data         512  startup_msp432p4111_uvision.o(HEAP)
    STACK                                    0x20000530   Section      512  startup_msp432p4111_uvision.o(STACK)
    Stack_Mem                                0x20000530   Data         512  startup_msp432p4111_uvision.o(STACK)
    __initial_sp                             0x20000730   Data           0  startup_msp432p4111_uvision.o(STACK)

    Global Symbols

    Symbol Name                              Value     Ov Type        Size  Object(Section)

    BuildAttributes$$THM_ISAv4$E$P$D$K$B$S$7EM$VFPi3$EXTD16$VFPS$VFMA$PE$A:L22UL41UL21$X:L11$S22US41US21$IEEE1$IW$USESV6$~STKCKD$USESV7$~SHL$OSPACE$ROPI$EBA8$UX$STANDARDLIB$REQ8$PRES8$EABIv2 0x00000000   Number         0  anon$$obj.o ABSOLUTE
    __ARM_use_no_argv                        0x00000000   Number         0  car.o ABSOLUTE
    __Vectors                                0x00000000   Data           4  startup_msp432p4111_uvision.o(RESET)
    __ARM_exceptions_init                     - Undefined Weak Reference
    __alloca_initialize                       - Undefined Weak Reference
    __arm_fini_                               - Undefined Weak Reference
    __arm_preinit_                            - Undefined Weak Reference
    __cpp_initialize__aeabi_                  - Undefined Weak Reference
    __cxa_finalize                            - Undefined Weak Reference
    __rt_locale                               - Undefined Weak Reference
    __sigvec_lookup                           - Undefined Weak Reference
    _atexit_init                              - Undefined Weak Reference
    _call_atexit_fns                          - Undefined Weak Reference
    _clock_init                               - Undefined Weak Reference
    _fp_trap_init                             - Undefined Weak Reference
    _fp_trap_shutdown                         - Undefined Weak Reference
    _get_lc_collate                           - Undefined Weak Reference
    _get_lc_ctype                             - Undefined Weak Reference
    _get_lc_monetary                          - Undefined Weak Reference
    _get_lc_numeric                           - Undefined Weak Reference
    _get_lc_time                              - Undefined Weak Reference
    _getenv_init                              - Undefined Weak Reference
    _handle_redirection                       - Undefined Weak Reference
    _init_alloc                               - Undefined Weak Reference
    _init_user_alloc                          - Undefined Weak Reference
    _initio                                   - Undefined Weak Reference
    _rand_init                                - Undefined Weak Reference
    _signal_finish                            - Undefined Weak Reference
    _signal_init                              - Undefined Weak Reference
    _terminate_alloc                          - Undefined Weak Reference
    _terminate_user_alloc                     - Undefined Weak Reference
    _terminateio                              - Undefined Weak Reference
    __Vectors_End                            0x00000144   Data           0  startup_msp432p4111_uvision.o(RESET)
    __Vectors_Size                           0x00000144   Number         0  startup_msp432p4111_uvision.o ABSOLUTE
    __main                                   0x00000145   Thumb Code     8  __main.o(!!!main)
    __scatterload                            0x0000014d   Thumb Code     0  __scatter.o(!!!scatter)
    __scatterload_rt2                        0x0000014d   Thumb Code    44  __scatter.o(!!!scatter)
    __scatterload_rt2_thumb_only             0x0000014d   Thumb Code     0  __scatter.o(!!!scatter)
    __scatterload_null                       0x0000015b   Thumb Code     0  __scatter.o(!!!scatter)
    __scatterload_copy                       0x00000181   Thumb Code    26  __scatter_copy.o(!!handler_copy)
    __scatterload_zeroinit                   0x0000019d   Thumb Code    28  __scatter_zi.o(!!handler_zi)
    __rt_lib_init                            0x000001b9   Thumb Code     0  libinit.o(.ARM.Collect$$libinit$$00000000)
    __rt_lib_init_fp_1                       0x000001bb   Thumb Code     0  libinit2.o(.ARM.Collect$$libinit$$00000001)
    __rt_lib_init_alloca_1                   0x000001bf   Thumb Code     0  libinit2.o(.ARM.Collect$$libinit$$0000002E)
    __rt_lib_init_argv_1                     0x000001bf   Thumb Code     0  libinit2.o(.ARM.Collect$$libinit$$0000002C)
    __rt_lib_init_atexit_1                   0x000001bf   Thumb Code     0  libinit2.o(.ARM.Collect$$libinit$$0000001B)
    __rt_lib_init_clock_1                    0x000001bf   Thumb Code     0  libinit2.o(.ARM.Collect$$libinit$$00000021)
    __rt_lib_init_cpp_1                      0x000001bf   Thumb Code     0  libinit2.o(.ARM.Collect$$libinit$$00000032)
    __rt_lib_init_exceptions_1               0x000001bf   Thumb Code     0  libinit2.o(.ARM.Collect$$libinit$$00000030)
    __rt_lib_init_fp_trap_1                  0x000001bf   Thumb Code     0  libinit2.o(.ARM.Collect$$libinit$$0000001F)
    __rt_lib_init_getenv_1                   0x000001bf   Thumb Code     0  libinit2.o(.ARM.Collect$$libinit$$00000023)
    __rt_lib_init_heap_1                     0x000001bf   Thumb Code     0  libinit2.o(.ARM.Collect$$libinit$$0000000A)
    __rt_lib_init_lc_collate_1               0x000001bf   Thumb Code     0  libinit2.o(.ARM.Collect$$libinit$$00000011)
    __rt_lib_init_lc_ctype_1                 0x000001bf   Thumb Code     0  libinit2.o(.ARM.Collect$$libinit$$00000013)
    __rt_lib_init_lc_monetary_1              0x000001bf   Thumb Code     0  libinit2.o(.ARM.Collect$$libinit$$00000015)
    __rt_lib_init_lc_numeric_1               0x000001bf   Thumb Code     0  libinit2.o(.ARM.Collect$$libinit$$00000017)
    __rt_lib_init_lc_time_1                  0x000001bf   Thumb Code     0  libinit2.o(.ARM.Collect$$libinit$$00000019)
    __rt_lib_init_preinit_1                  0x000001bf   Thumb Code     0  libinit2.o(.ARM.Collect$$libinit$$00000004)
    __rt_lib_init_rand_1                     0x000001bf   Thumb Code     0  libinit2.o(.ARM.Collect$$libinit$$0000000E)
    __rt_lib_init_return                     0x000001bf   Thumb Code     0  libinit2.o(.ARM.Collect$$libinit$$00000033)
    __rt_lib_init_signal_1                   0x000001bf   Thumb Code     0  libinit2.o(.ARM.Collect$$libinit$$0000001D)
    __rt_lib_init_stdio_1                    0x000001bf   Thumb Code     0  libinit2.o(.ARM.Collect$$libinit$$00000025)
    __rt_lib_init_user_alloc_1               0x000001bf   Thumb Code     0  libinit2.o(.ARM.Collect$$libinit$$0000000C)
    __rt_lib_shutdown                        0x000001c1   Thumb Code     0  libshutdown.o(.ARM.Collect$$libshutdown$$00000000)
    __rt_lib_shutdown_cpp_1                  0x000001c3   Thumb Code     0  libshutdown2.o(.ARM.Collect$$libshutdown$$00000004)
    __rt_lib_shutdown_fini_1                 0x000001c3   Thumb Code     0  libshutdown2.o(.ARM.Collect$$libshutdown$$00000002)
    __rt_lib_shutdown_fp_trap_1              0x000001c3   Thumb Code     0  libshutdown2.o(.ARM.Collect$$libshutdown$$00000009)
    __rt_lib_shutdown_heap_1                 0x000001c3   Thumb Code     0  libshutdown2.o(.ARM.Collect$$libshutdown$$00000011)
    __rt_lib_shutdown_return                 0x000001c3   Thumb Code     0  libshutdown2.o(.ARM.Collect$$libshutdown$$00000012)
    __rt_lib_shutdown_signal_1               0x000001c3   Thumb Code     0  libshutdown2.o(.ARM.Collect$$libshutdown$$0000000C)
    __rt_lib_shutdown_stdio_1                0x000001c3   Thumb Code     0  libshutdown2.o(.ARM.Collect$$libshutdown$$00000006)
    __rt_lib_shutdown_user_alloc_1           0x000001c3   Thumb Code     0  libshutdown2.o(.ARM.Collect$$libshutdown$$0000000E)
    __rt_entry                               0x000001c5   Thumb Code     0  __rtentry.o(.ARM.Collect$$rtentry$$00000000)
    __rt_entry_presh_1                       0x000001c5   Thumb Code     0  __rtentry2.o(.ARM.Collect$$rtentry$$00000002)
    __rt_entry_sh                            0x000001c5   Thumb Code     0  __rtentry4.o(.ARM.Collect$$rtentry$$00000004)
    __rt_entry_li                            0x000001cb   Thumb Code     0  __rtentry2.o(.ARM.Collect$$rtentry$$0000000A)
    __rt_entry_postsh_1                      0x000001cb   Thumb Code     0  __rtentry2.o(.ARM.Collect$$rtentry$$00000009)
    __rt_entry_main                          0x000001cf   Thumb Code     0  __rtentry2.o(.ARM.Collect$$rtentry$$0000000D)
    __rt_entry_postli_1                      0x000001cf   Thumb Code     0  __rtentry2.o(.ARM.Collect$$rtentry$$0000000C)
    __rt_exit                                0x000001d7   Thumb Code     0  rtexit.o(.ARM.Collect$$rtexit$$00000000)
    __rt_exit_ls                             0x000001d9   Thumb Code     0  rtexit2.o(.ARM.Collect$$rtexit$$00000003)
    __rt_exit_prels_1                        0x000001d9   Thumb Code     0  rtexit2.o(.ARM.Collect$$rtexit$$00000002)
    __rt_exit_exit                           0x000001dd   Thumb Code     0  rtexit2.o(.ARM.Collect$$rtexit$$00000004)
    DisableInterrupts                        0x000001e5   Thumb Code     4  cortexm.o(.emb_text)
    EnableInterrupts                         0x000001e9   Thumb Code     4  cortexm.o(.emb_text)
    StartCritical                            0x000001ed   Thumb Code     8  cortexm.o(.emb_text)
    EndCritical                              0x000001f5   Thumb Code     6  cortexm.o(.emb_text)
    WaitForInterrupt                         0x000001fb   Thumb Code     4  cortexm.o(.emb_text)
    delay                                    0x000001ff   Thumb Code     6  cortexm.o(.emb_text)
    Reset_Handler                            0x00000205   Thumb Code     8  startup_msp432p4111_uvision.o(.text)
    NMI_Handler                              0x0000020d   Thumb Code     2  startup_msp432p4111_uvision.o(.text)
    HardFault_Handler                        0x0000020f   Thumb Code     2  startup_msp432p4111_uvision.o(.text)
    MemManage_Handler                        0x00000211   Thumb Code     2  startup_msp432p4111_uvision.o(.text)
    BusFault_Handler                         0x00000213   Thumb Code     2  startup_msp432p4111_uvision.o(.text)
    UsageFault_Handler                       0x00000215   Thumb Code     2  startup_msp432p4111_uvision.o(.text)
    SVC_Handler                              0x00000217   Thumb Code     2  startup_msp432p4111_uvision.o(.text)
    DebugMon_Handler                         0x00000219   Thumb Code     2  startup_msp432p4111_uvision.o(.text)
    PendSV_Handler                           0x0000021b   Thumb Code     2  startup_msp432p4111_uvision.o(.text)
    ADC14_IRQHandler                         0x0000021f   Thumb Code     0  startup_msp432p4111_uvision.o(.text)
    AES256_IRQHandler                        0x0000021f   Thumb Code     0  startup_msp432p4111_uvision.o(.text)
    COMP_E0_IRQHandler                       0x0000021f   Thumb Code     0  startup_msp432p4111_uvision.o(.text)
    COMP_E1_IRQHandler                       0x0000021f   Thumb Code     0  startup_msp432p4111_uvision.o(.text)
    CS_IRQHandler                            0x0000021f   Thumb Code     0  startup_msp432p4111_uvision.o(.text)
    DMA_ERR_IRQHandler                       0x0000021f   Thumb Code     0  startup_msp432p4111_uvision.o(.text)
    DMA_INT0_IRQHandler                      0x0000021f   Thumb Code     0  startup_msp432p4111_uvision.o(.text)
    DMA_INT1_IRQHandler                      0x0000021f   Thumb Code     0  startup_msp432p4111_uvision.o(.text)
    DMA_INT2_IRQHandler                      0x0000021f   Thumb Code     0  startup_msp432p4111_uvision.o(.text)
    DMA_INT3_IRQHandler                      0x0000021f   Thumb Code     0  startup_msp432p4111_uvision.o(.text)
    EUSCIA0_IRQHandler                       0x0000021f   Thumb Code     0  startup_msp432p4111_uvision.o(.text)
    EUSCIA1_IRQHandler                       0x0000021f   Thumb Code     0  startup_msp432p4111_uvision.o(.text)
    EUSCIA2_IRQHandler                       0x0000021f   Thumb Code     0  startup_msp432p4111_uvision.o(.text)
    EUSCIA3_IRQHandler                       0x0000021f   Thumb Code     0  startup_msp432p4111_uvision.o(.text)
    EUSCIB0_IRQHandler                       0x0000021f   Thumb Code     0  startup_msp432p4111_uvision.o(.text)
    EUSCIB1_IRQHandler                       0x0000021f   Thumb Code     0  startup_msp432p4111_uvision.o(.text)
    EUSCIB2_IRQHandler                       0x0000021f   Thumb Code     0  startup_msp432p4111_uvision.o(.text)
    EUSCIB3_IRQHandler                       0x0000021f   Thumb Code     0  startup_msp432p4111_uvision.o(.text)
    FLCTL_A_IRQHandler                       0x0000021f   Thumb Code     0  startup_msp432p4111_uvision.o(.text)
    FPU_IRQHandler                           0x0000021f   Thumb Code     0  startup_msp432p4111_uvision.o(.text)
    LCD_F_IRQHandler                         0x0000021f   Thumb Code     0  startup_msp432p4111_uvision.o(.text)
    PCM_IRQHandler                           0x0000021f   Thumb Code     0  startup_msp432p4111_uvision.o(.text)
    PORT1_IRQHandler                         0x0000021f   Thumb Code     0  startup_msp432p4111_uvision.o(.text)
    PORT2_IRQHandler                         0x0000021f   Thumb Code     0  startup_msp432p4111_uvision.o(.text)
    PORT3_IRQHandler                         0x0000021f   Thumb Code     0  startup_msp432p4111_uvision.o(.text)
    PORT4_IRQHandler                         0x0000021f   Thumb Code     0  startup_msp432p4111_uvision.o(.text)
    PORT5_IRQHandler                         0x0000021f   Thumb Code     0  startup_msp432p4111_uvision.o(.text)
    PORT6_IRQHandler                         0x0000021f   Thumb Code     0  startup_msp432p4111_uvision.o(.text)
    PSS_IRQHandler                           0x0000021f   Thumb Code     0  startup_msp432p4111_uvision.o(.text)
    RTC_C_IRQHandler                         0x0000021f   Thumb Code     0  startup_msp432p4111_uvision.o(.text)
    T32_INTC_IRQHandler                      0x0000021f   Thumb Code     0  startup_msp432p4111_uvision.o(.text)
    TA0_0_IRQHandler                         0x0000021f   Thumb Code     0  startup_msp432p4111_uvision.o(.text)
    TA0_N_IRQHandler                         0x0000021f   Thumb Code     0  startup_msp432p4111_uvision.o(.text)
    TA1_0_IRQHandler                         0x0000021f   Thumb Code     0  startup_msp432p4111_uvision.o(.text)
    TA1_N_IRQHandler                         0x0000021f   Thumb Code     0  startup_msp432p4111_uvision.o(.text)
    TA2_0_IRQHandler                         0x0000021f   Thumb Code     0  startup_msp432p4111_uvision.o(.text)
    TA2_N_IRQHandler                         0x0000021f   Thumb Code     0  startup_msp432p4111_uvision.o(.text)
    TA3_0_IRQHandler                         0x0000021f   Thumb Code     0  startup_msp432p4111_uvision.o(.text)
    TA3_N_IRQHandler                         0x0000021f   Thumb Code     0  startup_msp432p4111_uvision.o(.text)
    WDT_A_IRQHandler                         0x0000021f   Thumb Code     0  startup_msp432p4111_uvision.o(.text)
    __user_initial_stackheap                 0x00000221   Thumb Code    10  startup_msp432p4111_uvision.o(.text)
    __use_two_region_memory                  0x00000245   Thumb Code     2  heapauxi.o(.text)
    __rt_heap_escrow$2region                 0x00000247   Thumb Code     2  heapauxi.o(.text)
    __rt_heap_expand$2region                 0x00000249   Thumb Code     2  heapauxi.o(.text)
    __user_setup_stackheap                   0x0000024b   Thumb Code    74  sys_stackheap_outer.o(.text)
    exit                                     0x00000295   Thumb Code    18  exit.o(.text)
    __user_libspace                          0x000002a9   Thumb Code     8  libspace.o(.text)
    __user_perproc_libspace                  0x000002a9   Thumb Code     0  libspace.o(.text)
    __user_perthread_libspace                0x000002a9   Thumb Code     0  libspace.o(.text)
    _sys_exit                                0x000002b1   Thumb Code     8  sys_exit.o(.text)
    __I$use$semihosting                      0x000002bd   Thumb Code     0  use_no_semi.o(.text)
    __use_no_semihosting_swi                 0x000002bd   Thumb Code     2  use_no_semi.o(.text)
    __semihosting_library_function           0x000002bf   Thumb Code     0  indicate_semi.o(.text)
    ADC0_InitSWTriggerCh6                    0x000002c1   Thumb Code   126  adc14.o(i.ADC0_InitSWTriggerCh6)
    ADC_In                                   0x00000355   Thumb Code    48  adc14.o(i.ADC_In)
    CLK_Handler                              0x0000038d   Thumb Code    88  controlpins.o(i.CLK_Handler)
    CalcPeriodFromFrequency                  0x000003f5   Thumb Code    66  timer32.o(i.CalcPeriodFromFrequency)
    ControlPin_CLK_Init                      0x00000445   Thumb Code    98  controlpins.o(i.ControlPin_CLK_Init)
    ControlPin_SI_Init                       0x000004b9   Thumb Code    96  controlpins.o(i.ControlPin_SI_Init)
    DisableSysTickTimer                      0x00000529   Thumb Code    18  systicktimer.o(i.DisableSysTickTimer)
    EnableSysTickTimer                       0x0000053b   Thumb Code    18  systicktimer.o(i.EnableSysTickTimer)
    INIT                                     0x0000054d   Thumb Code    36  car.o(i.INIT)
    INIT_Camera                              0x00000571   Thumb Code    22  car.o(i.INIT_Camera)
    INIT_Motors                              0x0000058d   Thumb Code   232  car.o(i.INIT_Motors)
    LED1_Init                                0x0000068d   Thumb Code    62  leds.o(i.LED1_Init)
    LED1_Off                                 0x000006d1   Thumb Code    14  leds.o(i.LED1_Off)
    LED1_On                                  0x000006e5   Thumb Code    14  leds.o(i.LED1_On)
    LED2_Init                                0x000006f9   Thumb Code   122  leds.o(i.LED2_Init)
    LED2_Off                                 0x00000779   Thumb Code    34  leds.o(i.LED2_Off)
    LED2_On                                  0x000007a1   Thumb Code   184  leds.o(i.LED2_On)
    SI_Handler                               0x0000085d   Thumb Code    72  controlpins.o(i.SI_Handler)
    Switch1_Init                             0x000008a9   Thumb Code    66  switches.o(i.Switch1_Init)
    Switch2_Init                             0x000008f1   Thumb Code    66  switches.o(i.Switch2_Init)
    SysTickTimer_Init                        0x00000939   Thumb Code    94  systicktimer.o(i.SysTickTimer_Init)
    SysTick_Handler                          0x000009a1   Thumb Code    20  systicktimer.o(i.SysTick_Handler)
    SystemInit                               0x000009bd   Thumb Code   122  system_msp432p4111.o(i.SystemInit)
    T32_INT1_IRQHandler                      0x00000a51   Thumb Code    22  timer32.o(i.T32_INT1_IRQHandler)
    T32_INT2_IRQHandler                      0x00000a75   Thumb Code    22  timer32.o(i.T32_INT2_IRQHandler)
    TIMER_A0_PWM_DutyCycle                   0x00000a99   Thumb Code    60  timera.o(i.TIMER_A0_PWM_DutyCycle)
    TIMER_A0_PWM_Init                        0x00000add   Thumb Code   286  timera.o(i.TIMER_A0_PWM_Init)
    TIMER_A2_PWM_DutyCycle                   0x00000c09   Thumb Code    60  timera.o(i.TIMER_A2_PWM_DutyCycle)
    TIMER_A2_PWM_Init                        0x00000c4d   Thumb Code   154  timera.o(i.TIMER_A2_PWM_Init)
    Timer32_1_Init                           0x00000cf5   Thumb Code   106  timer32.o(i.Timer32_1_Init)
    forward                                  0x00000d79   Thumb Code    68  car.o(i.forward)
    main                                     0x00000dc5   Thumb Code   380  car.o(i.main)
    myDelay                                  0x00000f85   Thumb Code    30  car.o(i.myDelay)
    smoothData                               0x00000fa5   Thumb Code   328  car.o(i.smoothData)
    stop                                     0x000010fd   Thumb Code    66  car.o(i.stop)
    uart0_init                               0x0000114d   Thumb Code   124  uart.o(i.uart0_init)
    uart0_put                                0x000011d5   Thumb Code    22  uart.o(i.uart0_put)
    uart0_putchar                            0x000011ed   Thumb Code    30  uart.o(i.uart0_putchar)
    uart2_init                               0x00001211   Thumb Code   134  uart.o(i.uart2_init)
    __aeabi_dadd                             0x000012a5   Thumb Code     0  daddsub_clz.o(x$fpl$dadd)
    _dadd                                    0x000012a5   Thumb Code   332  daddsub_clz.o(x$fpl$dadd)
    __fpl_dcmp_Inf                           0x000013f5   Thumb Code    24  dcmpi.o(x$fpl$dcmpinf)
    __aeabi_ddiv                             0x0000140d   Thumb Code     0  ddiv.o(x$fpl$ddiv)
    _ddiv                                    0x0000140d   Thumb Code   552  ddiv.o(x$fpl$ddiv)
    __aeabi_d2uiz                            0x000016bd   Thumb Code     0  dfixu.o(x$fpl$dfixu)
    _dfixu                                   0x000016bd   Thumb Code    90  dfixu.o(x$fpl$dfixu)
    __aeabi_i2d                              0x00001717   Thumb Code     0  dflt_clz.o(x$fpl$dflt)
    _dflt                                    0x00001717   Thumb Code    46  dflt_clz.o(x$fpl$dflt)
    __aeabi_ui2d                             0x00001745   Thumb Code     0  dflt_clz.o(x$fpl$dfltu)
    _dfltu                                   0x00001745   Thumb Code    38  dflt_clz.o(x$fpl$dfltu)
    __aeabi_cdcmple                          0x0000176d   Thumb Code     0  dleqf.o(x$fpl$dleqf)
    _dcmple                                  0x0000176d   Thumb Code   120  dleqf.o(x$fpl$dleqf)
    __fpl_dcmple_InfNaN                      0x000017cf   Thumb Code     0  dleqf.o(x$fpl$dleqf)
    __aeabi_dmul                             0x000017e5   Thumb Code     0  dmul.o(x$fpl$dmul)
    _dmul                                    0x000017e5   Thumb Code   332  dmul.o(x$fpl$dmul)
    __fpl_dnaninf                            0x00001939   Thumb Code   156  dnaninf.o(x$fpl$dnaninf)
    __fpl_dretinf                            0x000019d5   Thumb Code    12  dretinf.o(x$fpl$dretinf)
    __aeabi_cdrcmple                         0x000019e1   Thumb Code     0  drleqf.o(x$fpl$drleqf)
    _drcmple                                 0x000019e1   Thumb Code   108  drleqf.o(x$fpl$drleqf)
    __aeabi_drsub                            0x00001a4d   Thumb Code     0  daddsub_clz.o(x$fpl$drsb)
    _drsb                                    0x00001a4d   Thumb Code    22  daddsub_clz.o(x$fpl$drsb)
    __aeabi_dsub                             0x00001a65   Thumb Code     0  daddsub_clz.o(x$fpl$dsub)
    _dsub                                    0x00001a65   Thumb Code   464  daddsub_clz.o(x$fpl$dsub)
    _fp_init                                 0x00001c39   Thumb Code    10  fpinit.o(x$fpl$fpinit)
    __fplib_config_fpu_vfp                   0x00001c41   Thumb Code     0  fpinit.o(x$fpl$fpinit)
    __fplib_config_pureend_doubles           0x00001c41   Thumb Code     0  fpinit.o(x$fpl$fpinit)
    __I$use$fp                               0x00001c42   Number         0  usenofp.o(x$fpl$usenofp)
    Region$$Table$$Base                      0x00001c44   Number         0  anon$$obj.o(Region$$Table)
    Region$$Table$$Limit                     0x00001c64   Number         0  anon$$obj.o(Region$$Table)
    tempCounter                              0x20000000   Data           4  controlpins.o(.data)
    g_sendData                               0x20000008   Data           1  controlpins.o(.data)
    SysTickPeriodicTask                      0x2000000c   Data           4  systicktimer.o(.data)
    g_SysTickTimerCounter                    0x20000010   Data           4  systicktimer.o(.data)
    systemTimer                              0x20000018   Data           8  timer32.o(.data)
    Timer32_1_PeriodicTask                   0x20000020   Data           4  timer32.o(.data)
    Timer32_2_PeriodicTask                   0x20000024   Data           4  timer32.o(.data)
    timeOut                                  0x20000030   Data           1  timer32.o(.data)
    SystemCoreClock                          0x20000034   Data           4  system_msp432p4111.o(.data)
    smooth                                   0x2000009c   Data         256  car.o(.bss)
    map                                      0x2000019c   Data          12  car.o(.bss)
    line                                     0x200001a8   Data         256  controlpins.o(.bss)
    __libspace_start                         0x200002d0   Data          96  libspace.o(.bss)
    __temporary_stack_top$libspace           0x20000330   Data           0  libspace.o(.bss)



==============================================================================

Memory Map of the image

  Image Entry point : 0x00000145

  Load Region LR_IROM1 (Base: 0x00000000, Size: 0x00001c9c, Max: 0x00200000, ABSOLUTE)

    Execution Region ER_IROM1 (Exec base: 0x00000000, Load base: 0x00000000, Size: 0x00001c64, Max: 0x00200000, ABSOLUTE)

    Exec Addr    Load Addr    Size         Type   Attr      Idx    E Section Name        Object

    0x00000000   0x00000000   0x00000144   Data   RO          584    RESET               startup_msp432p4111_uvision.o
    0x00000144   0x00000144   0x00000008   Code   RO          629  * !!!main             c_w.l(__main.o)
    0x0000014c   0x0000014c   0x00000034   Code   RO          821    !!!scatter          c_w.l(__scatter.o)
    0x00000180   0x00000180   0x0000001a   Code   RO          823    !!handler_copy      c_w.l(__scatter_copy.o)
    0x0000019a   0x0000019a   0x00000002   PAD
    0x0000019c   0x0000019c   0x0000001c   Code   RO          825    !!handler_zi        c_w.l(__scatter_zi.o)
    0x000001b8   0x000001b8   0x00000002   Code   RO          689    .ARM.Collect$$libinit$$00000000  c_w.l(libinit.o)
    0x000001ba   0x000001ba   0x00000004   Code   RO          695    .ARM.Collect$$libinit$$00000001  c_w.l(libinit2.o)
    0x000001be   0x000001be   0x00000000   Code   RO          698    .ARM.Collect$$libinit$$00000004  c_w.l(libinit2.o)
    0x000001be   0x000001be   0x00000000   Code   RO          701    .ARM.Collect$$libinit$$0000000A  c_w.l(libinit2.o)
    0x000001be   0x000001be   0x00000000   Code   RO          703    .ARM.Collect$$libinit$$0000000C  c_w.l(libinit2.o)
    0x000001be   0x000001be   0x00000000   Code   RO          705    .ARM.Collect$$libinit$$0000000E  c_w.l(libinit2.o)
    0x000001be   0x000001be   0x00000000   Code   RO          708    .ARM.Collect$$libinit$$00000011  c_w.l(libinit2.o)
    0x000001be   0x000001be   0x00000000   Code   RO          710    .ARM.Collect$$libinit$$00000013  c_w.l(libinit2.o)
    0x000001be   0x000001be   0x00000000   Code   RO          712    .ARM.Collect$$libinit$$00000015  c_w.l(libinit2.o)
    0x000001be   0x000001be   0x00000000   Code   RO          714    .ARM.Collect$$libinit$$00000017  c_w.l(libinit2.o)
    0x000001be   0x000001be   0x00000000   Code   RO          716    .ARM.Collect$$libinit$$00000019  c_w.l(libinit2.o)
    0x000001be   0x000001be   0x00000000   Code   RO          718    .ARM.Collect$$libinit$$0000001B  c_w.l(libinit2.o)
    0x000001be   0x000001be   0x00000000   Code   RO          720    .ARM.Collect$$libinit$$0000001D  c_w.l(libinit2.o)
    0x000001be   0x000001be   0x00000000   Code   RO          722    .ARM.Collect$$libinit$$0000001F  c_w.l(libinit2.o)
    0x000001be   0x000001be   0x00000000   Code   RO          724    .ARM.Collect$$libinit$$00000021  c_w.l(libinit2.o)
    0x000001be   0x000001be   0x00000000   Code   RO          726    .ARM.Collect$$libinit$$00000023  c_w.l(libinit2.o)
    0x000001be   0x000001be   0x00000000   Code   RO          728    .ARM.Collect$$libinit$$00000025  c_w.l(libinit2.o)
    0x000001be   0x000001be   0x00000000   Code   RO          732    .ARM.Collect$$libinit$$0000002C  c_w.l(libinit2.o)
    0x000001be   0x000001be   0x00000000   Code   RO          734    .ARM.Collect$$libinit$$0000002E  c_w.l(libinit2.o)
    0x000001be   0x000001be   0x00000000   Code   RO          736    .ARM.Collect$$libinit$$00000030  c_w.l(libinit2.o)
    0x000001be   0x000001be   0x00000000   Code   RO          738    .ARM.Collect$$libinit$$00000032  c_w.l(libinit2.o)
    0x000001be   0x000001be   0x00000002   Code   RO          739    .ARM.Collect$$libinit$$00000033  c_w.l(libinit2.o)
    0x000001c0   0x000001c0   0x00000002   Code   RO          759    .ARM.Collect$$libshutdown$$00000000  c_w.l(libshutdown.o)
    0x000001c2   0x000001c2   0x00000000   Code   RO          772    .ARM.Collect$$libshutdown$$00000002  c_w.l(libshutdown2.o)
    0x000001c2   0x000001c2   0x00000000   Code   RO          774    .ARM.Collect$$libshutdown$$00000004  c_w.l(libshutdown2.o)
    0x000001c2   0x000001c2   0x00000000   Code   RO          776    .ARM.Collect$$libshutdown$$00000006  c_w.l(libshutdown2.o)
    0x000001c2   0x000001c2   0x00000000   Code   RO          779    .ARM.Collect$$libshutdown$$00000009  c_w.l(libshutdown2.o)
    0x000001c2   0x000001c2   0x00000000   Code   RO          782    .ARM.Collect$$libshutdown$$0000000C  c_w.l(libshutdown2.o)
    0x000001c2   0x000001c2   0x00000000   Code   RO          784    .ARM.Collect$$libshutdown$$0000000E  c_w.l(libshutdown2.o)
    0x000001c2   0x000001c2   0x00000000   Code   RO          787    .ARM.Collect$$libshutdown$$00000011  c_w.l(libshutdown2.o)
    0x000001c2   0x000001c2   0x00000002   Code   RO          788    .ARM.Collect$$libshutdown$$00000012  c_w.l(libshutdown2.o)
    0x000001c4   0x000001c4   0x00000000   Code   RO          657    .ARM.Collect$$rtentry$$00000000  c_w.l(__rtentry.o)
    0x000001c4   0x000001c4   0x00000000   Code   RO          666    .ARM.Collect$$rtentry$$00000002  c_w.l(__rtentry2.o)
    0x000001c4   0x000001c4   0x00000006   Code   RO          678    .ARM.Collect$$rtentry$$00000004  c_w.l(__rtentry4.o)
    0x000001ca   0x000001ca   0x00000000   Code   RO          668    .ARM.Collect$$rtentry$$00000009  c_w.l(__rtentry2.o)
    0x000001ca   0x000001ca   0x00000004   Code   RO          669    .ARM.Collect$$rtentry$$0000000A  c_w.l(__rtentry2.o)
    0x000001ce   0x000001ce   0x00000000   Code   RO          671    .ARM.Collect$$rtentry$$0000000C  c_w.l(__rtentry2.o)
    0x000001ce   0x000001ce   0x00000008   Code   RO          672    .ARM.Collect$$rtentry$$0000000D  c_w.l(__rtentry2.o)
    0x000001d6   0x000001d6   0x00000002   Code   RO          693    .ARM.Collect$$rtexit$$00000000  c_w.l(rtexit.o)
    0x000001d8   0x000001d8   0x00000000   Code   RO          741    .ARM.Collect$$rtexit$$00000002  c_w.l(rtexit2.o)
    0x000001d8   0x000001d8   0x00000004   Code   RO          742    .ARM.Collect$$rtexit$$00000003  c_w.l(rtexit2.o)
    0x000001dc   0x000001dc   0x00000006   Code   RO          743    .ARM.Collect$$rtexit$$00000004  c_w.l(rtexit2.o)
    0x000001e2   0x000001e2   0x00000002   PAD
    0x000001e4   0x000001e4   0x00000020   Code   RO          219    .emb_text           cortexm.o
    0x00000204   0x00000204   0x00000040   Code   RO          585    .text               startup_msp432p4111_uvision.o
    0x00000244   0x00000244   0x00000006   Code   RO          627    .text               c_w.l(heapauxi.o)
    0x0000024a   0x0000024a   0x0000004a   Code   RO          680    .text               c_w.l(sys_stackheap_outer.o)
    0x00000294   0x00000294   0x00000012   Code   RO          682    .text               c_w.l(exit.o)
    0x000002a6   0x000002a6   0x00000002   PAD
    0x000002a8   0x000002a8   0x00000008   Code   RO          690    .text               c_w.l(libspace.o)
    0x000002b0   0x000002b0   0x0000000c   Code   RO          751    .text               c_w.l(sys_exit.o)
    0x000002bc   0x000002bc   0x00000002   Code   RO          762    .text               c_w.l(use_no_semi.o)
    0x000002be   0x000002be   0x00000000   Code   RO          764    .text               c_w.l(indicate_semi.o)
    0x000002be   0x000002be   0x00000002   PAD
    0x000002c0   0x000002c0   0x00000094   Code   RO          143    i.ADC0_InitSWTriggerCh6  adc14.o
    0x00000354   0x00000354   0x00000038   Code   RO          144    i.ADC_In            adc14.o
    0x0000038c   0x0000038c   0x00000068   Code   RO          173    i.CLK_Handler       controlpins.o
    0x000003f4   0x000003f4   0x00000050   Code   RO          397    i.CalcPeriodFromFrequency  timer32.o
    0x00000444   0x00000444   0x00000074   Code   RO          174    i.ControlPin_CLK_Init  controlpins.o
    0x000004b8   0x000004b8   0x00000070   Code   RO          175    i.ControlPin_SI_Init  controlpins.o
    0x00000528   0x00000528   0x00000012   Code   RO          352    i.DisableSysTickTimer  systicktimer.o
    0x0000053a   0x0000053a   0x00000012   Code   RO          353    i.EnableSysTickTimer  systicktimer.o
    0x0000054c   0x0000054c   0x00000024   Code   RO            4    i.INIT              car.o
    0x00000570   0x00000570   0x0000001c   Code   RO            5    i.INIT_Camera       car.o
    0x0000058c   0x0000058c   0x00000100   Code   RO            6    i.INIT_Motors       car.o
    0x0000068c   0x0000068c   0x00000044   Code   RO          238    i.LED1_Init         leds.o
    0x000006d0   0x000006d0   0x00000014   Code   RO          239    i.LED1_Off          leds.o
    0x000006e4   0x000006e4   0x00000014   Code   RO          240    i.LED1_On           leds.o
    0x000006f8   0x000006f8   0x00000080   Code   RO          242    i.LED2_Init         leds.o
    0x00000778   0x00000778   0x00000028   Code   RO          243    i.LED2_Off          leds.o
    0x000007a0   0x000007a0   0x000000bc   Code   RO          244    i.LED2_On           leds.o
    0x0000085c   0x0000085c   0x0000004c   Code   RO          176    i.SI_Handler        controlpins.o
    0x000008a8   0x000008a8   0x00000048   Code   RO          304    i.Switch1_Init      switches.o
    0x000008f0   0x000008f0   0x00000048   Code   RO          306    i.Switch2_Init      switches.o
    0x00000938   0x00000938   0x00000068   Code   RO          354    i.SysTickTimer_Init  systicktimer.o
    0x000009a0   0x000009a0   0x0000001c   Code   RO          355    i.SysTick_Handler   systicktimer.o
    0x000009bc   0x000009bc   0x00000094   Code   RO          593    i.SystemInit        system_msp432p4111.o
    0x00000a50   0x00000a50   0x00000024   Code   RO          399    i.T32_INT1_IRQHandler  timer32.o
    0x00000a74   0x00000a74   0x00000024   Code   RO          400    i.T32_INT2_IRQHandler  timer32.o
    0x00000a98   0x00000a98   0x00000044   Code   RO          454    i.TIMER_A0_PWM_DutyCycle  timera.o
    0x00000adc   0x00000adc   0x0000012c   Code   RO          455    i.TIMER_A0_PWM_Init  timera.o
    0x00000c08   0x00000c08   0x00000044   Code   RO          456    i.TIMER_A2_PWM_DutyCycle  timera.o
    0x00000c4c   0x00000c4c   0x000000a8   Code   RO          457    i.TIMER_A2_PWM_Init  timera.o
    0x00000cf4   0x00000cf4   0x00000084   Code   RO          401    i.Timer32_1_Init    timer32.o
    0x00000d78   0x00000d78   0x0000004c   Code   RO            8    i.forward           car.o
    0x00000dc4   0x00000dc4   0x000001c0   Code   RO            9    i.main              car.o
    0x00000f84   0x00000f84   0x0000001e   Code   RO           10    i.myDelay           car.o
    0x00000fa2   0x00000fa2   0x00000002   PAD
    0x00000fa4   0x00000fa4   0x00000158   Code   RO           11    i.smoothData        car.o
    0x000010fc   0x000010fc   0x00000050   Code   RO           12    i.stop              car.o
    0x0000114c   0x0000114c   0x00000088   Code   RO          503    i.uart0_init        uart.o
    0x000011d4   0x000011d4   0x00000016   Code   RO          504    i.uart0_put         uart.o
    0x000011ea   0x000011ea   0x00000002   PAD
    0x000011ec   0x000011ec   0x00000024   Code   RO          505    i.uart0_putchar     uart.o
    0x00001210   0x00001210   0x00000094   Code   RO          508    i.uart2_init        uart.o
    0x000012a4   0x000012a4   0x00000150   Code   RO          631    x$fpl$dadd          fz_wm.l(daddsub_clz.o)
    0x000013f4   0x000013f4   0x00000018   Code   RO          658    x$fpl$dcmpinf       fz_wm.l(dcmpi.o)
    0x0000140c   0x0000140c   0x000002b0   Code   RO          638    x$fpl$ddiv          fz_wm.l(ddiv.o)
    0x000016bc   0x000016bc   0x0000005a   Code   RO          641    x$fpl$dfixu         fz_wm.l(dfixu.o)
    0x00001716   0x00001716   0x0000002e   Code   RO          646    x$fpl$dflt          fz_wm.l(dflt_clz.o)
    0x00001744   0x00001744   0x00000026   Code   RO          645    x$fpl$dfltu         fz_wm.l(dflt_clz.o)
    0x0000176a   0x0000176a   0x00000002   PAD
    0x0000176c   0x0000176c   0x00000078   Code   RO          651    x$fpl$dleqf         fz_wm.l(dleqf.o)
    0x000017e4   0x000017e4   0x00000154   Code   RO          653    x$fpl$dmul          fz_wm.l(dmul.o)
    0x00001938   0x00001938   0x0000009c   Code   RO          660    x$fpl$dnaninf       fz_wm.l(dnaninf.o)
    0x000019d4   0x000019d4   0x0000000c   Code   RO          662    x$fpl$dretinf       fz_wm.l(dretinf.o)
    0x000019e0   0x000019e0   0x0000006c   Code   RO          655    x$fpl$drleqf        fz_wm.l(drleqf.o)
    0x00001a4c   0x00001a4c   0x00000016   Code   RO          632    x$fpl$drsb          fz_wm.l(daddsub_clz.o)
    0x00001a62   0x00001a62   0x00000002   PAD
    0x00001a64   0x00001a64   0x000001d4   Code   RO          633    x$fpl$dsub          fz_wm.l(daddsub_clz.o)
    0x00001c38   0x00001c38   0x0000000a   Code   RO          749    x$fpl$fpinit        fz_wm.l(fpinit.o)
    0x00001c42   0x00001c42   0x00000000   Code   RO          664    x$fpl$usenofp       fz_wm.l(usenofp.o)
    0x00001c42   0x00001c42   0x00000002   PAD
    0x00001c44   0x00001c44   0x00000020   Data   RO          819    Region$$Table       anon$$obj.o


    Execution Region RW_IRAM1 (Exec base: 0x20000000, Load base: 0x00001c64, Size: 0x00000730, Max: 0x00040000, ABSOLUTE)

    Exec Addr    Load Addr    Size         Type   Attr      Idx    E Section Name        Object

    0x20000000   0x00001c64   0x00000009   Data   RW          178    .data               controlpins.o
    0x20000009   0x00001c6d   0x00000003   PAD
    0x2000000c   0x00001c70   0x00000008   Data   RW          356    .data               systicktimer.o
    0x20000014   0x00001c78   0x00000004   PAD
    0x20000018   0x00001c7c   0x00000019   Data   RW          403    .data               timer32.o
    0x20000031   0x00001c95   0x00000003   PAD
    0x20000034   0x00001c98   0x00000004   Data   RW          594    .data               system_msp432p4111.o
    0x20000038        -       0x00000170   Zero   RW           13    .bss                car.o
    0x200001a8        -       0x00000100   Zero   RW          177    .bss                controlpins.o
    0x200002a8        -       0x00000028   Zero   RW          458    .bss                timera.o
    0x200002d0        -       0x00000060   Zero   RW          691    .bss                c_w.l(libspace.o)
    0x20000330        -       0x00000200   Zero   RW          583    HEAP                startup_msp432p4111_uvision.o
    0x20000530        -       0x00000200   Zero   RW          582    STACK               startup_msp432p4111_uvision.o



  Load Region LR_IROM2 (Base: 0x00200000, Size: 0x00000000, Max: 0x00008000, ABSOLUTE)

    Execution Region ER_IROM2 (Exec base: 0x00200000, Load base: 0x00200000, Size: 0x00000000, Max: 0x00008000, ABSOLUTE)

    **** No section assigned to this execution region ****


==============================================================================

Image component sizes


      Code (inc. data)   RO Data    RW Data    ZI Data      Debug   Object Name

       204         30          0          0          0        965   adc14.o
      1298        136          0          0        368      11965   car.o
       408         54          0          9        256       4232   controlpins.o
        32          0          0          0          0        552   cortexm.o
       464         42          0          0          0       2614   leds.o
        64         26        324          0       1024        908   startup_msp432p4111_uvision.o
       144         12          0          0          0        878   switches.o
       148         26          0          4          0        767   system_msp432p4111.o
       168         18          0          8          0       2609   systicktimer.o
       284         68          0         25          0       3015   timer32.o
       604         44          0          0         40       3630   timera.o
       342         32          0          0          0       1854   uart.o

    ----------------------------------------------------------------------
      4164        488        356         56       1688      33989   Object Totals
         0          0         32          0          0          0   (incl. Generated)
         4          0          0         10          0          0   (incl. Padding)

    ----------------------------------------------------------------------

      Code (inc. data)   RO Data    RW Data    ZI Data      Debug   Library Member Name

         8          0          0          0          0         68   __main.o
         0          0          0          0          0          0   __rtentry.o
        12          0          0          0          0          0   __rtentry2.o
         6          0          0          0          0          0   __rtentry4.o
        52          8          0          0          0          0   __scatter.o
        26          0          0          0          0          0   __scatter_copy.o
        28          0          0          0          0          0   __scatter_zi.o
        18          0          0          0          0         80   exit.o
         6          0          0          0          0        152   heapauxi.o
         0          0          0          0          0          0   indicate_semi.o
         2          0          0          0          0          0   libinit.o
         6          0          0          0          0          0   libinit2.o
         2          0          0          0          0          0   libshutdown.o
         2          0          0          0          0          0   libshutdown2.o
         8          4          0          0         96         68   libspace.o
         2          0          0          0          0          0   rtexit.o
        10          0          0          0          0          0   rtexit2.o
        12          4          0          0          0         68   sys_exit.o
        74          0          0          0          0         80   sys_stackheap_outer.o
         2          0          0          0          0         68   use_no_semi.o
       826         16          0          0          0        492   daddsub_clz.o
        24          0          0          0          0        116   dcmpi.o
       688        140          0          0          0        256   ddiv.o
        90          4          0          0          0        140   dfixu.o
        84          0          0          0          0        232   dflt_clz.o
       120          4          0          0          0        140   dleqf.o
       340         12          0          0          0        152   dmul.o
       156          4          0          0          0        140   dnaninf.o
        12          0          0          0          0        116   dretinf.o
       108          0          0          0          0        128   drleqf.o
        10          0          0          0          0        116   fpinit.o
         0          0          0          0          0          0   usenofp.o

    ----------------------------------------------------------------------
      2748        196          0          0         96       2612   Library Totals
        14          0          0          0          0          0   (incl. Padding)

    ----------------------------------------------------------------------

      Code (inc. data)   RO Data    RW Data    ZI Data      Debug   Library Name

       276         16          0          0         96        584   c_w.l
      2458        180          0          0          0       2028   fz_wm.l

    ----------------------------------------------------------------------
      2748        196          0          0         96       2612   Library Totals

    ----------------------------------------------------------------------

==============================================================================


      Code (inc. data)   RO Data    RW Data    ZI Data      Debug   

      6912        684        356         56       1784      31545   Grand Totals
      6912        684        356         56       1784      31545   ELF Image Totals
      6912        684        356         56          0          0   ROM Totals

==============================================================================

    Total RO  Size (Code + RO Data)                 7268 (   7.10kB)
    Total RW  Size (RW Data + ZI Data)              1840 (   1.80kB)
    Total ROM Size (Code + RO Data + RW Data)       7324 (   7.15kB)

==============================================================================

