<html>
<body>
<pre>
<h1>µVision Build Log</h1>
<h2>Tool Versions:</h2>
IDE-Version: µVision V5.24.2.0
Copyright (C) 2017 ARM Ltd and ARM Germany GmbH. All rights reserved.
License Information: Evon Le, RIT, LIC=----
 
Tool Versions:
Toolchain:       MDK-Lite  Version: 5.24.1
Toolchain Path:  C:\Keil_v5\ARM\ARMCC\Bin
C Compiler:      Armcc.exe V5.06 update 7 (build 960)
Assembler:       Armasm.exe V5.06 update 7 (build 960)
Linker/Locator:  ArmLink.exe V5.06 update 7 (build 960)
Library Manager: ArmAr.exe V5.06 update 7 (build 960)
Hex Converter:   FromElf.exe V5.06 update 7 (build 960)
CPU DLL:         SARMCM3.DLL V5.24.1
Dialog DLL:      DCM.DLL V1.16.0.0
Target DLL:      CMSIS_AGDI.dll V1.28.3.0
Dialog DLL:      TCM.DLL V1.32.0.0
 
<h2>Project:</h2>
C:\Users\ele06\Documents\Car2\Car2.uvprojx
Project File Date:  03/26/2022

<h2>Output:</h2>
*** Using Compiler 'V5.06 update 7 (build 960)', folder: 'C:\Keil_v5\ARM\ARMCC\Bin'
Build target 'Target 1'
compiling Car.c...
Car.c(22): warning:  #177-D: variable "str"  was declared but never referenced
  static char str[100];
Car.c: 1 warning, 0 errors
linking...
Program Size: Code=6912 RO-data=356 RW-data=56 ZI-data=1784  
".\Objects\Car2.axf" - 0 Error(s), 1 Warning(s).

<h2>Software Packages used:</h2>

Package Vendor: ARM
                http://www.keil.com/pack/ARM.CMSIS.5.0.1.pack
                ARM.CMSIS.5.0.1
                CMSIS (Cortex Microcontroller Software Interface Standard)
   * Component: CORE Version: 5.0.1

Package Vendor: TexasInstruments
                http://software-dl.ti.com/msp430/msp430_public_sw/mcu/msp430/msp432cmsis/latest/exports/TexasInstruments.MSP432P4xx_DFP.3.2.6.pack
                TexasInstruments.MSP432P4xx_DFP.3.2.6
                Device Family Pack for Texas Instruments SimpleLink(TM) MSP432 Series
   * Component: Startup Version: 3.2.2

<h2>Collection of Component include folders:</h2>
  .\RTE\_Target_1
  C:\Keil_v5\ARM\PACK\ARM\CMSIS\5.0.1\CMSIS\Include
  C:\Keil_v5\ARM\PACK\TexasInstruments\MSP432P4xx_DFP\3.2.6\Device\Include

<h2>Collection of Component Files used:</h2>

   * Component: TexasInstruments::Device:Startup:3.2.2
      Include file:  Device\Include\msp_compatibility.h
      Source file:   Device\Source\startup_msp432p4111_uvision.s
      Source file:   Examples\BlinkLED\blinkLED.c
      Source file:   Examples\EmptyMain\main.c
      Source file:   Device\Source\system_msp432p4111.c

   * Component: ARM::CMSIS:CORE:5.0.1
Build Time Elapsed:  00:00:01
</pre>
</body>
</html>
